Microchip MPLAB XC8 Compiler V2.05 ()

Linker command line:

-W-3 --edf=C:\Program Files (x86)\Microchip\xc8\v2.05\pic\dat\en_msgs.txt \
  -cs -h+dist/default/debug\DMX3.X.debug.sym \
  --cmf=dist/default/debug\DMX3.X.debug.cmf -z -Q16F18446 \
  -oC:\Users\apatc\AppData\Local\Temp\s6vs.2 --defsym=__MPLAB_BUILD=1 \
  -Mdist/default/debug/DMX3.X.debug.map -E1 -ver=XC8 --acfsm=1493 \
  -ASTACK=0206Eh-025EEh -pstack=STACK -ACODE=00h-07FFhx8 \
  -ASTRCODE=00h-03FFFh -ASTRING=00h-0FFhx64 -ACONST=00h-0FFhx64 \
  -AENTRY=00h-0FFhx64 -ACOMMON=070h-07Fh -ABANK0=020h-06Fh \
  -ABANK1=0A0h-0EFh -ABANK2=0120h-016Fh -ABANK3=01A0h-01EFh \
  -ABANK4=0220h-026Fh -ABANK5=02A0h-02EFh -ABANK6=0320h-036Fh \
  -ABANK7=03A0h-03EFh -ABANK8=0420h-046Fh -ABANK9=04A0h-04EFh \
  -ABANK10=0520h-056Fh -ABANK11=05A0h-05EFh -ABANK12=0620h-066Fh \
  -ABANK13=06A0h-06EFh -ABANK14=0720h-076Fh -ABANK15=07A0h-07EFh \
  -ABANK16=0820h-086Fh -ABANK17=08A0h-08EFh -ABANK18=0920h-096Fh \
  -ABANK19=09A0h-09EFh -ABANK20=0A20h-0A6Fh -ABANK21=0AA0h-0AEFh \
  -ABANK22=0B20h-0B6Fh -ABANK23=0BA0h-0BEFh -ABANK24=0C20h-0C6Fh \
  -ABANK25=0CA0h-0CBFh -ABIGRAM=02000h-027EFh \
  -ARAM=020h-06Fh,0A0h-0EFh,0120h-016Fh,01A0h-01EFh,0220h-026Fh,02A0h-02EFh,0320h-036Fh,03A0h-03EFh,0420h-046Fh,04A0h-04EFh,0520h-056Fh,05A0h-05EFh,0620h-066Fh,06A0h-06EFh,0720h-076Fh,07A0h-07EFh,0820h-086Fh,08A0h-08EFh,0920h-096Fh,09A0h-09EFh,0A20h-0A6Fh,0AA0h-0AEFh,0B20h-0B6Fh,0BA0h-0BEFh,0C20h-0C6Fh,0CA0h-0CBFh \
  -AABS1=020h-07Fh,0A0h-0EFh,0120h-016Fh,01A0h-01EFh,0220h-026Fh,02A0h-02EFh,0320h-036Fh,03A0h-03EFh,0420h-046Fh,04A0h-04EFh,0520h-056Fh,05A0h-05EFh,0620h-066Fh,06A0h-06EFh,0720h-076Fh,07A0h-07EFh,0820h-086Fh,08A0h-08EFh,0920h-096Fh,09A0h-09EFh,0A20h-0A6Fh,0AA0h-0AEFh,0B20h-0B6Fh,0BA0h-0BEFh,0C20h-0C6Fh,0CA0h-0CBFh \
  -ASFR0=00h-01Fh -ASFR1=080h-09Fh -ASFR2=0100h-011Fh -ASFR3=0180h-019Fh \
  -ASFR4=0200h-021Fh -ASFR5=0280h-029Fh -ASFR6=0300h-031Fh \
  -ASFR7=0380h-039Fh -ASFR8=0400h-041Fh -ASFR9=0480h-049Fh \
  -ASFR10=0500h-051Fh -ASFR11=0580h-059Fh -ASFR12=0600h-061Fh \
  -ASFR13=0680h-069Fh -ASFR14=0700h-071Fh -ASFR15=0780h-079Fh \
  -ASFR16=0800h-081Fh -ASFR17=0880h-089Fh -ASFR18=0900h-091Fh \
  -ASFR19=0980h-099Fh -ASFR20=0A00h-0A1Fh -ASFR21=0A80h-0A9Fh \
  -ASFR22=0B00h-0B1Fh -ASFR23=0B80h-0B9Fh -ASFR24=0C00h-0C1Fh \
  -ASFR25=0C80h-0C9Fh -ASFR26=0D00h-0D6Fh -ASFR27=0D80h-0DEFh \
  -ASFR28=0E00h-0E6Fh -ASFR29=0E80h-0EEFh -ASFR30=0F00h-0F6Fh \
  -ASFR31=0F80h-0FEFh -ASFR32=01000h-0106Fh -ASFR33=01080h-010EFh \
  -ASFR34=01100h-0116Fh -ASFR35=01180h-011EFh -ASFR36=01200h-0126Fh \
  -ASFR37=01280h-012EFh -ASFR38=01300h-0136Fh -ASFR39=01380h-013EFh \
  -ASFR40=01400h-0146Fh -ASFR41=01480h-014EFh -ASFR42=01500h-0156Fh \
  -ASFR43=01580h-015EFh -ASFR44=01600h-0166Fh -ASFR45=01680h-016EFh \
  -ASFR46=01700h-0176Fh -ASFR47=01780h-017EFh -ASFR48=01800h-0186Fh \
  -ASFR49=01880h-018EFh -ASFR50=01900h-0196Fh -ASFR51=01980h-019EFh \
  -ASFR52=01A00h-01A6Fh -ASFR53=01A80h-01AEFh -ASFR54=01B00h-01B6Fh \
  -ASFR55=01B80h-01BEFh -ASFR56=01C00h-01C6Fh -ASFR57=01C80h-01CEFh \
  -ASFR58=01D00h-01D6Fh -ASFR59=01D80h-01DEFh -ASFR60=01E00h-01E6Fh \
  -ASFR61=01E80h-01EEFh -ASFR62=01F00h-01F6Fh -ASFR63=01F80h-01FEFh \
  -preset_vec=00h,intentry=04h,init,end_init -ppowerup=CODE -pcinit=CODE \
  -pfunctab=ENTRY -ACONFIG=08007h-0800Bh -pconfig=CONFIG -DCONFIG=2 \
  -AIDLOC=08000h-08003h -pidloc=IDLOC -DIDLOC=2 -AEEDATA=00h-0FFh/0F000h \
  -peeprom_data=EEDATA -DEEDATA=2 -DCODE=2 -DSTRCODE=2 -DSTRING=2 -DCONST=2 \
  -DENTRY=2 -k C:\Users\apatc\AppData\Local\Temp\s6vs.o \
  dist/default/debug\DMX3.X.debug.o 

Object code version is 3.11

Machine type is 16F18446



                Name                               Link     Load   Length Selector   Space Scale
C:\Users\apatc\AppData\Local\Temp\s6vs.o
                end_init                             49       49        2        8       0
                reset_vec                             0        0        2        0       0
                config                             8007     8007        3    1000E       0
dist/default/debug\DMX3.X.debug.o
                cinit                                4B       4B       27        8       0
                intentry                              4        4       45        8       0
                text27                              791      791        3      9CC       0
                text26                              714      714       11      9CC       0
                text25                              6E5      6E5       18      9CC       0
                text24                              33D      33D      149        8       0
                text22                              78C      78C        5      9CC       0
                text21                              52F      52F       45      9CC       0
                text20                              690      690       20      9CC       0
                text19                              648      648       27      9CC       0
                text18                              66F      66F       21      9CC       0
                text17                              4E6      4E6       49      9CC       0
                text16                              5B7      5B7       35      9CC       0
                text15                              61B      61B       2D      9CC       0
                text14                               72       72      2CB        8       0
                text13                              783      783        9      9CC       0
                text12                              77A      77A        9      9CC       0
                text11                              771      771        9      9CC       0
                text10                              768      768        9      9CC       0
                text9                               75F      75F        9      9CC       0
                text8                               574      574       43      9CC       0
                text7                               6CC      6CC       19      9CC       0
                text6                               756      756        9      9CC       0
                text5                               5EC      5EC       2F      9CC       0
                text4                               74C      74C        A      9CC       0
                text3                               725      725        F      9CC       0
                text2                               740      740        C      9CC       0
                text1                               6B0      6B0       1C      9CC       0
                maintext                            6FD      6FD       17      9CC       0
                cstackBANK0                          20       20       2A       20       1
                cstackCOMMON                         70       70        B       70       1
                clrtext                             734      734        C      9CC       0
                bssBANK1                             A0       A0       14       A0       1
                bssBANK0                             4A       4A       24       20       1
                bssCOMMON                            7B       7B        3       70       1
                nvBANK1                              B4       B4        A       A0       1
                nvBANK0                              6E       6E        1       20       1
                stringtext1                         486      486       60      90C       0

TOTAL           Name                               Link     Load   Length     Space
        CLASS   STACK          

        CLASS   CODE           
                end_init                             49       49        2         0
                cinit                                4B       4B       27         0
                intentry                              4        4       45         0
                reset_vec                             0        0        2         0
                text27                              791      791        3         0
                text26                              714      714       11         0
                text25                              6E5      6E5       18         0
                text24                              33D      33D      149         0
                text22                              78C      78C        5         0
                text21                              52F      52F       45         0
                text20                              690      690       20         0
                text19                              648      648       27         0
                text18                              66F      66F       21         0
                text17                              4E6      4E6       49         0
                text16                              5B7      5B7       35         0
                text15                              61B      61B       2D         0
                text14                               72       72      2CB         0
                text13                              783      783        9         0
                text12                              77A      77A        9         0
                text11                              771      771        9         0
                text10                              768      768        9         0
                text9                               75F      75F        9         0
                text8                               574      574       43         0
                text7                               6CC      6CC       19         0
                text6                               756      756        9         0
                text5                               5EC      5EC       2F         0
                text4                               74C      74C        A         0
                text3                               725      725        F         0
                text2                               740      740        C         0
                text1                               6B0      6B0       1C         0
                maintext                            6FD      6FD       17         0
                clrtext                             734      734        C         0

        CLASS   STRCODE        
                stringtext1                         486      486       60         0

        CLASS   STRING         

        CLASS   CONST          

        CLASS   ENTRY          

        CLASS   COMMON         
                cstackCOMMON                         70       70        B         1
                bssCOMMON                            7B       7B        3         1

        CLASS   BANK0          
                cstackBANK0                          20       20       2A         1
                bssBANK0                             4A       4A       24         1
                nvBANK0                              6E       6E        1         1

        CLASS   BANK1          
                bssBANK1                             A0       A0       14         1
                nvBANK1                              B4       B4        A         1

        CLASS   BANK2          

        CLASS   BANK3          

        CLASS   BANK4          

        CLASS   BANK5          

        CLASS   BANK6          

        CLASS   BANK7          

        CLASS   BANK8          

        CLASS   BANK9          

        CLASS   BANK10         

        CLASS   BANK11         

        CLASS   BANK12         

        CLASS   BANK13         

        CLASS   BANK14         

        CLASS   BANK15         

        CLASS   BANK16         

        CLASS   BANK17         

        CLASS   BANK18         

        CLASS   BANK19         

        CLASS   BANK20         

        CLASS   BANK21         

        CLASS   BANK22         

        CLASS   BANK23         

        CLASS   BANK24         

        CLASS   BANK25         

        CLASS   BIGRAM         

        CLASS   RAM            

        CLASS   ABS1           
                abs_s1                               7E       7E        2         1
                abs_s1                              96F      96F        1         1
                abs_s1                              9A0      9A0       50         1
                abs_s1                              A20      A20       50         1
                abs_s1                              AA0      AA0       50         1
                abs_s1                              B20      B20       50         1
                abs_s1                              BA0      BA0       50         1
                abs_s1                              C20      C20       50         1
                abs_s1                              CA0      CA0       20         1
                abs_s1                             25EF     25EF        0         1

        CLASS   SFR0           

        CLASS   SFR1           

        CLASS   SFR2           

        CLASS   SFR3           

        CLASS   SFR4           

        CLASS   SFR5           

        CLASS   SFR6           

        CLASS   SFR7           

        CLASS   SFR8           

        CLASS   SFR9           

        CLASS   SFR10          

        CLASS   SFR11          

        CLASS   SFR12          

        CLASS   SFR13          

        CLASS   SFR14          

        CLASS   SFR15          

        CLASS   SFR16          

        CLASS   SFR17          

        CLASS   SFR18          

        CLASS   SFR19          

        CLASS   SFR20          

        CLASS   SFR21          

        CLASS   SFR22          

        CLASS   SFR23          

        CLASS   SFR24          

        CLASS   SFR25          

        CLASS   SFR26          

        CLASS   SFR27          

        CLASS   SFR28          

        CLASS   SFR29          

        CLASS   SFR30          

        CLASS   SFR31          

        CLASS   SFR32          

        CLASS   SFR33          

        CLASS   SFR34          

        CLASS   SFR35          

        CLASS   SFR36          

        CLASS   SFR37          

        CLASS   SFR38          

        CLASS   SFR39          

        CLASS   SFR40          

        CLASS   SFR41          

        CLASS   SFR42          

        CLASS   SFR43          

        CLASS   SFR44          

        CLASS   SFR45          

        CLASS   SFR46          

        CLASS   SFR47          

        CLASS   SFR48          

        CLASS   SFR49          

        CLASS   SFR50          

        CLASS   SFR51          

        CLASS   SFR52          

        CLASS   SFR53          

        CLASS   SFR54          

        CLASS   SFR55          

        CLASS   SFR56          

        CLASS   SFR57          

        CLASS   SFR58          

        CLASS   SFR59          

        CLASS   SFR60          

        CLASS   SFR61          

        CLASS   SFR62          

        CLASS   SFR63          

        CLASS   CONFIG         
                config                             8007     8007        3         0

        CLASS   IDLOC          

        CLASS   EEDATA         

        CLASS   BANK63         

        CLASS   BANK62         

        CLASS   BANK61         

        CLASS   BANK60         

        CLASS   BANK59         

        CLASS   BANK58         

        CLASS   BANK57         

        CLASS   BANK56         

        CLASS   BANK55         

        CLASS   BANK54         

        CLASS   BANK53         

        CLASS   BANK52         

        CLASS   BANK51         

        CLASS   BANK50         

        CLASS   BANK49         

        CLASS   BANK48         

        CLASS   BANK47         

        CLASS   BANK46         

        CLASS   BANK45         

        CLASS   BANK44         

        CLASS   BANK43         

        CLASS   BANK42         

        CLASS   BANK41         

        CLASS   BANK40         

        CLASS   BANK39         

        CLASS   BANK38         

        CLASS   BANK37         

        CLASS   BANK36         

        CLASS   BANK35         

        CLASS   BANK34         

        CLASS   BANK33         

        CLASS   BANK32         

        CLASS   BANK31         

        CLASS   BANK30         

        CLASS   BANK29         

        CLASS   BANK28         

        CLASS   BANK27         

        CLASS   BANK26         



SEGMENTS        Name                           Load    Length   Top    Selector   Space  Class     Delta

                reset_vec                      000000  000002  000002         0       0  CODE        2
                intentry                       000004  000482  000486         8       0  CODE        2
                cstackBANK0                    000020  00004F  00006F        20       1  BANK0       1
                cstackCOMMON                   000070  00000E  00007E        70       1  COMMON      1
                bssBANK1                       0000A0  00001E  0000BE        A0       1  BANK1       1
                stringtext1                    000486  000060  0004E6       90C       0  STRCODE     2
                text17                         0004E6  0002AE  000794       9CC       0  CODE        2
                config                         008007  000003  00800A     1000E       0  CONFIG      2


UNUSED ADDRESS RANGES

        Name                Unused          Largest block    Delta
        BANK0            0006F-0006F               1           1
        BANK1            000BE-000EF              32           1
        BANK10           00520-0056F              50           1
        BANK11           005A0-005EF              50           1
        BANK12           00620-0066F              50           1
        BANK13           006A0-006EF              50           1
        BANK14           00720-0076F              50           1
        BANK15           007A0-007EF              50           1
        BANK16           00820-0086F              50           1
        BANK17           008A0-008EF              50           1
        BANK18           00920-0096E              4F           1
        BANK2            00120-0016F              50           1
        BANK3            001A0-001EF              50           1
        BANK4            00220-0026F              50           1
        BANK5            002A0-002EF              50           1
        BANK6            00320-0036F              50           1
        BANK7            003A0-003EF              50           1
        BANK8            00420-0046F              50           1
        BANK9            004A0-004EF              50           1
        BIGRAM           02000-027EF             7F0           1
        CODE             00002-00003               2           2
                         00794-03FFF             800
        CONFIG           0800A-0800B               2           2
        CONST            00002-00003               2           2
                         00794-03FFF             100
        EEDATA           0F000-0F0FF             100           2
        ENTRY            00002-00003               2           2
                         00794-03FFF             100
        IDLOC            08000-08003               4           2
        RAM              0006F-0006F               1           1
                         000BE-000EF              32
                         00120-0016F              50
                         001A0-001EF              50
                         00220-0026F              50
                         002A0-002EF              50
                         00320-0036F              50
                         003A0-003EF              50
                         00420-0046F              50
                         004A0-004EF              50
                         00520-0056F              50
                         005A0-005EF              50
                         00620-0066F              50
                         006A0-006EF              50
                         00720-0076F              50
                         007A0-007EF              50
                         00820-0086F              50
                         008A0-008EF              50
                         00920-0096E              4F
        SFR0             00000-0001F              20           1
        SFR1             00080-0009F              20           1
        SFR10            00500-0051F              20           1
        SFR11            00580-0059F              20           1
        SFR12            00600-0061F              20           1
        SFR13            00680-0069F              20           1
        SFR14            00700-0071F              20           1
        SFR15            00780-0079F              20           1
        SFR16            00800-0081F              20           1
        SFR17            00880-0089F              20           1
        SFR18            00900-0091F              20           1
        SFR19            00980-0099F              20           1
        SFR2             00100-0011F              20           1
        SFR20            00A00-00A1F              20           1
        SFR21            00A80-00A9F              20           1
        SFR22            00B00-00B1F              20           1
        SFR23            00B80-00B9F              20           1
        SFR24            00C00-00C1F              20           1
        SFR25            00C80-00C9F              20           1
        SFR26            00D00-00D6F              70           1
        SFR27            00D80-00DEF              70           1
        SFR28            00E00-00E6F              70           1
        SFR29            00E80-00EEF              70           1
        SFR3             00180-0019F              20           1
        SFR30            00F00-00F6F              70           1
        SFR31            00F80-00FEF              70           1
        SFR32            01000-0106F              70           1
        SFR33            01080-010EF              70           1
        SFR34            01100-0116F              70           1
        SFR35            01180-011EF              70           1
        SFR36            01200-0126F              70           1
        SFR37            01280-012EF              70           1
        SFR38            01300-0136F              70           1
        SFR39            01380-013EF              70           1
        SFR4             00200-0021F              20           1
        SFR40            01400-0146F              70           1
        SFR41            01480-014EF              70           1
        SFR42            01500-0156F              70           1
        SFR43            01580-015EF              70           1
        SFR44            01600-0166F              70           1
        SFR45            01680-016EF              70           1
        SFR46            01700-0176F              70           1
        SFR47            01780-017EF              70           1
        SFR48            01800-0186F              70           1
        SFR49            01880-018EF              70           1
        SFR5             00280-0029F              20           1
        SFR50            01900-0196F              70           1
        SFR51            01980-019EF              70           1
        SFR52            01A00-01A6F              70           1
        SFR53            01A80-01AEF              70           1
        SFR54            01B00-01B6F              70           1
        SFR55            01B80-01BEF              70           1
        SFR56            01C00-01C6F              70           1
        SFR57            01C80-01CEF              70           1
        SFR58            01D00-01D6F              70           1
        SFR59            01D80-01DEF              70           1
        SFR6             00300-0031F              20           1
        SFR60            01E00-01E6F              70           1
        SFR61            01E80-01EEF              70           1
        SFR62            01F00-01F6F              70           1
        SFR63            01F80-01FEF              70           1
        SFR7             00380-0039F              20           1
        SFR8             00400-0041F              20           1
        SFR9             00480-0049F              20           1
        STACK            0206E-025EE             581           1
        STRCODE          00002-00003               2           2
                         00794-03FFF            386C
        STRING           00002-00003               2           2
                         00794-03FFF             100

                                  Symbol Table

?___lwdiv                                       cstackBANK0  00026
?___lwmod                                       cstackBANK0  00020
EUSART1_SetErrorHandler@interruptHandler        cstackBANK0  00020
EUSART1_SetFramingErrorHandler@interruptHandler cstackBANK0  00020
EUSART1_SetOverrunErrorHandler@interruptHandler cstackBANK0  00020
EUSART1_SetRxInterruptHandler@interruptHandler  cstackBANK0  00020
EUSART1_SetTxInterruptHandler@interruptHandler  cstackBANK0  00020
I2C1_ISR@i2c_10bit_address_restart              bssBANK0     0005B
I2C1_ISR@i2c_address                            bssCOMMON    0007C
I2C1_ISR@i2c_bytes_left                         bssBANK0     0005C
I2C1_ISR@pi2c_buf_ptr                           bssBANK0     0005D
I2C1_MasterRead@trBlock                         bssBANK1     000B0
I2C1_MasterTRBInsert@count                      cstackBANK0  00023
I2C1_MasterTRBInsert@pflag                      cstackBANK0  00021
I2C1_MasterTRBInsert@ptrb_list                  cstackBANK0  00020
I2C1_MasterWrite@address                        cstackBANK0  00028
I2C1_MasterWrite@length                         cstackBANK0  00027
I2C1_MasterWrite@pdata                          cstackBANK0  0002D
I2C1_MasterWrite@pflag                          cstackBANK0  0002A
I2C1_MasterWrite@trBlock                        bssBANK0     00067
I2C1_MasterWriteTRBBuild@address                cstackBANK0  00022
I2C1_MasterWriteTRBBuild@length                 cstackBANK0  00021
I2C1_MasterWriteTRBBuild@pdata                  cstackBANK0  00020
I2C1_MasterWriteTRBBuild@ptrb                   cstackBANK0  00026
I2C1_Stop@completion_code                       cstackCOMMON 00071
INTERRUPT_InterruptManager@dataIn               cstackCOMMON 0007A
TM1650_fastPrintNum@array                       cstackBANK0  00042
TM1650_fastPrintNum@num                         cstackBANK0  0003B
TM1650_setDigit@charTable                       stringtext1  00486
TM1650_setDigit@data                            cstackBANK0  0003A
TM1650_setDigit@digit                           cstackBANK0  00039
TM1650_setDigit@dp                              cstackBANK0  00036
TM1650_setDigit@num                             cstackBANK0  00035
_ANSELA                                         (abs)        01F38
_ANSELB                                         (abs)        01F43
_ANSELC                                         (abs)        01F4E
_BAUD1CON                                       (abs)        0011F
_BAUD1CONbits                                   (abs)        0011F
_CCP1CONbits                                    (abs)        0030E
_CCP2CONbits                                    (abs)        00312
_CCP3CONbits                                    (abs)        00316
_CCP4CONbits                                    (abs)        0031A
_CCPR1H                                         (abs)        0030D
_CCPR1L                                         (abs)        0030C
_CCPR2H                                         (abs)        00311
_CCPR2L                                         (abs)        00310
_CCPR3H                                         (abs)        00315
_CCPR3L                                         (abs)        00314
_CCPR4H                                         (abs)        00319
_CCPR4L                                         (abs)        00318
_EUSART1_DefaultErrorHandler                    (abs)        00000
_EUSART1_DefaultFramingErrorHandler             (abs)        00000
_EUSART1_DefaultOverrunErrorHandler             (abs)        00000
_EUSART1_ErrorHandler                           nvBANK1      000B4
_EUSART1_FramingErrorHandler                    nvBANK1      000B8
_EUSART1_Initialize                             text8        00574
_EUSART1_OverrunErrorHandler                    nvBANK1      000B6
_EUSART1_Receive_ISR                            (abs)        00000
_EUSART1_RxDefaultInterruptHandler              nvBANK1      000BA
_EUSART1_SetErrorHandler                        text13       00783
_EUSART1_SetFramingErrorHandler                 text12       0077A
_EUSART1_SetOverrunErrorHandler                 text11       00771
_EUSART1_SetRxInterruptHandler                  text10       00768
_EUSART1_SetTxInterruptHandler                  text9        0075F
_EUSART1_Transmit_ISR                           (abs)        00000
_EUSART1_TxDefaultInterruptHandler              nvBANK1      000BC
_I2C1_BusCollisionISR                           text27       00791
_I2C1_FunctionComplete                          text26       00714
_I2C1_ISR                                       text24       0033D
_I2C1_Initialize                                text7        006CC
_I2C1_MasterTRBInsert                           text21       0052F
_I2C1_MasterWrite                               text19       00648
_I2C1_MasterWriteTRBBuild                       text20       00690
_I2C1_Stop                                      text25       006E5
_I2C1_WaitForLastPacketToComplete               text22       0078C
_INTCONbits                                     (abs)        0000B
_INTERRUPT_InterruptManager                     intentry     00004
_LATA                                           (abs)        00018
_LATB                                           (abs)        00019
_LATC                                           (abs)        0001A
_ODCONA                                         (abs)        01F3A
_ODCONB                                         (abs)        01F45
_ODCONC                                         (abs)        01F50
_OSCCON1                                        (abs)        0088D
_OSCCON3                                        (abs)        0088F
_OSCEN                                          (abs)        00891
_OSCFRQ                                         (abs)        00893
_OSCILLATOR_Initialize                          text6        00756
_OSCTUNE                                        (abs)        00892
_PIE3bits                                       (abs)        00719
_PIN_MANAGER_Initialize                         text5        005EC
_PIR3bits                                       (abs)        0070F
_PMD0                                           (abs)        00796
_PMD1                                           (abs)        00797
_PMD2                                           (abs)        00798
_PMD3                                           (abs)        00799
_PMD4                                           (abs)        0079A
_PMD5                                           (abs)        0079B
_PMD6                                           (abs)        0079C
_PMD7                                           (abs)        0079D
_PMD_Initialize                                 text4        0074C
_RA4PPS                                         (abs)        01F14
_RA5PPS                                         (abs)        01F15
_RB7PPS                                         (abs)        01F1F
_RC1REG                                         (abs)        00119
_RC1STA                                         (abs)        0011D
_RC1STAbits                                     (abs)        0011D
_RC3PPS                                         (abs)        01F23
_RC4PPS                                         (abs)        01F24
_RC6PPS                                         (abs)        01F26
_RC7PPS                                         (abs)        01F27
_RX1DTPPS                                       (abs)        01ECB
_RX1PPS                                         (abs)        01ECB
_SLRCONA                                        (abs)        01F3B
_SLRCONB                                        (abs)        01F46
_SLRCONC                                        (abs)        01F51
_SP1BRG                                         (abs)        0011B
_SP1BRGH                                        (abs)        0011C
_SP1BRGL                                        (abs)        0011B
_SSP1ADD                                        (abs)        0018D
_SSP1BUF                                        (abs)        0018C
_SSP1CLKPPS                                     (abs)        01EC5
_SSP1CON1                                       (abs)        00190
_SSP1CON1bits                                   (abs)        00190
_SSP1CON2bits                                   (abs)        00191
_SSP1CON3                                       (abs)        00192
_SSP1DATPPS                                     (abs)        01EC6
_SSP1STAT                                       (abs)        0018F
_SYSTEM_Initialize                              text3        00725
_T2CLKCON                                       (abs)        00290
_T2CONbits                                      (abs)        0028E
_TM1650_fastPrintNum                            text14       00072
_TM1650_fastPrintNum$1871                       cstackBANK0  00046
_TM1650_fastPrintNum$1872                       cstackBANK0  00040
_TM1650_fastPrintNum$1873                       cstackBANK0  0003E
_TM1650_init                                    text2        00740
_TM1650_setDigit                                text17       004E6
_TRISA                                          (abs)        00012
_TRISB                                          (abs)        00013
_TRISB4                                         (abs)        0009C
_TRISC                                          (abs)        00014
_TRISC3                                         (abs)        000A3
_TRISC4                                         (abs)        000A4
_TRISC6                                         (abs)        000A6
_TRISC7                                         (abs)        000A7
_TX1REG                                         (abs)        0011A
_TX1STA                                         (abs)        0011E
_TX1STAbits                                     (abs)        0011E
_UART_init                                      text1        006B0
_WPUA                                           (abs)        01F39
_WPUB                                           (abs)        01F44
_WPUC                                           (abs)        01F4F
__CFG_BOREN$ON                                  (abs)        00000
__CFG_BORV$LO                                   (abs)        00000
__CFG_CLKOUTEN$OFF                              (abs)        00000
__CFG_CSWEN$ON                                  (abs)        00000
__CFG_FCMEN$ON                                  (abs)        00000
__CFG_FEXTOSC$OFF                               (abs)        00000
__CFG_LPBOREN$OFF                               (abs)        00000
__CFG_MCLRE$ON                                  (abs)        00000
__CFG_PPS1WAY$ON                                (abs)        00000
__CFG_PWRTS$OFF                                 (abs)        00000
__CFG_RSTOSC$HFINT1                             (abs)        00000
__CFG_STVREN$ON                                 (abs)        00000
__CFG_WDTCPS$WDTCPS_31                          (abs)        00000
__CFG_WDTE$OFF                                  (abs)        00000
__CFG_ZCDDIS$OFF                                (abs)        00000
__Habs1                                         abs1         00000
__Hbank0                                        bank0        00000
__Hbank1                                        bank1        00000
__Hbank10                                       bank10       00000
__Hbank11                                       bank11       00000
__Hbank12                                       bank12       00000
__Hbank13                                       bank13       00000
__Hbank14                                       bank14       00000
__Hbank15                                       bank15       00000
__Hbank16                                       bank16       00000
__Hbank17                                       bank17       00000
__Hbank18                                       bank18       00000
__Hbank19                                       bank19       00000
__Hbank2                                        bank2        00000
__Hbank20                                       bank20       00000
__Hbank21                                       bank21       00000
__Hbank22                                       bank22       00000
__Hbank23                                       bank23       00000
__Hbank24                                       bank24       00000
__Hbank25                                       bank25       00000
__Hbank26                                       bank26       00000
__Hbank27                                       bank27       00000
__Hbank28                                       bank28       00000
__Hbank29                                       bank29       00000
__Hbank3                                        bank3        00000
__Hbank30                                       bank30       00000
__Hbank31                                       bank31       00000
__Hbank32                                       bank32       00000
__Hbank33                                       bank33       00000
__Hbank34                                       bank34       00000
__Hbank35                                       bank35       00000
__Hbank36                                       bank36       00000
__Hbank37                                       bank37       00000
__Hbank38                                       bank38       00000
__Hbank39                                       bank39       00000
__Hbank4                                        bank4        00000
__Hbank40                                       bank40       00000
__Hbank41                                       bank41       00000
__Hbank42                                       bank42       00000
__Hbank43                                       bank43       00000
__Hbank44                                       bank44       00000
__Hbank45                                       bank45       00000
__Hbank46                                       bank46       00000
__Hbank47                                       bank47       00000
__Hbank48                                       bank48       00000
__Hbank49                                       bank49       00000
__Hbank5                                        bank5        00000
__Hbank50                                       bank50       00000
__Hbank51                                       bank51       00000
__Hbank52                                       bank52       00000
__Hbank53                                       bank53       00000
__Hbank54                                       bank54       00000
__Hbank55                                       bank55       00000
__Hbank56                                       bank56       00000
__Hbank57                                       bank57       00000
__Hbank58                                       bank58       00000
__Hbank59                                       bank59       00000
__Hbank6                                        bank6        00000
__Hbank60                                       bank60       00000
__Hbank61                                       bank61       00000
__Hbank62                                       bank62       00000
__Hbank63                                       bank63       00000
__Hbank7                                        bank7        00000
__Hbank8                                        bank8        00000
__Hbank9                                        bank9        00000
__Hbigram                                       bigram       00000
__HbssBANK0                                     bssBANK0     00000
__HbssBANK1                                     bssBANK1     00000
__HbssCOMMON                                    bssCOMMON    00000
__Hcinit                                        cinit        00072
__Hclrtext                                      clrtext      00000
__Hcode                                         code         00000
__Hcommon                                       common       00000
__Hconfig                                       config       0800A
__HcstackBANK0                                  cstackBANK0  00000
__HcstackCOMMON                                 cstackCOMMON 00000
__Heeprom_data                                  eeprom_data  00000
__Hend_init                                     end_init     0004B
__Hfunctab                                      functab      00000
__Hidloc                                        idloc        00000
__Hinit                                         init         00049
__Hintentry                                     intentry     00049
__Hmaintext                                     maintext     00000
__HnvBANK0                                      nvBANK0      00000
__HnvBANK1                                      nvBANK1      00000
__Hpowerup                                      powerup      00000
__Hram                                          ram          00000
__Hreset_vec                                    reset_vec    00002
__Hsfr0                                         sfr0         00000
__Hsfr1                                         sfr1         00000
__Hsfr10                                        sfr10        00000
__Hsfr11                                        sfr11        00000
__Hsfr12                                        sfr12        00000
__Hsfr13                                        sfr13        00000
__Hsfr14                                        sfr14        00000
__Hsfr15                                        sfr15        00000
__Hsfr16                                        sfr16        00000
__Hsfr17                                        sfr17        00000
__Hsfr18                                        sfr18        00000
__Hsfr19                                        sfr19        00000
__Hsfr2                                         sfr2         00000
__Hsfr20                                        sfr20        00000
__Hsfr21                                        sfr21        00000
__Hsfr22                                        sfr22        00000
__Hsfr23                                        sfr23        00000
__Hsfr24                                        sfr24        00000
__Hsfr25                                        sfr25        00000
__Hsfr26                                        sfr26        00000
__Hsfr27                                        sfr27        00000
__Hsfr28                                        sfr28        00000
__Hsfr29                                        sfr29        00000
__Hsfr3                                         sfr3         00000
__Hsfr30                                        sfr30        00000
__Hsfr31                                        sfr31        00000
__Hsfr32                                        sfr32        00000
__Hsfr33                                        sfr33        00000
__Hsfr34                                        sfr34        00000
__Hsfr35                                        sfr35        00000
__Hsfr36                                        sfr36        00000
__Hsfr37                                        sfr37        00000
__Hsfr38                                        sfr38        00000
__Hsfr39                                        sfr39        00000
__Hsfr4                                         sfr4         00000
__Hsfr40                                        sfr40        00000
__Hsfr41                                        sfr41        00000
__Hsfr42                                        sfr42        00000
__Hsfr43                                        sfr43        00000
__Hsfr44                                        sfr44        00000
__Hsfr45                                        sfr45        00000
__Hsfr46                                        sfr46        00000
__Hsfr47                                        sfr47        00000
__Hsfr48                                        sfr48        00000
__Hsfr49                                        sfr49        00000
__Hsfr5                                         sfr5         00000
__Hsfr50                                        sfr50        00000
__Hsfr51                                        sfr51        00000
__Hsfr52                                        sfr52        00000
__Hsfr53                                        sfr53        00000
__Hsfr54                                        sfr54        00000
__Hsfr55                                        sfr55        00000
__Hsfr56                                        sfr56        00000
__Hsfr57                                        sfr57        00000
__Hsfr58                                        sfr58        00000
__Hsfr59                                        sfr59        00000
__Hsfr6                                         sfr6         00000
__Hsfr60                                        sfr60        00000
__Hsfr61                                        sfr61        00000
__Hsfr62                                        sfr62        00000
__Hsfr63                                        sfr63        00000
__Hsfr7                                         sfr7         00000
__Hsfr8                                         sfr8         00000
__Hsfr9                                         sfr9         00000
__Hspace_0                                      (abs)        0800A
__Hspace_1                                      (abs)        000BE
__Hspace_2                                      (abs)        00000
__Hspace_3                                      (abs)        00000
__Hstack                                        stack        00000
__Hstrings                                      strings      00000
__Hstringtext1                                  stringtext1  00000
__Htext                                         text         00000
__Labs1                                         abs1         00000
__Lbank0                                        bank0        00000
__Lbank1                                        bank1        00000
__Lbank10                                       bank10       00000
__Lbank11                                       bank11       00000
__Lbank12                                       bank12       00000
__Lbank13                                       bank13       00000
__Lbank14                                       bank14       00000
__Lbank15                                       bank15       00000
__Lbank16                                       bank16       00000
__Lbank17                                       bank17       00000
__Lbank18                                       bank18       00000
__Lbank19                                       bank19       00000
__Lbank2                                        bank2        00000
__Lbank20                                       bank20       00000
__Lbank21                                       bank21       00000
__Lbank22                                       bank22       00000
__Lbank23                                       bank23       00000
__Lbank24                                       bank24       00000
__Lbank25                                       bank25       00000
__Lbank26                                       bank26       00000
__Lbank27                                       bank27       00000
__Lbank28                                       bank28       00000
__Lbank29                                       bank29       00000
__Lbank3                                        bank3        00000
__Lbank30                                       bank30       00000
__Lbank31                                       bank31       00000
__Lbank32                                       bank32       00000
__Lbank33                                       bank33       00000
__Lbank34                                       bank34       00000
__Lbank35                                       bank35       00000
__Lbank36                                       bank36       00000
__Lbank37                                       bank37       00000
__Lbank38                                       bank38       00000
__Lbank39                                       bank39       00000
__Lbank4                                        bank4        00000
__Lbank40                                       bank40       00000
__Lbank41                                       bank41       00000
__Lbank42                                       bank42       00000
__Lbank43                                       bank43       00000
__Lbank44                                       bank44       00000
__Lbank45                                       bank45       00000
__Lbank46                                       bank46       00000
__Lbank47                                       bank47       00000
__Lbank48                                       bank48       00000
__Lbank49                                       bank49       00000
__Lbank5                                        bank5        00000
__Lbank50                                       bank50       00000
__Lbank51                                       bank51       00000
__Lbank52                                       bank52       00000
__Lbank53                                       bank53       00000
__Lbank54                                       bank54       00000
__Lbank55                                       bank55       00000
__Lbank56                                       bank56       00000
__Lbank57                                       bank57       00000
__Lbank58                                       bank58       00000
__Lbank59                                       bank59       00000
__Lbank6                                        bank6        00000
__Lbank60                                       bank60       00000
__Lbank61                                       bank61       00000
__Lbank62                                       bank62       00000
__Lbank63                                       bank63       00000
__Lbank7                                        bank7        00000
__Lbank8                                        bank8        00000
__Lbank9                                        bank9        00000
__Lbigram                                       bigram       00000
__LbssBANK0                                     bssBANK0     00000
__LbssBANK1                                     bssBANK1     00000
__LbssCOMMON                                    bssCOMMON    00000
__Lcinit                                        cinit        0004B
__Lclrtext                                      clrtext      00000
__Lcode                                         code         00000
__Lcommon                                       common       00000
__Lconfig                                       config       08007
__LcstackBANK0                                  cstackBANK0  00000
__LcstackCOMMON                                 cstackCOMMON 00000
__Leeprom_data                                  eeprom_data  00000
__Lend_init                                     end_init     00049
__Lfunctab                                      functab      00000
__Lidloc                                        idloc        00000
__Linit                                         init         00049
__Lintentry                                     intentry     00004
__Lmaintext                                     maintext     00000
__LnvBANK0                                      nvBANK0      00000
__LnvBANK1                                      nvBANK1      00000
__Lpowerup                                      powerup      00000
__Lram                                          ram          00000
__Lreset_vec                                    reset_vec    00000
__Lsfr0                                         sfr0         00000
__Lsfr1                                         sfr1         00000
__Lsfr10                                        sfr10        00000
__Lsfr11                                        sfr11        00000
__Lsfr12                                        sfr12        00000
__Lsfr13                                        sfr13        00000
__Lsfr14                                        sfr14        00000
__Lsfr15                                        sfr15        00000
__Lsfr16                                        sfr16        00000
__Lsfr17                                        sfr17        00000
__Lsfr18                                        sfr18        00000
__Lsfr19                                        sfr19        00000
__Lsfr2                                         sfr2         00000
__Lsfr20                                        sfr20        00000
__Lsfr21                                        sfr21        00000
__Lsfr22                                        sfr22        00000
__Lsfr23                                        sfr23        00000
__Lsfr24                                        sfr24        00000
__Lsfr25                                        sfr25        00000
__Lsfr26                                        sfr26        00000
__Lsfr27                                        sfr27        00000
__Lsfr28                                        sfr28        00000
__Lsfr29                                        sfr29        00000
__Lsfr3                                         sfr3         00000
__Lsfr30                                        sfr30        00000
__Lsfr31                                        sfr31        00000
__Lsfr32                                        sfr32        00000
__Lsfr33                                        sfr33        00000
__Lsfr34                                        sfr34        00000
__Lsfr35                                        sfr35        00000
__Lsfr36                                        sfr36        00000
__Lsfr37                                        sfr37        00000
__Lsfr38                                        sfr38        00000
__Lsfr39                                        sfr39        00000
__Lsfr4                                         sfr4         00000
__Lsfr40                                        sfr40        00000
__Lsfr41                                        sfr41        00000
__Lsfr42                                        sfr42        00000
__Lsfr43                                        sfr43        00000
__Lsfr44                                        sfr44        00000
__Lsfr45                                        sfr45        00000
__Lsfr46                                        sfr46        00000
__Lsfr47                                        sfr47        00000
__Lsfr48                                        sfr48        00000
__Lsfr49                                        sfr49        00000
__Lsfr5                                         sfr5         00000
__Lsfr50                                        sfr50        00000
__Lsfr51                                        sfr51        00000
__Lsfr52                                        sfr52        00000
__Lsfr53                                        sfr53        00000
__Lsfr54                                        sfr54        00000
__Lsfr55                                        sfr55        00000
__Lsfr56                                        sfr56        00000
__Lsfr57                                        sfr57        00000
__Lsfr58                                        sfr58        00000
__Lsfr59                                        sfr59        00000
__Lsfr6                                         sfr6         00000
__Lsfr60                                        sfr60        00000
__Lsfr61                                        sfr61        00000
__Lsfr62                                        sfr62        00000
__Lsfr63                                        sfr63        00000
__Lsfr7                                         sfr7         00000
__Lsfr8                                         sfr8         00000
__Lsfr9                                         sfr9         00000
__Lspace_0                                      (abs)        00000
__Lspace_1                                      (abs)        00000
__Lspace_2                                      (abs)        00000
__Lspace_3                                      (abs)        00000
__Lstack                                        stack        00000
__Lstrings                                      strings      00000
__Lstringtext1                                  stringtext1  00000
__Ltext                                         text         00000
__S0                                            (abs)        0800A
__S1                                            (abs)        000BE
__S2                                            (abs)        00000
__S3                                            (abs)        00000
___int_sp                                       stack        00000
___latbits                                      (abs)        00003
___lwdiv                                        text16       005B7
___lwdiv@counter                                cstackBANK0  0002D
___lwdiv@dividend                               cstackBANK0  00028
___lwdiv@divisor                                cstackBANK0  00026
___lwdiv@quotient                               cstackBANK0  0002B
___lwmod                                        text15       0061B
___lwmod@counter                                cstackBANK0  00025
___lwmod@dividend                               cstackBANK0  00022
___lwmod@divisor                                cstackBANK0  00020
___sp                                           stack        00000
___stackhi                                      (abs)        025EE
___stacklo                                      (abs)        0206E
__end_ofTM1650_setDigit@charTable               stringtext1  004E6
__end_of_EUSART1_Initialize                     text8        005B7
__end_of_EUSART1_SetErrorHandler                text13       0078C
__end_of_EUSART1_SetFramingErrorHandler         text12       00783
__end_of_EUSART1_SetOverrunErrorHandler         text11       0077A
__end_of_EUSART1_SetRxInterruptHandler          text10       00771
__end_of_EUSART1_SetTxInterruptHandler          text9        00768
__end_of_I2C1_BusCollisionISR                   text27       00794
__end_of_I2C1_FunctionComplete                  text26       00725
__end_of_I2C1_ISR                               text24       00486
__end_of_I2C1_Initialize                        text7        006E5
__end_of_I2C1_MasterTRBInsert                   text21       00574
__end_of_I2C1_MasterWrite                       text19       0066F
__end_of_I2C1_MasterWriteTRBBuild               text20       006B0
__end_of_I2C1_Stop                              text25       006FD
__end_of_I2C1_WaitForLastPacketToComplete       text22       00791
__end_of_INTERRUPT_InterruptManager             intentry     00049
__end_of_OSCILLATOR_Initialize                  text6        0075F
__end_of_PIN_MANAGER_Initialize                 text5        0061B
__end_of_PMD_Initialize                         text4        00756
__end_of_SYSTEM_Initialize                      text3        00734
__end_of_TM1650_fastPrintNum                    text14       0033D
__end_of_TM1650_init                            text2        0074C
__end_of_TM1650_setDigit                        text17       0052F
__end_of_UART_init                              text1        006CC
__end_of___lwdiv                                text16       005EC
__end_of___lwmod                                text15       00648
__end_of__initialization                        cinit        0006E
__end_of_main                                   maintext     00714
__end_of_writeData                              text18       00690
__initialization                                cinit        0004B
__pbssBANK0                                     bssBANK0     0004A
__pbssBANK1                                     bssBANK1     000A0
__pbssBIGRAM                                    (abs)        025EF
__pbssCOMMON                                    bssCOMMON    0007B
__pcstackBANK0                                  cstackBANK0  00020
__pcstackCOMMON                                 cstackCOMMON 00070
__pintentry                                     intentry     00004
__pmaintext                                     maintext     006FD
__pnvBANK0                                      nvBANK0      0006E
__pnvBANK1                                      nvBANK1      000B4
__pstringtext1                                  stringtext1  00486
__ptext1                                        text1        006B0
__ptext10                                       text10       00768
__ptext11                                       text11       00771
__ptext12                                       text12       0077A
__ptext13                                       text13       00783
__ptext14                                       text14       00072
__ptext15                                       text15       0061B
__ptext16                                       text16       005B7
__ptext17                                       text17       004E6
__ptext18                                       text18       0066F
__ptext19                                       text19       00648
__ptext2                                        text2        00740
__ptext20                                       text20       00690
__ptext21                                       text21       0052F
__ptext22                                       text22       0078C
__ptext24                                       text24       0033D
__ptext25                                       text25       006E5
__ptext26                                       text26       00714
__ptext27                                       text27       00791
__ptext3                                        text3        00725
__ptext4                                        text4        0074C
__ptext5                                        text5        005EC
__ptext6                                        text6        00756
__ptext7                                        text7        006CC
__ptext8                                        text8        00574
__ptext9                                        text9        0075F
__size_of_EUSART1_Initialize                    (abs)        00000
__size_of_EUSART1_SetErrorHandler               (abs)        00000
__size_of_EUSART1_SetFramingErrorHandler        (abs)        00000
__size_of_EUSART1_SetOverrunErrorHandler        (abs)        00000
__size_of_EUSART1_SetRxInterruptHandler         (abs)        00000
__size_of_EUSART1_SetTxInterruptHandler         (abs)        00000
__size_of_I2C1_BusCollisionISR                  (abs)        00000
__size_of_I2C1_FunctionComplete                 (abs)        00000
__size_of_I2C1_ISR                              (abs)        00000
__size_of_I2C1_Initialize                       (abs)        00000
__size_of_I2C1_MasterTRBInsert                  (abs)        00000
__size_of_I2C1_MasterWrite                      (abs)        00000
__size_of_I2C1_MasterWriteTRBBuild              (abs)        00000
__size_of_I2C1_Stop                             (abs)        00000
__size_of_I2C1_WaitForLastPacketToComplete      (abs)        00000
__size_of_INTERRUPT_InterruptManager            (abs)        00000
__size_of_OSCILLATOR_Initialize                 (abs)        00000
__size_of_PIN_MANAGER_Initialize                (abs)        00000
__size_of_PMD_Initialize                        (abs)        00000
__size_of_SYSTEM_Initialize                     (abs)        00000
__size_of_TM1650_fastPrintNum                   (abs)        00000
__size_of_TM1650_init                           (abs)        00000
__size_of_TM1650_setDigit                       (abs)        00000
__size_of_UART_init                             (abs)        00000
__size_of___lwdiv                               (abs)        00000
__size_of___lwmod                               (abs)        00000
__size_of_main                                  (abs)        00000
__size_of_writeData                             (abs)        00000
_count                                          bssBANK0     00059
_eusart1RxBuffer                                bssBANK1     000A0
_eusart1RxCount                                 bssBANK0     00063
_eusart1RxHead                                  bssBANK0     00064
_eusart1RxLastError                             bssBANK0     00062
_eusart1RxStatusBuffer                          bssBANK0     0004A
_eusart1RxTail                                  bssCOMMON    0007B
_eusart1TxBuffer                                bssBANK1     000A8
_eusart1TxBufferRemaining                       nvBANK0      0006E
_eusart1TxHead                                  bssBANK0     00066
_eusart1TxTail                                  bssBANK0     00065
_i2c1_object                                    bssBANK0     00052
_i2c1_state                                     bssBANK0     00061
_i2c1_tr_queue                                  bssBANK0     0006B
_i2c1_trb_count                                 bssBANK0     00060
_input                                          (abs)        025EF
_main                                           maintext     006FD
_p_i2c1_current                                 bssBANK0     0005E
_p_i2c1_trb_current                             bssBANK0     0005F
_point                                          bssBANK0     00057
_writeData                                      text18       0066F
btemp                                           (abs)        0007E
clear_ram0                                      clrtext      00734
end_of_initialization                           cinit        0006E
int$flags                                       (abs)        0007E
intlevel0                                       functab      00000
intlevel1                                       functab      00000
intlevel2                                       functab      00000
intlevel3                                       functab      00000
intlevel4                                       functab      00000
intlevel5                                       functab      00000
reset_vec                                       reset_vec    00000
start                                           init         00049
start_initialization                            cinit        0004B
writeData@address                               cstackBANK0  00032
writeData@data                                  cstackBANK0  0002E
writeData@dataToSend                            cstackBANK0  00033
writeData@status                                cstackBANK0  00034
wtemp0                                          (abs)        0007E


FUNCTION INFORMATION:

 *************** function _main *****************
 Defined at:
		line 50 in file "main.c"
 Parameters:    Size  Location     Type
		None
 Auto vars:     Size  Location     Type
		None
 Return value:  Size  Location     Type
                  1    wreg      void 
 Registers used:
		wreg, fsr0l, fsr0h, fsr1l, fsr1h, status,2, status,0, pclath, cstack
 Tracked objects:
		On entry : 
		On exit  : 
		Unchanged: 
 Data sizes:     COMMON   BANK0   BANK1   BANK2   BANK3   BANK4   BANK5   BANK6   BANK7   BANK8   BANK9  BANK10  BANK11  BANK12  BANK13  BANK14  BANK15  BANK16  BANK17  BANK18  BANK19  BANK20  BANK21  BANK22  BANK23  BANK24  BANK25
      Params:         0       0       0       0       0       0       0       0       0       0       0       0       0       0       0       0       0       0       0       0       0       0       0       0       0       0       0
      Locals:         0       0       0       0       0       0       0       0       0       0       0       0       0       0       0       0       0       0       0       0       0       0       0       0       0       0       0
      Temps:          0       2       0       0       0       0       0       0       0       0       0       0       0       0       0       0       0       0       0       0       0       0       0       0       0       0       0
      Totals:         0       2       0       0       0       0       0       0       0       0       0       0       0       0       0       0       0       0       0       0       0       0       0       0       0       0       0
Total ram usage:        2 bytes
 Hardware stack levels required when called:    9
 This function calls:
		_TM1650_fastPrintNum
		_TM1650_init
		_UART_init
 This function is called by:
		Startup code after reset
 This function uses a non-reentrant model


 *************** function _UART_init *****************
 Defined at:
		line 13 in file "DMX_Source.c"
 Parameters:    Size  Location     Type
		None
 Auto vars:     Size  Location     Type
		None
 Return value:  Size  Location     Type
                  1    wreg      void 
 Registers used:
		wreg, status,2
 Tracked objects:
		On entry : 
		On exit  : 
		Unchanged: 
 Data sizes:     COMMON   BANK0   BANK1   BANK2   BANK3   BANK4   BANK5   BANK6   BANK7   BANK8   BANK9  BANK10  BANK11  BANK12  BANK13  BANK14  BANK15  BANK16  BANK17  BANK18  BANK19  BANK20  BANK21  BANK22  BANK23  BANK24  BANK25
      Params:         0       0       0       0       0       0       0       0       0       0       0       0       0       0       0       0       0       0       0       0       0       0       0       0       0       0       0
      Locals:         0       0       0       0       0       0       0       0       0       0       0       0       0       0       0       0       0       0       0       0       0       0       0       0       0       0       0
      Temps:          0       0       0       0       0       0       0       0       0       0       0       0       0       0       0       0       0       0       0       0       0       0       0       0       0       0       0
      Totals:         0       0       0       0       0       0       0       0       0       0       0       0       0       0       0       0       0       0       0       0       0       0       0       0       0       0       0
Total ram usage:        0 bytes
 Hardware stack levels used:    1
 Hardware stack levels required when called:    3
 This function calls:
		Nothing
 This function is called by:
		_main
 This function uses a non-reentrant model


 *************** function _TM1650_init *****************
 Defined at:
		line 12 in file "tm1650.c"
 Parameters:    Size  Location     Type
		None
 Auto vars:     Size  Location     Type
		None
 Return value:  Size  Location     Type
                  1    wreg      void 
 Registers used:
		wreg, fsr1l, fsr1h, status,2, status,0, pclath, cstack
 Tracked objects:
		On entry : 
		On exit  : 
		Unchanged: 
 Data sizes:     COMMON   BANK0   BANK1   BANK2   BANK3   BANK4   BANK5   BANK6   BANK7   BANK8   BANK9  BANK10  BANK11  BANK12  BANK13  BANK14  BANK15  BANK16  BANK17  BANK18  BANK19  BANK20  BANK21  BANK22  BANK23  BANK24  BANK25
      Params:         0       0       0       0       0       0       0       0       0       0       0       0       0       0       0       0       0       0       0       0       0       0       0       0       0       0       0
      Locals:         0       0       0       0       0       0       0       0       0       0       0       0       0       0       0       0       0       0       0       0       0       0       0       0       0       0       0
      Temps:          0       0       0       0       0       0       0       0       0       0       0       0       0       0       0       0       0       0       0       0       0       0       0       0       0       0       0
      Totals:         0       0       0       0       0       0       0       0       0       0       0       0       0       0       0       0       0       0       0       0       0       0       0       0       0       0       0
Total ram usage:        0 bytes
 Hardware stack levels used:    1
 Hardware stack levels required when called:    7
 This function calls:
		_SYSTEM_Initialize
		_writeData
 This function is called by:
		_main
 This function uses a non-reentrant model


 *************** function _SYSTEM_Initialize *****************
 Defined at:
		line 50 in file "mcc_generated_files/mcc.c"
 Parameters:    Size  Location     Type
		None
 Auto vars:     Size  Location     Type
		None
 Return value:  Size  Location     Type
                  1    wreg      void 
 Registers used:
		wreg, status,2, status,0, pclath, cstack
 Tracked objects:
		On entry : 
		On exit  : 
		Unchanged: 
 Data sizes:     COMMON   BANK0   BANK1   BANK2   BANK3   BANK4   BANK5   BANK6   BANK7   BANK8   BANK9  BANK10  BANK11  BANK12  BANK13  BANK14  BANK15  BANK16  BANK17  BANK18  BANK19  BANK20  BANK21  BANK22  BANK23  BANK24  BANK25
      Params:         0       0       0       0       0       0       0       0       0       0       0       0       0       0       0       0       0       0       0       0       0       0       0       0       0       0       0
      Locals:         0       0       0       0       0       0       0       0       0       0       0       0       0       0       0       0       0       0       0       0       0       0       0       0       0       0       0
      Temps:          0       0       0       0       0       0       0       0       0       0       0       0       0       0       0       0       0       0       0       0       0       0       0       0       0       0       0
      Totals:         0       0       0       0       0       0       0       0       0       0       0       0       0       0       0       0       0       0       0       0       0       0       0       0       0       0       0
Total ram usage:        0 bytes
 Hardware stack levels used:    1
 Hardware stack levels required when called:    5
 This function calls:
		_EUSART1_Initialize
		_I2C1_Initialize
		_OSCILLATOR_Initialize
		_PIN_MANAGER_Initialize
		_PMD_Initialize
 This function is called by:
		_TM1650_init
 This function uses a non-reentrant model


 *************** function _PMD_Initialize *****************
 Defined at:
		line 73 in file "mcc_generated_files/mcc.c"
 Parameters:    Size  Location     Type
		None
 Auto vars:     Size  Location     Type
		None
 Return value:  Size  Location     Type
                  1    wreg      void 
 Registers used:
		status,2
 Tracked objects:
		On entry : 
		On exit  : 
		Unchanged: 
 Data sizes:     COMMON   BANK0   BANK1   BANK2   BANK3   BANK4   BANK5   BANK6   BANK7   BANK8   BANK9  BANK10  BANK11  BANK12  BANK13  BANK14  BANK15  BANK16  BANK17  BANK18  BANK19  BANK20  BANK21  BANK22  BANK23  BANK24  BANK25
      Params:         0       0       0       0       0       0       0       0       0       0       0       0       0       0       0       0       0       0       0       0       0       0       0       0       0       0       0
      Locals:         0       0       0       0       0       0       0       0       0       0       0       0       0       0       0       0       0       0       0       0       0       0       0       0       0       0       0
      Temps:          0       0       0       0       0       0       0       0       0       0       0       0       0       0       0       0       0       0       0       0       0       0       0       0       0       0       0
      Totals:         0       0       0       0       0       0       0       0       0       0       0       0       0       0       0       0       0       0       0       0       0       0       0       0       0       0       0
Total ram usage:        0 bytes
 Hardware stack levels used:    1
 Hardware stack levels required when called:    3
 This function calls:
		Nothing
 This function is called by:
		_SYSTEM_Initialize
 This function uses a non-reentrant model


 *************** function _PIN_MANAGER_Initialize *****************
 Defined at:
		line 55 in file "mcc_generated_files/pin_manager.c"
 Parameters:    Size  Location     Type
		None
 Auto vars:     Size  Location     Type
		None
 Return value:  Size  Location     Type
                  1    wreg      void 
 Registers used:
		wreg, status,2
 Tracked objects:
		On entry : 
		On exit  : 
		Unchanged: 
 Data sizes:     COMMON   BANK0   BANK1   BANK2   BANK3   BANK4   BANK5   BANK6   BANK7   BANK8   BANK9  BANK10  BANK11  BANK12  BANK13  BANK14  BANK15  BANK16  BANK17  BANK18  BANK19  BANK20  BANK21  BANK22  BANK23  BANK24  BANK25
      Params:         0       0       0       0       0       0       0       0       0       0       0       0       0       0       0       0       0       0       0       0       0       0       0       0       0       0       0
      Locals:         0       0       0       0       0       0       0       0       0       0       0       0       0       0       0       0       0       0       0       0       0       0       0       0       0       0       0
      Temps:          0       0       0       0       0       0       0       0       0       0       0       0       0       0       0       0       0       0       0       0       0       0       0       0       0       0       0
      Totals:         0       0       0       0       0       0       0       0       0       0       0       0       0       0       0       0       0       0       0       0       0       0       0       0       0       0       0
Total ram usage:        0 bytes
 Hardware stack levels used:    1
[...]
		 -> writeData@status(1), 
 Auto vars:     Size  Location     Type
  pdata           1   13[BANK0 ] PTR unsigned char 
		 -> writeData@dataToSend(1), 
 Return value:  Size  Location     Type
                  1    wreg      void 
 Registers used:
		wreg, fsr1l, fsr1h, status,2, status,0, pclath, cstack
 Tracked objects:
		On entry : 
		On exit  : 
		Unchanged: 
 Data sizes:     COMMON   BANK0   BANK1   BANK2   BANK3   BANK4   BANK5   BANK6   BANK7   BANK8   BANK9  BANK10  BANK11  BANK12  BANK13  BANK14  BANK15  BANK16  BANK17  BANK18  BANK19  BANK20  BANK21  BANK22  BANK23  BANK24  BANK25
      Params:         0       4       0       0       0       0       0       0       0       0       0       0       0       0       0       0       0       0       0       0       0       0       0       0       0       0       0
      Locals:         0       1       0       0       0       0       0       0       0       0       0       0       0       0       0       0       0       0       0       0       0       0       0       0       0       0       0
      Temps:          0       2       0       0       0       0       0       0       0       0       0       0       0       0       0       0       0       0       0       0       0       0       0       0       0       0       0
      Totals:         0       7       0       0       0       0       0       0       0       0       0       0       0       0       0       0       0       0       0       0       0       0       0       0       0       0       0
Total ram usage:        7 bytes
 Hardware stack levels used:    1
 Hardware stack levels required when called:    5
 This function calls:
		_I2C1_MasterTRBInsert
		_I2C1_MasterWriteTRBBuild
 This function is called by:
		_writeData
 This function uses a non-reentrant model


 *************** function _I2C1_MasterWriteTRBBuild *****************
 Defined at:
		line 721 in file "mcc_generated_files/i2c1.c"
 Parameters:    Size  Location     Type
  ptrb            1    wreg     PTR struct .
		 -> I2C1_MasterWrite@trBlock(4), 
  pdata           1    0[BANK0 ] PTR unsigned char 
		 -> writeData@dataToSend(1), 
  length          1    1[BANK0 ] unsigned char 
  address         2    2[BANK0 ] unsigned short 
 Auto vars:     Size  Location     Type
  ptrb            1    6[BANK0 ] PTR struct .
		 -> I2C1_MasterWrite@trBlock(4), 
 Return value:  Size  Location     Type
                  1    wreg      void 
 Registers used:
		wreg, fsr1l, fsr1h, status,2, status,0
 Tracked objects:
		On entry : 
		On exit  : 
		Unchanged: 
 Data sizes:     COMMON   BANK0   BANK1   BANK2   BANK3   BANK4   BANK5   BANK6   BANK7   BANK8   BANK9  BANK10  BANK11  BANK12  BANK13  BANK14  BANK15  BANK16  BANK17  BANK18  BANK19  BANK20  BANK21  BANK22  BANK23  BANK24  BANK25
      Params:         0       4       0       0       0       0       0       0       0       0       0       0       0       0       0       0       0       0       0       0       0       0       0       0       0       0       0
      Locals:         0       1       0       0       0       0       0       0       0       0       0       0       0       0       0       0       0       0       0       0       0       0       0       0       0       0       0
      Temps:          0       2       0       0       0       0       0       0       0       0       0       0       0       0       0       0       0       0       0       0       0       0       0       0       0       0       0
      Totals:         0       7       0       0       0       0       0       0       0       0       0       0       0       0       0       0       0       0       0       0       0       0       0       0       0       0       0
Total ram usage:        7 bytes
 Hardware stack levels used:    1
 Hardware stack levels required when called:    3
 This function calls:
		Nothing
 This function is called by:
		_I2C1_MasterWrite
 This function uses a non-reentrant model


 *************** function _I2C1_MasterTRBInsert *****************
 Defined at:
		line 654 in file "mcc_generated_files/i2c1.c"
 Parameters:    Size  Location     Type
  count           1    wreg     unsigned char 
  ptrb_list       1    0[BANK0 ] PTR struct .
		 -> I2C1_MasterRead@trBlock(4), I2C1_MasterWrite@trBlock(4), 
  pflag           1    1[BANK0 ] PTR enum E10866
		 -> writeData@status(1), 
 Auto vars:     Size  Location     Type
  count           1    3[BANK0 ] unsigned char 
 Return value:  Size  Location     Type
                  1    wreg      void 
 Registers used:
		wreg, fsr1l, fsr1h, status,2, status,0, pclath, cstack
 Tracked objects:
		On entry : 
		On exit  : 
		Unchanged: 
 Data sizes:     COMMON   BANK0   BANK1   BANK2   BANK3   BANK4   BANK5   BANK6   BANK7   BANK8   BANK9  BANK10  BANK11  BANK12  BANK13  BANK14  BANK15  BANK16  BANK17  BANK18  BANK19  BANK20  BANK21  BANK22  BANK23  BANK24  BANK25
      Params:         0       2       0       0       0       0       0       0       0       0       0       0       0       0       0       0       0       0       0       0       0       0       0       0       0       0       0
      Locals:         0       1       0       0       0       0       0       0       0       0       0       0       0       0       0       0       0       0       0       0       0       0       0       0       0       0       0
      Temps:          0       1       0       0       0       0       0       0       0       0       0       0       0       0       0       0       0       0       0       0       0       0       0       0       0       0       0
      Totals:         0       4       0       0       0       0       0       0       0       0       0       0       0       0       0       0       0       0       0       0       0       0       0       0       0       0       0
Total ram usage:        4 bytes
 Hardware stack levels used:    1
 Hardware stack levels required when called:    4
 This function calls:
		_I2C1_WaitForLastPacketToComplete
 This function is called by:
		_I2C1_MasterWrite
		_I2C1_MasterRead
 This function uses a non-reentrant model


 *************** function _I2C1_WaitForLastPacketToComplete *****************
 Defined at:
		line 644 in file "mcc_generated_files/i2c1.c"
 Parameters:    Size  Location     Type
		None
 Auto vars:     Size  Location     Type
		None
 Return value:  Size  Location     Type
                  1    wreg      void 
 Registers used:
		wreg, status,2, status,0
 Tracked objects:
		On entry : 
		On exit  : 
		Unchanged: 
 Data sizes:     COMMON   BANK0   BANK1   BANK2   BANK3   BANK4   BANK5   BANK6   BANK7   BANK8   BANK9  BANK10  BANK11  BANK12  BANK13  BANK14  BANK15  BANK16  BANK17  BANK18  BANK19  BANK20  BANK21  BANK22  BANK23  BANK24  BANK25
      Params:         0       0       0       0       0       0       0       0       0       0       0       0       0       0       0       0       0       0       0       0       0       0       0       0       0       0       0
      Locals:         0       0       0       0       0       0       0       0       0       0       0       0       0       0       0       0       0       0       0       0       0       0       0       0       0       0       0
      Temps:          0       0       0       0       0       0       0       0       0       0       0       0       0       0       0       0       0       0       0       0       0       0       0       0       0       0       0
      Totals:         0       0       0       0       0       0       0       0       0       0       0       0       0       0       0       0       0       0       0       0       0       0       0       0       0       0       0
Total ram usage:        0 bytes
 Hardware stack levels used:    1
 Hardware stack levels required when called:    3
 This function calls:
		Nothing
 This function is called by:
		_I2C1_MasterTRBInsert
 This function uses a non-reentrant model


 *************** function _INTERRUPT_InterruptManager *****************
 Defined at:
		line 53 in file "mcc_generated_files/interrupt_manager.c"
 Parameters:    Size  Location     Type
		None
 Auto vars:     Size  Location     Type
  dataIn          1   10[COMMON] unsigned char 
 Return value:  Size  Location     Type
                  1    wreg      void 
 Registers used:
		wreg, fsr0l, fsr0h, fsr1l, fsr1h, status,2, status,0, pclath, cstack
 Tracked objects:
		On entry : 
		On exit  : 
		Unchanged: 
 Data sizes:     COMMON   BANK0   BANK1   BANK2   BANK3   BANK4   BANK5   BANK6   BANK7   BANK8   BANK9  BANK10  BANK11  BANK12  BANK13  BANK14  BANK15  BANK16  BANK17  BANK18  BANK19  BANK20  BANK21  BANK22  BANK23  BANK24  BANK25
      Params:         0       0       0       0       0       0       0       0       0       0       0       0       0       0       0       0       0       0       0       0       0       0       0       0       0       0       0
      Locals:         1       0       0       0       0       0       0       0       0       0       0       0       0       0       0       0       0       0       0       0       0       0       0       0       0       0       0
      Temps:          4       0       0       0       0       0       0       0       0       0       0       0       0       0       0       0       0       0       0       0       0       0       0       0       0       0       0
      Totals:         5       0       0       0       0       0       0       0       0       0       0       0       0       0       0       0       0       0       0       0       0       0       0       0       0       0       0
Total ram usage:        5 bytes
 Hardware stack levels used:    1
 Hardware stack levels required when called:    2
 This function calls:
		_I2C1_BusCollisionISR
		_I2C1_ISR
 This function is called by:
		Interrupt level 1
 This function uses a non-reentrant model


 *************** function _I2C1_ISR *****************
 Defined at:
		line 235 in file "mcc_generated_files/i2c1.c"
 Parameters:    Size  Location     Type
		None
 Auto vars:     Size  Location     Type
		None
 Return value:  Size  Location     Type
                  1    wreg      void 
 Registers used:
		wreg, fsr0l, fsr0h, fsr1l, fsr1h, status,2, status,0, pclath, cstack
 Tracked objects:
		On entry : 
		On exit  : 
		Unchanged: 
 Data sizes:     COMMON   BANK0   BANK1   BANK2   BANK3   BANK4   BANK5   BANK6   BANK7   BANK8   BANK9  BANK10  BANK11  BANK12  BANK13  BANK14  BANK15  BANK16  BANK17  BANK18  BANK19  BANK20  BANK21  BANK22  BANK23  BANK24  BANK25
      Params:         0       0       0       0       0       0       0       0       0       0       0       0       0       0       0       0       0       0       0       0       0       0       0       0       0       0       0
      Locals:         0       0       0       0       0       0       0       0       0       0       0       0       0       0       0       0       0       0       0       0       0       0       0       0       0       0       0
      Temps:          4       0       0       0       0       0       0       0       0       0       0       0       0       0       0       0       0       0       0       0       0       0       0       0       0       0       0
      Totals:         4       0       0       0       0       0       0       0       0       0       0       0       0       0       0       0       0       0       0       0       0       0       0       0       0       0       0
Total ram usage:        4 bytes
 Hardware stack levels used:    1
 Hardware stack levels required when called:    1
 This function calls:
		_I2C1_FunctionComplete
		_I2C1_Stop
 This function is called by:
		_INTERRUPT_InterruptManager
 This function uses a non-reentrant model


 *************** function _I2C1_Stop *****************
 Defined at:
		line 583 in file "mcc_generated_files/i2c1.c"
 Parameters:    Size  Location     Type
  completion_c    1    wreg     enum E10866
 Auto vars:     Size  Location     Type
  completion_c    1    1[COMMON] enum E10866
 Return value:  Size  Location     Type
                  1    wreg      void 
 Registers used:
		wreg, fsr1l, fsr1h, status,2, status,0
 Tracked objects:
		On entry : 
		On exit  : 
		Unchanged: 
 Data sizes:     COMMON   BANK0   BANK1   BANK2   BANK3   BANK4   BANK5   BANK6   BANK7   BANK8   BANK9  BANK10  BANK11  BANK12  BANK13  BANK14  BANK15  BANK16  BANK17  BANK18  BANK19  BANK20  BANK21  BANK22  BANK23  BANK24  BANK25
      Params:         0       0       0       0       0       0       0       0       0       0       0       0       0       0       0       0       0       0       0       0       0       0       0       0       0       0       0
      Locals:         1       0       0       0       0       0       0       0       0       0       0       0       0       0       0       0       0       0       0       0       0       0       0       0       0       0       0
      Temps:          1       0       0       0       0       0       0       0       0       0       0       0       0       0       0       0       0       0       0       0       0       0       0       0       0       0       0
      Totals:         2       0       0       0       0       0       0       0       0       0       0       0       0       0       0       0       0       0       0       0       0       0       0       0       0       0       0
Total ram usage:        2 bytes
 Hardware stack levels used:    1
 This function calls:
		Nothing
 This function is called by:
		_I2C1_ISR
 This function uses a non-reentrant model


 *************** function _I2C1_FunctionComplete *****************
 Defined at:
		line 565 in file "mcc_generated_files/i2c1.c"
 Parameters:    Size  Location     Type
		None
 Auto vars:     Size  Location     Type
		None
 Return value:  Size  Location     Type
                  1    wreg      void 
 Registers used:
		wreg, status,2, status,0
 Tracked objects:
		On entry : 
		On exit  : 
		Unchanged: 
 Data sizes:     COMMON   BANK0   BANK1   BANK2   BANK3   BANK4   BANK5   BANK6   BANK7   BANK8   BANK9  BANK10  BANK11  BANK12  BANK13  BANK14  BANK15  BANK16  BANK17  BANK18  BANK19  BANK20  BANK21  BANK22  BANK23  BANK24  BANK25
      Params:         0       0       0       0       0       0       0       0       0       0       0       0       0       0       0       0       0       0       0       0       0       0       0       0       0       0       0
      Locals:         0       0       0       0       0       0       0       0       0       0       0       0       0       0       0       0       0       0       0       0       0       0       0       0       0       0       0
      Temps:          1       0       0       0       0       0       0       0       0       0       0       0       0       0       0       0       0       0       0       0       0       0       0       0       0       0       0
      Totals:         1       0       0       0       0       0       0       0       0       0       0       0       0       0       0       0       0       0       0       0       0       0       0       0       0       0       0
Total ram usage:        1 bytes
 Hardware stack levels used:    1
 This function calls:
		Nothing
 This function is called by:
		_I2C1_ISR
 This function uses a non-reentrant model


 *************** function _I2C1_BusCollisionISR *****************
 Defined at:
		line 742 in file "mcc_generated_files/i2c1.c"
 Parameters:    Size  Location     Type
		None
 Auto vars:     Size  Location     Type
		None
 Return value:  Size  Location     Type
                  1    wreg      void 
 Registers used:
		None
 Tracked objects:
		On entry : 
		On exit  : 
		Unchanged: 
 Data sizes:     COMMON   BANK0   BANK1   BANK2   BANK3   BANK4   BANK5   BANK6   BANK7   BANK8   BANK9  BANK10  BANK11  BANK12  BANK13  BANK14  BANK15  BANK16  BANK17  BANK18  BANK19  BANK20  BANK21  BANK22  BANK23  BANK24  BANK25
      Params:         0       0       0       0       0       0       0       0       0       0       0       0       0       0       0       0       0       0       0       0       0       0       0       0       0       0       0
      Locals:         0       0       0       0       0       0       0       0       0       0       0       0       0       0       0       0       0       0       0       0       0       0       0       0       0       0       0
      Temps:          0       0       0       0       0       0       0       0       0       0       0       0       0       0       0       0       0       0       0       0       0       0       0       0       0       0       0
      Totals:         0       0       0       0       0       0       0       0       0       0       0       0       0       0       0       0       0       0       0       0       0       0       0       0       0       0       0
Total ram usage:        0 bytes
 Hardware stack levels used:    1
 This function calls:
		Nothing
 This function is called by:
		_INTERRUPT_InterruptManager
 This function uses a non-reentrant model



MODULE INFORMATION

Module		Function		Class		Link	Load	Size
C:\Program Files (x86)\Microchip\xc8\v2.05\pic\sources\c99\common\lwmod.c
		___lwmod       		CODE           	061B	0000	46

C:\Program Files (x86)\Microchip\xc8\v2.05\pic\sources\c99\common\lwmod.c estimated size: 46

mcc_generated_files/interrupt_manager.c
		_INTERRUPT_InterruptManager		CODE           	0004	0000	70

mcc_generated_files/interrupt_manager.c estimated size: 70

mcc_generated_files/i2c1.c
		_I2C1_BusCollisionISR		CODE           	0791	0000	4
		_I2C1_FunctionComplete		CODE           	0714	0000	18
		_I2C1_MasterWriteTRBBuild		CODE           	0690	0000	33
		_I2C1_ISR      		CODE           	033D	0000	330
		_I2C1_MasterWrite		CODE           	0648	0000	40
		_I2C1_Initialize		CODE           	06CC	0000	26
		_I2C1_Stop     		CODE           	06E5	0000	25
		_I2C1_WaitForLastPacketToComplete		CODE           	078C	0000	6
		_I2C1_MasterTRBInsert		CODE           	052F	0000	70

mcc_generated_files/i2c1.c estimated size: 552

mcc_generated_files/pin_manager.c
		_PIN_MANAGER_Initialize		CODE           	05EC	0000	48

mcc_generated_files/pin_manager.c estimated size: 48

C:\Program Files (x86)\Microchip\xc8\v2.05\pic\sources\c99\common\lwdiv.c
		___lwdiv       		CODE           	05B7	0000	54

C:\Program Files (x86)\Microchip\xc8\v2.05\pic\sources\c99\common\lwdiv.c estimated size: 54

shared
		__initialization		CODE           	004B	0000	36
		TM1650_setDigit@charTable		STRCODE        	0486	0000	97

shared estimated size: 133

mcc_generated_files/eusart1.c
		_EUSART1_SetRxInterruptHandler		CODE           	0768	0000	10
		_EUSART1_SetTxInterruptHandler		CODE           	075F	0000	10
		_EUSART1_Initialize		CODE           	0574	0000	68
		_EUSART1_SetFramingErrorHandler		CODE           	077A	0000	10
		_EUSART1_SetOverrunErrorHandler		CODE           	0771	0000	10
		_EUSART1_SetErrorHandler		CODE           	0783	0000	10

mcc_generated_files/eusart1.c estimated size: 118

mcc_generated_files/mcc.c
		_PMD_Initialize		CODE           	074C	0000	11
		_OSCILLATOR_Initialize		CODE           	0756	0000	10
		_SYSTEM_Initialize		CODE           	0725	0000	16

mcc_generated_files/mcc.c estimated size: 37

DMX_Source.c
		_UART_init     		CODE           	06B0	0000	29

DMX_Source.c estimated size: 29

tm1650.c
		_TM1650_init   		CODE           	0740	0000	13
		_TM1650_fastPrintNum		CODE           	0072	0000	716
		_writeData     		CODE           	066F	0000	34
		_TM1650_setDigit		CODE           	04E6	0000	74

tm1650.c estimated size: 837

main.c
		_main          		CODE           	06FD	0000	24

main.c estimated size: 24

