Microchip MPLAB XC8 Compiler V2.05 ()

Linker command line:

-W-3 --edf=C:\Program Files (x86)\Microchip\xc8\v2.05\pic\dat\en_msgs.txt \
  -cs -h+dist/default/production\DMX3.X.production.sym \
  --cmf=dist/default/production\DMX3.X.production.cmf -z -Q16F18446 \
  -oC:\Users\apatc\AppData\Local\Temp\sf78.2 --defsym=__MPLAB_BUILD=1 \
  -Mdist/default/production/DMX3.X.production.map -E1 -ver=XC8 --acfsm=1493 \
  -ASTACK=020D0h-025EEh -pstack=STACK -ACODE=00h-07FFhx8 \
  -ASTRCODE=00h-03FFFh -ASTRING=00h-0FFhx64 -ACONST=00h-0FFhx64 \
  -AENTRY=00h-0FFhx64 -ACOMMON=070h-07Fh -ABANK0=020h-06Fh \
  -ABANK1=0A0h-0EFh -ABANK2=0120h-016Fh -ABANK3=01A0h-01EFh \
  -ABANK4=0220h-026Fh -ABANK5=02A0h-02EFh -ABANK6=0320h-036Fh \
  -ABANK7=03A0h-03EFh -ABANK8=0420h-046Fh -ABANK9=04A0h-04EFh \
  -ABANK10=0520h-056Fh -ABANK11=05A0h-05EFh -ABANK12=0620h-066Fh \
  -ABANK13=06A0h-06EFh -ABANK14=0720h-076Fh -ABANK15=07A0h-07EFh \
  -ABANK16=0820h-086Fh -ABANK17=08A0h-08EFh -ABANK18=0920h-096Fh \
  -ABANK19=09A0h-09EFh -ABANK20=0A20h-0A6Fh -ABANK21=0AA0h-0AEFh \
  -ABANK22=0B20h-0B6Fh -ABANK23=0BA0h-0BEFh -ABANK24=0C20h-0C6Fh \
  -ABANK25=0CA0h-0CBFh -ABIGRAM=02000h-027EFh \
  -ARAM=020h-06Fh,0A0h-0EFh,0120h-016Fh,01A0h-01EFh,0220h-026Fh,02A0h-02EFh,0320h-036Fh,03A0h-03EFh,0420h-046Fh,04A0h-04EFh,0520h-056Fh,05A0h-05EFh,0620h-066Fh,06A0h-06EFh,0720h-076Fh,07A0h-07EFh,0820h-086Fh,08A0h-08EFh,0920h-096Fh,09A0h-09EFh,0A20h-0A6Fh,0AA0h-0AEFh,0B20h-0B6Fh,0BA0h-0BEFh,0C20h-0C6Fh,0CA0h-0CBFh \
  -AABS1=020h-07Fh,0A0h-0EFh,0120h-016Fh,01A0h-01EFh,0220h-026Fh,02A0h-02EFh,0320h-036Fh,03A0h-03EFh,0420h-046Fh,04A0h-04EFh,0520h-056Fh,05A0h-05EFh,0620h-066Fh,06A0h-06EFh,0720h-076Fh,07A0h-07EFh,0820h-086Fh,08A0h-08EFh,0920h-096Fh,09A0h-09EFh,0A20h-0A6Fh,0AA0h-0AEFh,0B20h-0B6Fh,0BA0h-0BEFh,0C20h-0C6Fh,0CA0h-0CBFh \
  -ASFR0=00h-01Fh -ASFR1=080h-09Fh -ASFR2=0100h-011Fh -ASFR3=0180h-019Fh \
  -ASFR4=0200h-021Fh -ASFR5=0280h-029Fh -ASFR6=0300h-031Fh \
  -ASFR7=0380h-039Fh -ASFR8=0400h-041Fh -ASFR9=0480h-049Fh \
  -ASFR10=0500h-051Fh -ASFR11=0580h-059Fh -ASFR12=0600h-061Fh \
  -ASFR13=0680h-069Fh -ASFR14=0700h-071Fh -ASFR15=0780h-079Fh \
  -ASFR16=0800h-081Fh -ASFR17=0880h-089Fh -ASFR18=0900h-091Fh \
  -ASFR19=0980h-099Fh -ASFR20=0A00h-0A1Fh -ASFR21=0A80h-0A9Fh \
  -ASFR22=0B00h-0B1Fh -ASFR23=0B80h-0B9Fh -ASFR24=0C00h-0C1Fh \
  -ASFR25=0C80h-0C9Fh -ASFR26=0D00h-0D6Fh -ASFR27=0D80h-0DEFh \
  -ASFR28=0E00h-0E6Fh -ASFR29=0E80h-0EEFh -ASFR30=0F00h-0F6Fh \
  -ASFR31=0F80h-0FEFh -ASFR32=01000h-0106Fh -ASFR33=01080h-010EFh \
  -ASFR34=01100h-0116Fh -ASFR35=01180h-011EFh -ASFR36=01200h-0126Fh \
  -ASFR37=01280h-012EFh -ASFR38=01300h-0136Fh -ASFR39=01380h-013EFh \
  -ASFR40=01400h-0146Fh -ASFR41=01480h-014EFh -ASFR42=01500h-0156Fh \
  -ASFR43=01580h-015EFh -ASFR44=01600h-0166Fh -ASFR45=01680h-016EFh \
  -ASFR46=01700h-0176Fh -ASFR47=01780h-017EFh -ASFR48=01800h-0186Fh \
  -ASFR49=01880h-018EFh -ASFR50=01900h-0196Fh -ASFR51=01980h-019EFh \
  -ASFR52=01A00h-01A6Fh -ASFR53=01A80h-01AEFh -ASFR54=01B00h-01B6Fh \
  -ASFR55=01B80h-01BEFh -ASFR56=01C00h-01C6Fh -ASFR57=01C80h-01CEFh \
  -ASFR58=01D00h-01D6Fh -ASFR59=01D80h-01DEFh -ASFR60=01E00h-01E6Fh \
  -ASFR61=01E80h-01EEFh -ASFR62=01F00h-01F6Fh -ASFR63=01F80h-01FEFh \
  -preset_vec=00h,intentry=04h,init,end_init -ppowerup=CODE -pcinit=CODE \
  -pfunctab=ENTRY -ACONFIG=08007h-0800Bh -pconfig=CONFIG -DCONFIG=2 \
  -AIDLOC=08000h-08003h -pidloc=IDLOC -DIDLOC=2 -AEEDATA=00h-0FFh/0F000h \
  -peeprom_data=EEDATA -DEEDATA=2 -DCODE=2 -DSTRCODE=2 -DSTRING=2 -DCONST=2 \
  -DENTRY=2 -k C:\Users\apatc\AppData\Local\Temp\sf78.o \
  dist/default/production\DMX3.X.production.o 

Object code version is 3.11

Machine type is 16F18446



                Name                               Link     Load   Length Selector   Space Scale
C:\Users\apatc\AppData\Local\Temp\sf78.o
                end_init                             52       52        2        8       0
                reset_vec                             0        0        2        0       0
                config                             8007     8007        3    1000E       0
dist/default/production\DMX3.X.production.o
                cinit                                54       54       2D        8       0
                intentry                              4        4       4E        8       0
                text39                              877      877        3     10EE       0
                text38                              7EE      7EE       11        8       0
                text37                              925      925       18     124A       0
                text36                              D50      D50      14A     1AA0       0
                text34                              975      975       20     12EA       0
                text33                              B57      B57       4B     16AE       0
                text32                              887      887        9     110E       0
                text31                              6F2      6F2       FC        8       0
                text30                              8D6      8D6       10     11AC       0
                text29                              87A      87A        5     10F4       0
                text28                              BA2      BA2       52     1744       0
                text27                              995      995       20     132A       0
                text26                              A1D      A1D       2A     143A       0
                text25                              9D5      9D5       21     13AA       0
                text24                              B0E      B0E       49     161C       0
                text23                              AA3      AA3       35     1546       0
                text22                              A47      A47       2D     148E       0
                text21                               81       81      2CB        8       0
                text20                              87F      87F        8     10FE       0
                text19                              8E6      8E6       14     11CC       0
                text18                              8C7      8C7        F     118E       0
                text17                              8FA      8FA       15     11F4       0
                text16                              90F      90F       16     121E       0
                text15                              9F6      9F6       27     13EC       0
                text14                              AD8      AD8       36     15B0       0
                text13                              578      578      17A        8       0
                text12                              9B5      9B5       20     136A       0
                text11                              34C      34C      22C        8       0
                text10                              C54      C54       66     18A8       0
                text9                               CBA      CBA       96     1974       0
                text8                               E9A      E9A      166     1D34       0
                text7                               93D      93D       1C     127A       0
                text6                               890      890        9     1120       0
                text5                               A74      A74       2F     14E8       0
                text4                               899      899        A     1132       0
                text3                               8A3      8A3        C     1146       0
                text2                               8AF      8AF        C     115E       0
                text1                               959      959       1C     12B2       0
                maintext                            BF4      BF4       60     17E8       0
                cstackBANK0                          20       20       50       20       1
                cstackCOMMON                         70       70        B       70       1
                cstackBANK1                          DD       DD       11       A0       1
                clrtext                             8BB      8BB        C     1176       0
                bssBANK2                            120      120       30      120       1
                bssBANK1                             A0       A0       3D       A0       1
                dataCOMMON                           7B       7B        2       70       1
                bssCOMMON                            7D       7D        1       70       1
                stringtext1                        1000     1000       60     2000       0
                idataCOMMON                           2        2        2        0       0

TOTAL           Name                               Link     Load   Length     Space
        CLASS   STACK          

        CLASS   CODE           
                end_init                             52       52        2         0
                cinit                                54       54       2D         0
                intentry                              4        4       4E         0
                reset_vec                             0        0        2         0
                text39                              877      877        3         0
                text38                              7EE      7EE       11         0
                text37                              925      925       18         0
                text36                              D50      D50      14A         0
                text34                              975      975       20         0
                text33                              B57      B57       4B         0
                text32                              887      887        9         0
                text31                              6F2      6F2       FC         0
                text30                              8D6      8D6       10         0
                text29                              87A      87A        5         0
                text28                              BA2      BA2       52         0
                text27                              995      995       20         0
                text26                              A1D      A1D       2A         0
                text25                              9D5      9D5       21         0
                text24                              B0E      B0E       49         0
                text23                              AA3      AA3       35         0
                text22                              A47      A47       2D         0
                text21                               81       81      2CB         0
                text20                              87F      87F        8         0
                text19                              8E6      8E6       14         0
                text18                              8C7      8C7        F         0
                text17                              8FA      8FA       15         0
                text16                              90F      90F       16         0
                text15                              9F6      9F6       27         0
                text14                              AD8      AD8       36         0
                text13                              578      578      17A         0
                text12                              9B5      9B5       20         0
                text11                              34C      34C      22C         0
                text10                              C54      C54       66         0
                text9                               CBA      CBA       96         0
                text8                               E9A      E9A      166         0
                text7                               93D      93D       1C         0
                text6                               890      890        9         0
                text5                               A74      A74       2F         0
                text4                               899      899        A         0
                text3                               8A3      8A3        C         0
                text2                               8AF      8AF        C         0
                text1                               959      959       1C         0
                maintext                            BF4      BF4       60         0
                clrtext                             8BB      8BB        C         0
                idataCOMMON                           2        2        2         0

        CLASS   STRCODE        
                stringtext1                        1000     1000       60         0

        CLASS   STRING         

        CLASS   CONST          

        CLASS   ENTRY          

        CLASS   COMMON         
                cstackCOMMON                         70       70        B         1
                dataCOMMON                           7B       7B        2         1
                bssCOMMON                            7D       7D        1         1

        CLASS   BANK0          
                cstackBANK0                          20       20       50         1

        CLASS   BANK1          
                cstackBANK1                          DD       DD       11         1
                bssBANK1                             A0       A0       3D         1

        CLASS   BANK2          
                bssBANK2                            120      120       30         1

        CLASS   BANK3          

        CLASS   BANK4          

        CLASS   BANK5          

        CLASS   BANK6          

        CLASS   BANK7          

        CLASS   BANK8          

        CLASS   BANK9          

        CLASS   BANK10         

        CLASS   BANK11         

        CLASS   BANK12         

        CLASS   BANK13         

        CLASS   BANK14         

        CLASS   BANK15         

        CLASS   BANK16         

        CLASS   BANK17         

        CLASS   BANK18         

        CLASS   BANK19         

        CLASS   BANK20         

        CLASS   BANK21         

        CLASS   BANK22         

        CLASS   BANK23         

        CLASS   BANK24         

        CLASS   BANK25         

        CLASS   BIGRAM         

        CLASS   RAM            

        CLASS   ABS1           
                abs_s1                               7E       7E        2         1
                abs_s1                              96F      96F        1         1
                abs_s1                              9A0      9A0       50         1
                abs_s1                              A20      A20       50         1
                abs_s1                              AA0      AA0       50         1
                abs_s1                              B20      B20       50         1
                abs_s1                              BA0      BA0       50         1
                abs_s1                              C20      C20       50         1
                abs_s1                              CA0      CA0       20         1
                abs_s1                             25EF     25EF        0         1

        CLASS   SFR0           

        CLASS   SFR1           

        CLASS   SFR2           

        CLASS   SFR3           

        CLASS   SFR4           

        CLASS   SFR5           

        CLASS   SFR6           

        CLASS   SFR7           

        CLASS   SFR8           

        CLASS   SFR9           

        CLASS   SFR10          

        CLASS   SFR11          

        CLASS   SFR12          

        CLASS   SFR13          

        CLASS   SFR14          

        CLASS   SFR15          

        CLASS   SFR16          

        CLASS   SFR17          

        CLASS   SFR18          

        CLASS   SFR19          

        CLASS   SFR20          

        CLASS   SFR21          

        CLASS   SFR22          

        CLASS   SFR23          

        CLASS   SFR24          

        CLASS   SFR25          

        CLASS   SFR26          

        CLASS   SFR27          

        CLASS   SFR28          

        CLASS   SFR29          

        CLASS   SFR30          

        CLASS   SFR31          

        CLASS   SFR32          

        CLASS   SFR33          

        CLASS   SFR34          

        CLASS   SFR35          

        CLASS   SFR36          

        CLASS   SFR37          

        CLASS   SFR38          

        CLASS   SFR39          

        CLASS   SFR40          

        CLASS   SFR41          

        CLASS   SFR42          

        CLASS   SFR43          

        CLASS   SFR44          

        CLASS   SFR45          

        CLASS   SFR46          

        CLASS   SFR47          

        CLASS   SFR48          

        CLASS   SFR49          

        CLASS   SFR50          

        CLASS   SFR51          

        CLASS   SFR52          

        CLASS   SFR53          

        CLASS   SFR54          

        CLASS   SFR55          

        CLASS   SFR56          

        CLASS   SFR57          

        CLASS   SFR58          

        CLASS   SFR59          

        CLASS   SFR60          

        CLASS   SFR61          

        CLASS   SFR62          

        CLASS   SFR63          

        CLASS   CONFIG         
                config                             8007     8007        3         0

        CLASS   IDLOC          

        CLASS   EEDATA         

        CLASS   BANK63         

        CLASS   BANK62         

        CLASS   BANK61         

        CLASS   BANK60         

        CLASS   BANK59         

        CLASS   BANK58         

        CLASS   BANK57         

        CLASS   BANK56         

        CLASS   BANK55         

        CLASS   BANK54         

        CLASS   BANK53         

        CLASS   BANK52         

        CLASS   BANK51         

        CLASS   BANK50         

        CLASS   BANK49         

        CLASS   BANK48         

        CLASS   BANK47         

        CLASS   BANK46         

        CLASS   BANK45         

        CLASS   BANK44         

        CLASS   BANK43         

        CLASS   BANK42         

        CLASS   BANK41         

        CLASS   BANK40         

        CLASS   BANK39         

        CLASS   BANK38         

        CLASS   BANK37         

        CLASS   BANK36         

        CLASS   BANK35         

        CLASS   BANK34         

        CLASS   BANK33         

        CLASS   BANK32         

        CLASS   BANK31         

        CLASS   BANK30         

        CLASS   BANK29         

        CLASS   BANK28         

        CLASS   BANK27         

        CLASS   BANK26         



SEGMENTS        Name                           Load    Length   Top    Selector   Space  Class     Delta

                reset_vec                      000000  000004  000004         0       0  CODE        2
                intentry                       000004  0007FB  0007FF         8       0  CODE        2
                cstackBANK0                    000020  000050  000070        20       1  BANK0       1
                cstackCOMMON                   000070  00000E  00007E        70       1  COMMON      1
                bssBANK1                       0000A0  00004E  0000EE        A0       1  BANK1       1
                bssBANK2                       000120  000030  000150       120       1  BANK2       1
                text39                         000877  000003  00087A      10EE       0  CODE        2
                text29                         00087A  000005  00087F      10F4       0  CODE        2
                text20                         00087F  000008  000887      10FE       0  CODE        2
                text32                         000887  000009  000890      110E       0  CODE        2
                text6                          000890  000009  000899      1120       0  CODE        2
                text4                          000899  00000A  0008A3      1132       0  CODE        2
                text3                          0008A3  00000C  0008AF      1146       0  CODE        2
                text2                          0008AF  00000C  0008BB      115E       0  CODE        2
                clrtext                        0008BB  00000C  0008C7      1176       0  CODE        2
                text18                         0008C7  00000F  0008D6      118E       0  CODE        2
                text30                         0008D6  000010  0008E6      11AC       0  CODE        2
                text19                         0008E6  000014  0008FA      11CC       0  CODE        2
                text17                         0008FA  000015  00090F      11F4       0  CODE        2
                text16                         00090F  000016  000925      121E       0  CODE        2
                text37                         000925  000018  00093D      124A       0  CODE        2
                text7                          00093D  00001C  000959      127A       0  CODE        2
                text1                          000959  00001C  000975      12B2       0  CODE        2
                text34                         000975  000020  000995      12EA       0  CODE        2
                text27                         000995  000020  0009B5      132A       0  CODE        2
                text12                         0009B5  000020  0009D5      136A       0  CODE        2
                text25                         0009D5  000021  0009F6      13AA       0  CODE        2
                text15                         0009F6  000027  000A1D      13EC       0  CODE        2
                text26                         000A1D  00002A  000A47      143A       0  CODE        2
                text22                         000A47  00002D  000A74      148E       0  CODE        2
                text5                          000A74  00002F  000AA3      14E8       0  CODE        2
                text23                         000AA3  000035  000AD8      1546       0  CODE        2
                text14                         000AD8  000036  000B0E      15B0       0  CODE        2
                text24                         000B0E  000049  000B57      161C       0  CODE        2
                text33                         000B57  00004B  000BA2      16AE       0  CODE        2
                text28                         000BA2  000052  000BF4      1744       0  CODE        2
                maintext                       000BF4  000060  000C54      17E8       0  CODE        2
                text10                         000C54  000066  000CBA      18A8       0  CODE        2
                text9                          000CBA  000096  000D50      1974       0  CODE        2
                text36                         000D50  00014A  000E9A      1AA0       0  CODE        2
                text8                          000E9A  000166  001000      1D34       0  CODE        2
                stringtext1                    001000  000060  001060      2000       0  STRCODE     2
                config                         008007  000003  00800A     1000E       0  CONFIG      2


UNUSED ADDRESS RANGES

        Name                Unused          Largest block    Delta
        BANK1            000EE-000EF               2           1
        BANK10           00520-0056F              50           1
        BANK11           005A0-005EF              50           1
        BANK12           00620-0066F              50           1
        BANK13           006A0-006EF              50           1
        BANK14           00720-0076F              50           1
        BANK15           007A0-007EF              50           1
        BANK16           00820-0086F              50           1
        BANK17           008A0-008EF              50           1
        BANK18           00920-0096E              4F           1
        BANK2            00150-0016F              20           1
        BANK3            001A0-001EF              50           1
        BANK4            00220-0026F              50           1
        BANK5            002A0-002EF              50           1
        BANK6            00320-0036F              50           1
        BANK7            003A0-003EF              50           1
        BANK8            00420-0046F              50           1
        BANK9            004A0-004EF              50           1
        BIGRAM           02000-027EF             7F0           1
        CODE             007FF-00876               1           2
                         01060-03FFF             800
        CONFIG           0800A-0800B               2           2
        CONST            007FF-00876               1           2
                         01060-03FFF             100
        EEDATA           0F000-0F0FF             100           2
        ENTRY            007FF-00876               1           2
                         01060-03FFF             100
        IDLOC            08000-08003               4           2
        RAM              000EE-000EF               2           1
                         00150-0016F              20
                         001A0-001EF              50
                         00220-0026F              50
                         002A0-002EF              50
                         00320-0036F              50
                         003A0-003EF              50
                         00420-0046F              50
                         004A0-004EF              50
                         00520-0056F              50
                         005A0-005EF              50
                         00620-0066F              50
                         006A0-006EF              50
                         00720-0076F              50
                         007A0-007EF              50
                         00820-0086F              50
                         008A0-008EF              50
                         00920-0096E              4F
        SFR0             00000-0001F              20           1
        SFR1             00080-0009F              20           1
        SFR10            00500-0051F              20           1
        SFR11            00580-0059F              20           1
        SFR12            00600-0061F              20           1
        SFR13            00680-0069F              20           1
        SFR14            00700-0071F              20           1
        SFR15            00780-0079F              20           1
        SFR16            00800-0081F              20           1
        SFR17            00880-0089F              20           1
        SFR18            00900-0091F              20           1
        SFR19            00980-0099F              20           1
        SFR2             00100-0011F              20           1
        SFR20            00A00-00A1F              20           1
        SFR21            00A80-00A9F              20           1
        SFR22            00B00-00B1F              20           1
        SFR23            00B80-00B9F              20           1
        SFR24            00C00-00C1F              20           1
        SFR25            00C80-00C9F              20           1
        SFR26            00D00-00D6F              70           1
        SFR27            00D80-00DEF              70           1
        SFR28            00E00-00E6F              70           1
        SFR29            00E80-00EEF              70           1
        SFR3             00180-0019F              20           1
        SFR30            00F00-00F6F              70           1
        SFR31            00F80-00FEF              70           1
        SFR32            01000-0106F              70           1
        SFR33            01080-010EF              70           1
        SFR34            01100-0116F              70           1
        SFR35            01180-011EF              70           1
        SFR36            01200-0126F              70           1
        SFR37            01280-012EF              70           1
        SFR38            01300-0136F              70           1
        SFR39            01380-013EF              70           1
        SFR4             00200-0021F              20           1
        SFR40            01400-0146F              70           1
        SFR41            01480-014EF              70           1
        SFR42            01500-0156F              70           1
        SFR43            01580-015EF              70           1
        SFR44            01600-0166F              70           1
        SFR45            01680-016EF              70           1
        SFR46            01700-0176F              70           1
        SFR47            01780-017EF              70           1
        SFR48            01800-0186F              70           1
        SFR49            01880-018EF              70           1
        SFR5             00280-0029F              20           1
        SFR50            01900-0196F              70           1
        SFR51            01980-019EF              70           1
        SFR52            01A00-01A6F              70           1
        SFR53            01A80-01AEF              70           1
        SFR54            01B00-01B6F              70           1
        SFR55            01B80-01BEF              70           1
        SFR56            01C00-01C6F              70           1
        SFR57            01C80-01CEF              70           1
        SFR58            01D00-01D6F              70           1
        SFR59            01D80-01DEF              70           1
        SFR6             00300-0031F              20           1
        SFR60            01E00-01E6F              70           1
        SFR61            01E80-01EEF              70           1
        SFR62            01F00-01F6F              70           1
        SFR63            01F80-01FEF              70           1
        SFR7             00380-0039F              20           1
        SFR8             00400-0041F              20           1
        SFR9             00480-0049F              20           1
        STACK            020D0-025EE             51F           1
        STRCODE          007FF-00876              78           2
                         01060-03FFF            2FA0
        STRING           007FF-00876               1           2
                         01060-03FFF             100

                                  Symbol Table

?_CLOCK_getTime                            cstackBANK0  00020
?__Umul8_16                                cstackBANK0  00020
?___fldiv                                  cstackBANK0  0002E
?___flmul                                  cstackBANK0  00048
?___fltol                                  cstackBANK0  00062
?___lwdiv                                  cstackBANK0  00026
?___lwmod                                  cstackBANK0  00020
?___xxtofl                                 cstackBANK0  00020
BUTTONS_isClicked@button                   cstackBANK0  00020
BUTTONS_isHeld@button                      cstackBANK0  00020
BUTTONS_task@btn                           cstackBANK0  00028
BUTTONS_task@i                             cstackBANK0  00025
BUTTONS_task@time                          cstackBANK0  00026
I2C1_ISR@i2c_10bit_address_restart         bssBANK1     000BF
I2C1_ISR@i2c_address                       bssBANK1     000DB
I2C1_ISR@i2c_bytes_left                    bssBANK1     000C0
I2C1_ISR@pi2c_buf_ptr                      bssBANK1     000C1
I2C1_MasterRead@trBlock                    bssBANK1     000D0
I2C1_MasterTRBInsert@count                 cstackBANK0  00023
I2C1_MasterTRBInsert@pflag                 cstackBANK0  00021
I2C1_MasterTRBInsert@ptrb_list             cstackBANK0  00020
I2C1_MasterWrite@address                   cstackBANK0  00028
I2C1_MasterWrite@length                    cstackBANK0  00027
I2C1_MasterWrite@pdata                     cstackBANK0  0002D
I2C1_MasterWrite@pflag                     cstackBANK0  0002A
I2C1_MasterWrite@trBlock                   bssBANK1     000D4
I2C1_MasterWriteTRBBuild@address           cstackBANK0  00022
I2C1_MasterWriteTRBBuild@length            cstackBANK0  00021
I2C1_MasterWriteTRBBuild@pdata             cstackBANK0  00020
I2C1_MasterWriteTRBBuild@ptrb              cstackBANK0  00026
I2C1_Stop@completion_code                  cstackCOMMON 00071
INTERRUPT_InterruptManager@dataIn          cstackCOMMON 0007A
LED_setColor@B                             cstackBANK0  0006E
LED_setColor@G                             cstackBANK0  0006D
LED_setColor@R                             cstackBANK1  000E2
LED_setColor@W                             cstackBANK0  0006F
TM1650_fastPrintNum@array                  cstackBANK0  00042
TM1650_fastPrintNum@num                    cstackBANK0  0003B
TM1650_setDigit@charTable                  stringtext1  01000
TM1650_setDigit@data                       cstackBANK0  0003A
TM1650_setDigit@digit                      cstackBANK0  00039
TM1650_setDigit@dp                         cstackBANK0  00036
TM1650_setDigit@num                        cstackBANK0  00035
_ANSELA                                    (abs)        01F38
_ANSELB                                    (abs)        01F43
_ANSELC                                    (abs)        01F4E
_BAUD1CON                                  (abs)        0011F
_BAUD1CONbits                              (abs)        0011F
_BUTTONS_init                              text33       00B57
_BUTTONS_isClicked                         text19       008E6
_BUTTONS_isHeld                            text18       008C7
_BUTTONS_task                              text31       006F2
_CCP1CONbits                               (abs)        0030E
_CCP2CONbits                               (abs)        00312
_CCP3CONbits                               (abs)        00316
_CCP4CONbits                               (abs)        0031A
_CCPR1H                                    (abs)        0030D
_CCPR1L                                    (abs)        0030C
_CCPR2H                                    (abs)        00311
_CCPR2L                                    (abs)        00310
_CCPR3H                                    (abs)        00315
_CCPR3L                                    (abs)        00314
_CCPR4H                                    (abs)        00319
_CCPR4L                                    (abs)        00318
_CLOCK_getTime                             text32       00887
_CLOCK_init                                text30       008D6
_CONTROLLER_init                           text20       0087F
_CONTROLLER_task                           text15       009F6
_ClockCurrentTime                          bssBANK1     000B5
_EUSART1_DefaultErrorHandler               (abs)        00000
_EUSART1_DefaultFramingErrorHandler        (abs)        00000
_EUSART1_DefaultOverrunErrorHandler        (abs)        00000
_EUSART1_ErrorHandler                      bssBANK1     000AF
_EUSART1_FramingErrorHandler               bssBANK1     000B3
_EUSART1_OverrunErrorHandler               bssBANK1     000B1
_EUSART1_Receive_ISR                       (abs)        00000
_EUSART1_RxDefaultInterruptHandler         bssBANK1     000BB
_EUSART1_Transmit_ISR                      (abs)        00000
_EUSART1_TxDefaultInterruptHandler         bssBANK1     000BD
_I2C1_BusCollisionISR                      text39       00877
_I2C1_FunctionComplete                     text38       007EE
_I2C1_ISR                                  text36       00D50
_I2C1_Initialize                           text7        0093D
_I2C1_MasterTRBInsert                      text28       00BA2
_I2C1_MasterWrite                          text26       00A1D
_I2C1_MasterWriteTRBBuild                  text27       00995
_I2C1_Stop                                 text37       00925
_I2C1_WaitForLastPacketToComplete          text29       0087A
_INTCONbits                                (abs)        0000B
_INTERRUPT_InterruptManager                intentry     00004
_LATA                                      (abs)        00018
_LATB                                      (abs)        00019
_LATC                                      (abs)        0001A
_LED_init                                  text14       00AD8
_LED_setColor                              text8        00E9A
_ODCONA                                    (abs)        01F3A
_ODCONB                                    (abs)        01F45
_ODCONC                                    (abs)        01F50
_OSCCON1                                   (abs)        0088D
_OSCCON3                                   (abs)        0088F
_OSCEN                                     (abs)        00891
_OSCFRQ                                    (abs)        00893
_OSCILLATOR_Initialize                     text6        00890
_OSCTUNE                                   (abs)        00892
_PIE0bits                                  (abs)        00716
_PIE3bits                                  (abs)        00719
_PIN_MANAGER_Initialize                    text5        00A74
_PIR0bits                                  (abs)        0070C
_PIR3bits                                  (abs)        0070F
_PMD0                                      (abs)        00796
_PMD1                                      (abs)        00797
_PMD2                                      (abs)        00798
_PMD3                                      (abs)        00799
_PMD4                                      (abs)        0079A
_PMD5                                      (abs)        0079B
_PMD6                                      (abs)        0079C
_PMD7                                      (abs)        0079D
_PMD_Initialize                            text4        00899
_PORTA                                     (abs)        0000C
_PORTC                                     (abs)        0000E
_RA4PPS                                    (abs)        01F14
_RA5PPS                                    (abs)        01F15
_RB7PPS                                    (abs)        01F1F
_RC1REG                                    (abs)        00119
_RC1STA                                    (abs)        0011D
_RC1STAbits                                (abs)        0011D
_RC3PPS                                    (abs)        01F23
_RC4PPS                                    (abs)        01F24
_RC6PPS                                    (abs)        01F26
_RC7PPS                                    (abs)        01F27
_RX1DTPPS                                  (abs)        01ECB
_RX1PPS                                    (abs)        01ECB
_SLRCONA                                   (abs)        01F3B
_SLRCONB                                   (abs)        01F46
_SLRCONC                                   (abs)        01F51
_SP1BRG                                    (abs)        0011B
_SP1BRGH                                   (abs)        0011C
_SP1BRGL                                   (abs)        0011B
_SSP1ADD                                   (abs)        0018D
_SSP1BUF                                   (abs)        0018C
_SSP1CLKPPS                                (abs)        01EC5
_SSP1CON1                                  (abs)        00190
_SSP1CON1bits                              (abs)        00190
_SSP1CON2bits                              (abs)        00191
_SSP1CON3                                  (abs)        00192
_SSP1DATPPS                                (abs)        01EC6
_SSP1STAT                                  (abs)        0018F
_SYSTEM_Initialize                         text3        008A3
_T0CON0bits                                (abs)        0059E
_T0CON1bits                                (abs)        0059F
_T2CLKCON                                  (abs)        00290
_T2CONbits                                 (abs)        0028E
_TM1650_fastPrintNum                       text21       00081
_TM1650_fastPrintNum$2182                  cstackBANK0  00046
_TM1650_fastPrintNum$2183                  cstackBANK0  00040
_TM1650_fastPrintNum$2184                  cstackBANK0  0003E
_TM1650_init                               text2        008AF
_TM1650_setDigit                           text24       00B0E
_TMR0H                                     (abs)        0059D
_TRISA                                     (abs)        00012
_TRISB                                     (abs)        00013
_TRISB4                                    (abs)        0009C
_TRISC                                     (abs)        00014
_TRISC3                                    (abs)        000A3
_TRISC4                                    (abs)        000A4
_TRISC6                                    (abs)        000A6
_TRISC7                                    (abs)        000A7
_TX1REG                                    (abs)        0011A
_TX1STA                                    (abs)        0011E
_TX1STAbits                                (abs)        0011E
_UART_init                                 text1        00959
_WPUA                                      (abs)        01F39
_WPUB                                      (abs)        01F44
_WPUC                                      (abs)        01F4F
__CFG_FEXTOSC$OFF                          (abs)        00000
__CFG_WDTE$OFF                             (abs)        00000
__Habs1                                    abs1         00000
__Hbank0                                   bank0        00000
__Hbank1                                   bank1        00000
__Hbank10                                  bank10       00000
__Hbank11                                  bank11       00000
__Hbank12                                  bank12       00000
__Hbank13                                  bank13       00000
__Hbank14                                  bank14       00000
__Hbank15                                  bank15       00000
__Hbank16                                  bank16       00000
__Hbank17                                  bank17       00000
__Hbank18                                  bank18       00000
__Hbank19                                  bank19       00000
__Hbank2                                   bank2        00000
__Hbank20                                  bank20       00000
__Hbank21                                  bank21       00000
__Hbank22                                  bank22       00000
__Hbank23                                  bank23       00000
__Hbank24                                  bank24       00000
__Hbank25                                  bank25       00000
__Hbank26                                  bank26       00000
__Hbank27                                  bank27       00000
__Hbank28                                  bank28       00000
__Hbank29                                  bank29       00000
__Hbank3                                   bank3        00000
__Hbank30                                  bank30       00000
__Hbank31                                  bank31       00000
__Hbank32                                  bank32       00000
__Hbank33                                  bank33       00000
__Hbank34                                  bank34       00000
__Hbank35                                  bank35       00000
__Hbank36                                  bank36       00000
__Hbank37                                  bank37       00000
__Hbank38                                  bank38       00000
__Hbank39                                  bank39       00000
__Hbank4                                   bank4        00000
__Hbank40                                  bank40       00000
__Hbank41                                  bank41       00000
__Hbank42                                  bank42       00000
__Hbank43                                  bank43       00000
__Hbank44                                  bank44       00000
__Hbank45                                  bank45       00000
__Hbank46                                  bank46       00000
__Hbank47                                  bank47       00000
__Hbank48                                  bank48       00000
__Hbank49                                  bank49       00000
__Hbank5                                   bank5        00000
__Hbank50                                  bank50       00000
__Hbank51                                  bank51       00000
__Hbank52                                  bank52       00000
__Hbank53                                  bank53       00000
__Hbank54                                  bank54       00000
__Hbank55                                  bank55       00000
__Hbank56                                  bank56       00000
__Hbank57                                  bank57       00000
__Hbank58                                  bank58       00000
__Hbank59                                  bank59       00000
__Hbank6                                   bank6        00000
__Hbank60                                  bank60       00000
__Hbank61                                  bank61       00000
__Hbank62                                  bank62       00000
__Hbank63                                  bank63       00000
__Hbank7                                   bank7        00000
__Hbank8                                   bank8        00000
__Hbank9                                   bank9        00000
__Hbigram                                  bigram       00000
__HbssBANK1                                bssBANK1     00000
__HbssBANK2                                bssBANK2     00000
__HbssCOMMON                               bssCOMMON    00000
__Hcinit                                   cinit        00081
__Hclrtext                                 clrtext      00000
__Hcode                                    code         00000
__Hcommon                                  common       00000
__Hconfig                                  config       0800A
__HcstackBANK0                             cstackBANK0  00000
__HcstackBANK1                             cstackBANK1  00000
__HcstackCOMMON                            cstackCOMMON 00000
__HdataCOMMON                              dataCOMMON   00000
__Heeprom_data                             eeprom_data  00000
__Hend_init                                end_init     00054
__Hfunctab                                 functab      00000
__HidataCOMMON                             idataCOMMON  00000
__Hidloc                                   idloc        00000
__Hinit                                    init         00052
__Hintentry                                intentry     00052
__Hmaintext                                maintext     00000
__Hpowerup                                 powerup      00000
__Hram                                     ram          00000
__Hreset_vec                               reset_vec    00002
__Hsfr0                                    sfr0         00000
__Hsfr1                                    sfr1         00000
__Hsfr10                                   sfr10        00000
__Hsfr11                                   sfr11        00000
__Hsfr12                                   sfr12        00000
__Hsfr13                                   sfr13        00000
__Hsfr14                                   sfr14        00000
__Hsfr15                                   sfr15        00000
__Hsfr16                                   sfr16        00000
__Hsfr17                                   sfr17        00000
__Hsfr18                                   sfr18        00000
__Hsfr19                                   sfr19        00000
__Hsfr2                                    sfr2         00000
__Hsfr20                                   sfr20        00000
__Hsfr21                                   sfr21        00000
__Hsfr22                                   sfr22        00000
__Hsfr23                                   sfr23        00000
__Hsfr24                                   sfr24        00000
__Hsfr25                                   sfr25        00000
__Hsfr26                                   sfr26        00000
__Hsfr27                                   sfr27        00000
__Hsfr28                                   sfr28        00000
__Hsfr29                                   sfr29        00000
__Hsfr3                                    sfr3         00000
__Hsfr30                                   sfr30        00000
__Hsfr31                                   sfr31        00000
__Hsfr32                                   sfr32        00000
__Hsfr33                                   sfr33        00000
__Hsfr34                                   sfr34        00000
__Hsfr35                                   sfr35        00000
__Hsfr36                                   sfr36        00000
__Hsfr37                                   sfr37        00000
__Hsfr38                                   sfr38        00000
__Hsfr39                                   sfr39        00000
__Hsfr4                                    sfr4         00000
__Hsfr40                                   sfr40        00000
__Hsfr41                                   sfr41        00000
__Hsfr42                                   sfr42        00000
__Hsfr43                                   sfr43        00000
__Hsfr44                                   sfr44        00000
__Hsfr45                                   sfr45        00000
__Hsfr46                                   sfr46        00000
__Hsfr47                                   sfr47        00000
__Hsfr48                                   sfr48        00000
__Hsfr49                                   sfr49        00000
__Hsfr5                                    sfr5         00000
__Hsfr50                                   sfr50        00000
__Hsfr51                                   sfr51        00000
__Hsfr52                                   sfr52        00000
__Hsfr53                                   sfr53        00000
__Hsfr54                                   sfr54        00000
__Hsfr55                                   sfr55        00000
__Hsfr56                                   sfr56        00000
__Hsfr57                                   sfr57        00000
__Hsfr58                                   sfr58        00000
__Hsfr59                                   sfr59        00000
__Hsfr6                                    sfr6         00000
__Hsfr60                                   sfr60        00000
__Hsfr61                                   sfr61        00000
__Hsfr62                                   sfr62        00000
__Hsfr63                                   sfr63        00000
__Hsfr7                                    sfr7         00000
__Hsfr8                                    sfr8         00000
__Hsfr9                                    sfr9         00000
__Hspace_0                                 (abs)        0800A
__Hspace_1                                 (abs)        00150
__Hspace_2                                 (abs)        00000
__Hspace_3                                 (abs)        00000
__Hstack                                   stack        00000
__Hstrings                                 strings      00000
__Hstringtext1                             stringtext1  00000
__Htext                                    text         00000
__Labs1                                    abs1         00000
__Lbank0                                   bank0        00000
__Lbank1                                   bank1        00000
__Lbank10                                  bank10       00000
__Lbank11                                  bank11       00000
__Lbank12                                  bank12       00000
__Lbank13                                  bank13       00000
__Lbank14                                  bank14       00000
__Lbank15                                  bank15       00000
__Lbank16                                  bank16       00000
__Lbank17                                  bank17       00000
__Lbank18                                  bank18       00000
__Lbank19                                  bank19       00000
__Lbank2                                   bank2        00000
__Lbank20                                  bank20       00000
__Lbank21                                  bank21       00000
__Lbank22                                  bank22       00000
__Lbank23                                  bank23       00000
__Lbank24                                  bank24       00000
__Lbank25                                  bank25       00000
__Lbank26                                  bank26       00000
__Lbank27                                  bank27       00000
__Lbank28                                  bank28       00000
__Lbank29                                  bank29       00000
__Lbank3                                   bank3        00000
__Lbank30                                  bank30       00000
__Lbank31                                  bank31       00000
__Lbank32                                  bank32       00000
__Lbank33                                  bank33       00000
__Lbank34                                  bank34       00000
__Lbank35                                  bank35       00000
__Lbank36                                  bank36       00000
__Lbank37                                  bank37       00000
__Lbank38                                  bank38       00000
__Lbank39                                  bank39       00000
__Lbank4                                   bank4        00000
__Lbank40                                  bank40       00000
__Lbank41                                  bank41       00000
__Lbank42                                  bank42       00000
__Lbank43                                  bank43       00000
__Lbank44                                  bank44       00000
__Lbank45                                  bank45       00000
__Lbank46                                  bank46       00000
__Lbank47                                  bank47       00000
__Lbank48                                  bank48       00000
__Lbank49                                  bank49       00000
__Lbank5                                   bank5        00000
__Lbank50                                  bank50       00000
__Lbank51                                  bank51       00000
__Lbank52                                  bank52       00000
__Lbank53                                  bank53       00000
__Lbank54                                  bank54       00000
__Lbank55                                  bank55       00000
__Lbank56                                  bank56       00000
__Lbank57                                  bank57       00000
__Lbank58                                  bank58       00000
__Lbank59                                  bank59       00000
__Lbank6                                   bank6        00000
__Lbank60                                  bank60       00000
__Lbank61                                  bank61       00000
__Lbank62                                  bank62       00000
__Lbank63                                  bank63       00000
__Lbank7                                   bank7        00000
__Lbank8                                   bank8        00000
__Lbank9                                   bank9        00000
__Lbigram                                  bigram       00000
__LbssBANK1                                bssBANK1     00000
__LbssBANK2                                bssBANK2     00000
__LbssCOMMON                               bssCOMMON    00000
__Lcinit                                   cinit        00054
__Lclrtext                                 clrtext      00000
__Lcode                                    code         00000
__Lcommon                                  common       00000
__Lconfig                                  config       08007
__LcstackBANK0                             cstackBANK0  00000
__LcstackBANK1                             cstackBANK1  00000
__LcstackCOMMON                            cstackCOMMON 00000
__LdataCOMMON                              dataCOMMON   00000
__Leeprom_data                             eeprom_data  00000
__Lend_init                                end_init     00052
__Lfunctab                                 functab      00000
__LidataCOMMON                             idataCOMMON  00000
__Lidloc                                   idloc        00000
__Linit                                    init         00052
__Lintentry                                intentry     00004
__Lmaintext                                maintext     00000
__Lpowerup                                 powerup      00000
__Lram                                     ram          00000
__Lreset_vec                               reset_vec    00000
__Lsfr0                                    sfr0         00000
__Lsfr1                                    sfr1         00000
__Lsfr10                                   sfr10        00000
__Lsfr11                                   sfr11        00000
__Lsfr12                                   sfr12        00000
__Lsfr13                                   sfr13        00000
__Lsfr14                                   sfr14        00000
__Lsfr15                                   sfr15        00000
__Lsfr16                                   sfr16        00000
__Lsfr17                                   sfr17        00000
__Lsfr18                                   sfr18        00000
__Lsfr19                                   sfr19        00000
__Lsfr2                                    sfr2         00000
__Lsfr20                                   sfr20        00000
__Lsfr21                                   sfr21        00000
__Lsfr22                                   sfr22        00000
__Lsfr23                                   sfr23        00000
__Lsfr24                                   sfr24        00000
__Lsfr25                                   sfr25        00000
__Lsfr26                                   sfr26        00000
__Lsfr27                                   sfr27        00000
__Lsfr28                                   sfr28        00000
__Lsfr29                                   sfr29        00000
__Lsfr3                                    sfr3         00000
__Lsfr30                                   sfr30        00000
__Lsfr31                                   sfr31        00000
__Lsfr32                                   sfr32        00000
__Lsfr33                                   sfr33        00000
__Lsfr34                                   sfr34        00000
__Lsfr35                                   sfr35        00000
__Lsfr36                                   sfr36        00000
__Lsfr37                                   sfr37        00000
__Lsfr38                                   sfr38        00000
__Lsfr39                                   sfr39        00000
__Lsfr4                                    sfr4         00000
__Lsfr40                                   sfr40        00000
__Lsfr41                                   sfr41        00000
__Lsfr42                                   sfr42        00000
__Lsfr43                                   sfr43        00000
__Lsfr44                                   sfr44        00000
__Lsfr45                                   sfr45        00000
__Lsfr46                                   sfr46        00000
__Lsfr47                                   sfr47        00000
__Lsfr48                                   sfr48        00000
__Lsfr49                                   sfr49        00000
__Lsfr5                                    sfr5         00000
__Lsfr50                                   sfr50        00000
__Lsfr51                                   sfr51        00000
__Lsfr52                                   sfr52        00000
__Lsfr53                                   sfr53        00000
__Lsfr54                                   sfr54        00000
__Lsfr55                                   sfr55        00000
__Lsfr56                                   sfr56        00000
__Lsfr57                                   sfr57        00000
__Lsfr58                                   sfr58        00000
__Lsfr59                                   sfr59        00000
__Lsfr6                                    sfr6         00000
__Lsfr60                                   sfr60        00000
__Lsfr61                                   sfr61        00000
__Lsfr62                                   sfr62        00000
__Lsfr63                                   sfr63        00000
__Lsfr7                                    sfr7         00000
__Lsfr8                                    sfr8         00000
__Lsfr9                                    sfr9         00000
__Lspace_0                                 (abs)        00000
__Lspace_1                                 (abs)        00000
__Lspace_2                                 (abs)        00000
__Lspace_3                                 (abs)        00000
__Lstack                                   stack        00000
__Lstrings                                 strings      00000
__Lstringtext1                             stringtext1  00000
__Ltext                                    text         00000
__S0                                       (abs)        0800A
__S1                                       (abs)        00150
__S2                                       (abs)        00000
__S3                                       (abs)        00000
__Umul8_16                                 text12       009B5
__Umul8_16@multiplicand                    cstackBANK0  00020
__Umul8_16@multiplier                      cstackBANK0  00028
__Umul8_16@product                         cstackBANK0  00024
__Umul8_16@word_mpld                       cstackBANK0  00026
___fldiv                                   text13       00578
___fldiv@a                                 cstackBANK0  0002E
___fldiv@aexp                              cstackBANK0  00047
___fldiv@b                                 cstackBANK0  00032
___fldiv@bexp                              cstackBANK0  00046
___fldiv@grs                               cstackBANK0  00042
___fldiv@new_exp                           cstackBANK0  00040
___fldiv@rem                               cstackBANK0  0003B
___fldiv@sign                              cstackBANK0  0003F
___flmul                                   text11       0034C
___flmul@a                                 cstackBANK0  0004C
___flmul@aexp                              cstackBANK0  0005A
___flmul@b                                 cstackBANK0  00048
___flmul@bexp                              cstackBANK0  0005B
___flmul@grs                               cstackBANK0  00056
___flmul@prod                              cstackBANK0  0005C
___flmul@sign                              cstackBANK0  00055
___flmul@temp                              cstackBANK0  00060
___fltol                                   text10       00C54
___fltol@exp1                              cstackBANK0  0006C
___fltol@f1                                cstackBANK0  00062
___fltol@sign1                             cstackBANK0  0006B
___int_sp                                  stack        00000
___latbits                                 (abs)        00003
___lwdiv                                   text23       00AA3
___lwdiv@counter                           cstackBANK0  0002D
___lwdiv@dividend                          cstackBANK0  00028
___lwdiv@divisor                           cstackBANK0  00026
___lwdiv@quotient                          cstackBANK0  0002B
___lwmod                                   text22       00A47
___lwmod@counter                           cstackBANK0  00025
___lwmod@dividend                          cstackBANK0  00022
___lwmod@divisor                           cstackBANK0  00020
___sp                                      stack        00000
___stackhi                                 (abs)        025EE
___stacklo                                 (abs)        020D0
___xxtofl                                  text9        00CBA
___xxtofl@arg                              cstackBANK0  0002A
___xxtofl@exp                              cstackBANK0  00029
___xxtofl@sign                             cstackBANK0  00028
___xxtofl@val                              cstackBANK0  00020
__end_ofTM1650_setDigit@charTable          stringtext1  01060
__end_of_BUTTONS_init                      text33       00BA2
__end_of_BUTTONS_isClicked                 text19       008FA
__end_of_BUTTONS_isHeld                    text18       008D6
__end_of_BUTTONS_task                      text31       007EE
__end_of_CLOCK_getTime                     text32       00890
__end_of_CLOCK_init                        text30       008E6
__end_of_CONTROLLER_init                   text20       00887
__end_of_CONTROLLER_task                   text15       00A1D
__end_of_I2C1_BusCollisionISR              text39       0087A
__end_of_I2C1_FunctionComplete             text38       007FF
__end_of_I2C1_ISR                          text36       00E9A
__end_of_I2C1_Initialize                   text7        00959
__end_of_I2C1_MasterTRBInsert              text28       00BF4
__end_of_I2C1_MasterWrite                  text26       00A47
__end_of_I2C1_MasterWriteTRBBuild          text27       009B5
__end_of_I2C1_Stop                         text37       0093D
__end_of_I2C1_WaitForLastPacketToComplete  text29       0087F
__end_of_INTERRUPT_InterruptManager        intentry     00052
__end_of_LED_init                          text14       00B0E
__end_of_LED_setColor                      text8        01000
__end_of_OSCILLATOR_Initialize             text6        00899
__end_of_PIN_MANAGER_Initialize            text5        00AA3
__end_of_PMD_Initialize                    text4        008A3
__end_of_SYSTEM_Initialize                 text3        008AF
__end_of_TM1650_fastPrintNum               text21       0034C
__end_of_TM1650_init                       text2        008BB
__end_of_TM1650_setDigit                   text24       00B57
__end_of_UART_init                         text1        00975
__end_of__Umul8_16                         text12       009D5
__end_of___fldiv                           text13       006F2
__end_of___flmul                           text11       00578
__end_of___fltol                           text10       00CBA
__end_of___lwdiv                           text23       00AD8
__end_of___lwmod                           text22       00A74
__end_of___xxtofl                          text9        00D50
__end_of__initialization                   cinit        0007D
__end_of_address_dec                       text17       0090F
__end_of_address_inc                       text16       00925
__end_of_init                              text34       00995
__end_of_main                              maintext     00C54
__end_of_writeData                         text25       009F6
__initialization                           cinit        00054
__pbssBANK1                                bssBANK1     000A0
__pbssBANK2                                bssBANK2     00120
__pbssBIGRAM                               (abs)        025EF
__pbssCOMMON                               bssCOMMON    0007D
__pcstackBANK0                             cstackBANK0  00020
__pcstackBANK1                             cstackBANK1  000DD
__pcstackCOMMON                            cstackCOMMON 00070
__pdataCOMMON                              dataCOMMON   0007B
__pidataCOMMON                             idataCOMMON  00002
__pintentry                                intentry     00004
__pmaintext                                maintext     00BF4
__pstringtext1                             stringtext1  01000
__ptext1                                   text1        00959
__ptext10                                  text10       00C54
__ptext11                                  text11       0034C
__ptext12                                  text12       009B5
__ptext13                                  text13       00578
__ptext14                                  text14       00AD8
__ptext15                                  text15       009F6
__ptext16                                  text16       0090F
__ptext17                                  text17       008FA
__ptext18                                  text18       008C7
__ptext19                                  text19       008E6
__ptext2                                   text2        008AF
__ptext20                                  text20       0087F
__ptext21                                  text21       00081
__ptext22                                  text22       00A47
__ptext23                                  text23       00AA3
__ptext24                                  text24       00B0E
__ptext25                                  text25       009D5
__ptext26                                  text26       00A1D
__ptext27                                  text27       00995
__ptext28                                  text28       00BA2
__ptext29                                  text29       0087A
__ptext3                                   text3        008A3
__ptext30                                  text30       008D6
__ptext31                                  text31       006F2
__ptext32                                  text32       00887
__ptext33                                  text33       00B57
__ptext34                                  text34       00975
__ptext36                                  text36       00D50
__ptext37                                  text37       00925
__ptext38                                  text38       007EE
__ptext39                                  text39       00877
__ptext4                                   text4        00899
__ptext5                                   text5        00A74
__ptext6                                   text6        00890
__ptext7                                   text7        0093D
__ptext8                                   text8        00E9A
__ptext9                                   text9        00CBA
__size_of_BUTTONS_init                     (abs)        00000
__size_of_BUTTONS_isClicked                (abs)        00000
__size_of_BUTTONS_isHeld                   (abs)        00000
__size_of_BUTTONS_task                     (abs)        00000
__size_of_CLOCK_getTime                    (abs)        00000
__size_of_CLOCK_init                       (abs)        00000
__size_of_CONTROLLER_init                  (abs)        00000
__size_of_CONTROLLER_task                  (abs)        00000
__size_of_I2C1_BusCollisionISR             (abs)        00000
__size_of_I2C1_FunctionComplete            (abs)        00000
__size_of_I2C1_ISR                         (abs)        00000
__size_of_I2C1_Initialize                  (abs)        00000
__size_of_I2C1_MasterTRBInsert             (abs)        00000
__size_of_I2C1_MasterWrite                 (abs)        00000
__size_of_I2C1_MasterWriteTRBBuild         (abs)        00000
__size_of_I2C1_Stop                        (abs)        00000
__size_of_I2C1_WaitForLastPacketToComplete (abs)        00000
__size_of_INTERRUPT_InterruptManager       (abs)        00000
__size_of_LED_init                         (abs)        00000
__size_of_LED_setColor                     (abs)        00000
__size_of_OSCILLATOR_Initialize            (abs)        00000
__size_of_PIN_MANAGER_Initialize           (abs)        00000
__size_of_PMD_Initialize                   (abs)        00000
__size_of_SYSTEM_Initialize                (abs)        00000
__size_of_TM1650_fastPrintNum              (abs)        00000
__size_of_TM1650_init                      (abs)        00000
__size_of_TM1650_setDigit                  (abs)        00000
__size_of_UART_init                        (abs)        00000
__size_of__Umul8_16                        (abs)        00000
__size_of___fldiv                          (abs)        00000
__size_of___flmul                          (abs)        00000
__size_of___fltol                          (abs)        00000
__size_of___lwdiv                          (abs)        00000
__size_of___lwmod                          (abs)        00000
__size_of___xxtofl                         (abs)        00000
__size_of_address_dec                      (abs)        00000
__size_of_address_inc                      (abs)        00000
__size_of_init                             (abs)        00000
__size_of_main                             (abs)        00000
__size_of_writeData                        (abs)        00000
_address                                   dataCOMMON   0007B
_address_dec                               text17       008FA
_address_inc                               text16       0090F
_buttons                                   bssBANK2     00130
_count                                     bssBANK1     000B9
_down                                      bssBANK1     000CE
_enter                                     bssBANK1     000CD
_eusart1RxBuffer                           bssBANK2     00120
_eusart1RxCount                            bssBANK1     000C7
_eusart1RxHead                             bssCOMMON    0007D
_eusart1RxLastError                        bssBANK1     000C6
_eusart1RxStatusBuffer                     bssBANK1     000A0
_eusart1RxTail                             bssBANK1     000C8
_eusart1TxBuffer                           bssBANK2     00128
_eusart1TxBufferRemaining                  bssBANK1     000C9
_eusart1TxHead                             bssBANK1     000CB
_eusart1TxTail                             bssBANK1     000CA
_i2c1_object                               bssBANK1     000A8
_i2c1_state                                bssBANK1     000C5
_i2c1_tr_queue                             bssBANK1     000D8
_i2c1_trb_count                            bssBANK1     000C4
_init                                      text34       00975
_input                                     (abs)        025EF
_lastTime                                  bssBANK1     000AD
_main                                      maintext     00BF4
_menu                                      bssBANK1     000CC
_p_i2c1_current                            bssBANK1     000C2
_p_i2c1_trb_current                        bssBANK1     000C3
_point                                     bssBANK1     000B7
_up                                        bssBANK1     000CF
_writeData                                 text25       009D5
btemp                                      (abs)        0007E
clear_ram0                                 clrtext      008BB
end_of_initialization                      cinit        0007D
init@btn                                   cstackBANK0  00024
init@pin                                   cstackBANK0  00022
init@port                                  cstackBANK0  00020
int$flags                                  (abs)        0007E
intlevel0                                  functab      00000
intlevel1                                  functab      00000
intlevel2                                  functab      00000
intlevel3                                  functab      00000
intlevel4                                  functab      00000
intlevel5                                  functab      00000
reset_vec                                  reset_vec    00000
start                                      init         00052
start_initialization                       cinit        00054
writeData@address                          cstackBANK0  00032
writeData@data                             cstackBANK0  0002E
writeData@dataToSend                       cstackBANK0  00033
writeData@status                           cstackBANK0  00034
wtemp0                                     (abs)        0007E


FUNCTION INFORMATION:

 *************** function _main *****************
 Defined at:
		line 53 in file "main.c"
 Parameters:    Size  Location     Type
		None
 Auto vars:     Size  Location     Type
		None
 Return value:  Size  Location     Type
                  1    wreg      void 
 Registers used:
		wreg, fsr0l, fsr0h, fsr1l, fsr1h, status,2, status,0, pclath, cstack
 Tracked objects:
		On entry : 
		On exit  : 
		Unchanged: 
 Data sizes:     COMMON   BANK0   BANK1   BANK2   BANK3   BANK4   BANK5   BANK6   BANK7   BANK8   BANK9  BANK10  BANK11  BANK12  BANK13  BANK14  BANK15  BANK16  BANK17  BANK18  BANK19  BANK20  BANK21  BANK22  BANK23  BANK24  BANK25
      Params:         0       0       0       0       0       0       0       0       0       0       0       0       0       0       0       0       0       0       0       0       0       0       0       0       0       0       0
      Locals:         0       0       0       0       0       0       0       0       0       0       0       0       0       0       0       0       0       0       0       0       0       0       0       0       0       0       0
      Temps:          0       0      11       0       0       0       0       0       0       0       0       0       0       0       0       0       0       0       0       0       0       0       0       0       0       0       0
      Totals:         0       0      11       0       0       0       0       0       0       0       0       0       0       0       0       0       0       0       0       0       0       0       0       0       0       0       0
Total ram usage:       11 bytes
 Hardware stack levels required when called:   11
 This function calls:
		_BUTTONS_init
		_BUTTONS_task
		_CLOCK_init
		_CONTROLLER_init
		_CONTROLLER_task
		_LED_init
		_LED_setColor
		_TM1650_fastPrintNum
		_TM1650_init
		_UART_init
 This function is called by:
		Startup code after reset
 This function uses a non-reentrant model


 *************** function _UART_init *****************
 Defined at:
		line 13 in file "DMX_Source.c"
 Parameters:    Size  Location     Type
		None
 Auto vars:     Size  Location     Type
		None
 Return value:  Size  Location     Type
                  1    wreg      void 
 Registers used:
		wreg, status,2
 Tracked objects:
		On entry : 
		On exit  : 
		Unchanged: 
[...]
      Temps:          0       3       0       0       0       0       0       0       0       0       0       0       0       0       0       0       0       0       0       0       0       0       0       0       0       0       0
      Totals:         0       7       0       0       0       0       0       0       0       0       0       0       0       0       0       0       0       0       0       0       0       0       0       0       0       0       0
Total ram usage:        7 bytes
 Hardware stack levels used:    1
 Hardware stack levels required when called:    4
 This function calls:
		_CLOCK_getTime
 This function is called by:
		_main
 This function uses a non-reentrant model


 *************** function _CLOCK_getTime *****************
 Defined at:
		line 35 in file "clock.c"
 Parameters:    Size  Location     Type
		None
 Auto vars:     Size  Location     Type
		None
 Return value:  Size  Location     Type
                  2    0[BANK0 ] unsigned short 
 Registers used:
		wreg
 Tracked objects:
		On entry : 
		On exit  : 
		Unchanged: 
 Data sizes:     COMMON   BANK0   BANK1   BANK2   BANK3   BANK4   BANK5   BANK6   BANK7   BANK8   BANK9  BANK10  BANK11  BANK12  BANK13  BANK14  BANK15  BANK16  BANK17  BANK18  BANK19  BANK20  BANK21  BANK22  BANK23  BANK24  BANK25
      Params:         0       2       0       0       0       0       0       0       0       0       0       0       0       0       0       0       0       0       0       0       0       0       0       0       0       0       0
      Locals:         0       0       0       0       0       0       0       0       0       0       0       0       0       0       0       0       0       0       0       0       0       0       0       0       0       0       0
      Temps:          0       0       0       0       0       0       0       0       0       0       0       0       0       0       0       0       0       0       0       0       0       0       0       0       0       0       0
      Totals:         0       2       0       0       0       0       0       0       0       0       0       0       0       0       0       0       0       0       0       0       0       0       0       0       0       0       0
Total ram usage:        2 bytes
 Hardware stack levels used:    1
 Hardware stack levels required when called:    3
 This function calls:
		Nothing
 This function is called by:
		_BUTTONS_task
 This function uses a non-reentrant model


 *************** function _BUTTONS_init *****************
 Defined at:
		line 66 in file "buttons.c"
 Parameters:    Size  Location     Type
		None
 Auto vars:     Size  Location     Type
		None
 Return value:  Size  Location     Type
                  1    wreg      void 
 Registers used:
		wreg, fsr1l, fsr1h, status,2, status,0, pclath, cstack
 Tracked objects:
		On entry : 
		On exit  : 
		Unchanged: 
 Data sizes:     COMMON   BANK0   BANK1   BANK2   BANK3   BANK4   BANK5   BANK6   BANK7   BANK8   BANK9  BANK10  BANK11  BANK12  BANK13  BANK14  BANK15  BANK16  BANK17  BANK18  BANK19  BANK20  BANK21  BANK22  BANK23  BANK24  BANK25
      Params:         0       0       0       0       0       0       0       0       0       0       0       0       0       0       0       0       0       0       0       0       0       0       0       0       0       0       0
      Locals:         0       0       0       0       0       0       0       0       0       0       0       0       0       0       0       0       0       0       0       0       0       0       0       0       0       0       0
      Temps:          0       1       0       0       0       0       0       0       0       0       0       0       0       0       0       0       0       0       0       0       0       0       0       0       0       0       0
      Totals:         0       1       0       0       0       0       0       0       0       0       0       0       0       0       0       0       0       0       0       0       0       0       0       0       0       0       0
Total ram usage:        1 bytes
 Hardware stack levels used:    1
 Hardware stack levels required when called:    4
 This function calls:
		_init
 This function is called by:
		_main
 This function uses a non-reentrant model


 *************** function _init *****************
 Defined at:
		line 59 in file "buttons.c"
 Parameters:    Size  Location     Type
  btn             1    wreg     PTR struct .
		 -> buttons(32), NULL(0), 
  port            2    0[BANK0 ] PTR volatile unsigned ch
		 -> PORTA(1), PORTC(1), 
  pin             1    2[BANK0 ] unsigned char 
 Auto vars:     Size  Location     Type
  btn             1    4[BANK0 ] PTR struct .
		 -> buttons(32), NULL(0), 
 Return value:  Size  Location     Type
                  1    wreg      void 
 Registers used:
		wreg, fsr1l, fsr1h, status,2, status,0
 Tracked objects:
		On entry : 
		On exit  : 
		Unchanged: 
 Data sizes:     COMMON   BANK0   BANK1   BANK2   BANK3   BANK4   BANK5   BANK6   BANK7   BANK8   BANK9  BANK10  BANK11  BANK12  BANK13  BANK14  BANK15  BANK16  BANK17  BANK18  BANK19  BANK20  BANK21  BANK22  BANK23  BANK24  BANK25
      Params:         0       3       0       0       0       0       0       0       0       0       0       0       0       0       0       0       0       0       0       0       0       0       0       0       0       0       0
      Locals:         0       1       0       0       0       0       0       0       0       0       0       0       0       0       0       0       0       0       0       0       0       0       0       0       0       0       0
      Temps:          0       1       0       0       0       0       0       0       0       0       0       0       0       0       0       0       0       0       0       0       0       0       0       0       0       0       0
      Totals:         0       5       0       0       0       0       0       0       0       0       0       0       0       0       0       0       0       0       0       0       0       0       0       0       0       0       0
Total ram usage:        5 bytes
 Hardware stack levels used:    1
 Hardware stack levels required when called:    3
 This function calls:
		Nothing
 This function is called by:
		_BUTTONS_init
 This function uses a non-reentrant model


 *************** function _INTERRUPT_InterruptManager *****************
 Defined at:
		line 54 in file "mcc_generated_files/interrupt_manager.c"
 Parameters:    Size  Location     Type
		None
 Auto vars:     Size  Location     Type
  dataIn          1   10[COMMON] unsigned char 
 Return value:  Size  Location     Type
                  1    wreg      void 
 Registers used:
		wreg, fsr0l, fsr0h, fsr1l, fsr1h, status,2, status,0, pclath, cstack
 Tracked objects:
		On entry : 
		On exit  : 
		Unchanged: 
 Data sizes:     COMMON   BANK0   BANK1   BANK2   BANK3   BANK4   BANK5   BANK6   BANK7   BANK8   BANK9  BANK10  BANK11  BANK12  BANK13  BANK14  BANK15  BANK16  BANK17  BANK18  BANK19  BANK20  BANK21  BANK22  BANK23  BANK24  BANK25
      Params:         0       0       0       0       0       0       0       0       0       0       0       0       0       0       0       0       0       0       0       0       0       0       0       0       0       0       0
      Locals:         1       0       0       0       0       0       0       0       0       0       0       0       0       0       0       0       0       0       0       0       0       0       0       0       0       0       0
      Temps:          4       0       0       0       0       0       0       0       0       0       0       0       0       0       0       0       0       0       0       0       0       0       0       0       0       0       0
      Totals:         5       0       0       0       0       0       0       0       0       0       0       0       0       0       0       0       0       0       0       0       0       0       0       0       0       0       0
Total ram usage:        5 bytes
 Hardware stack levels used:    1
 Hardware stack levels required when called:    2
 This function calls:
		_I2C1_BusCollisionISR
		_I2C1_ISR
 This function is called by:
		Interrupt level 1
 This function uses a non-reentrant model


 *************** function _I2C1_ISR *****************
 Defined at:
		line 235 in file "mcc_generated_files/i2c1.c"
 Parameters:    Size  Location     Type
		None
 Auto vars:     Size  Location     Type
		None
 Return value:  Size  Location     Type
                  1    wreg      void 
 Registers used:
		wreg, fsr0l, fsr0h, fsr1l, fsr1h, status,2, status,0, pclath, cstack
 Tracked objects:
		On entry : 
		On exit  : 
		Unchanged: 
 Data sizes:     COMMON   BANK0   BANK1   BANK2   BANK3   BANK4   BANK5   BANK6   BANK7   BANK8   BANK9  BANK10  BANK11  BANK12  BANK13  BANK14  BANK15  BANK16  BANK17  BANK18  BANK19  BANK20  BANK21  BANK22  BANK23  BANK24  BANK25
      Params:         0       0       0       0       0       0       0       0       0       0       0       0       0       0       0       0       0       0       0       0       0       0       0       0       0       0       0
      Locals:         0       0       0       0       0       0       0       0       0       0       0       0       0       0       0       0       0       0       0       0       0       0       0       0       0       0       0
      Temps:          4       0       0       0       0       0       0       0       0       0       0       0       0       0       0       0       0       0       0       0       0       0       0       0       0       0       0
      Totals:         4       0       0       0       0       0       0       0       0       0       0       0       0       0       0       0       0       0       0       0       0       0       0       0       0       0       0
Total ram usage:        4 bytes
 Hardware stack levels used:    1
 Hardware stack levels required when called:    1
 This function calls:
		_I2C1_FunctionComplete
		_I2C1_Stop
 This function is called by:
		_INTERRUPT_InterruptManager
 This function uses a non-reentrant model


 *************** function _I2C1_Stop *****************
 Defined at:
		line 583 in file "mcc_generated_files/i2c1.c"
 Parameters:    Size  Location     Type
  completion_c    1    wreg     enum E10866
 Auto vars:     Size  Location     Type
  completion_c    1    1[COMMON] enum E10866
 Return value:  Size  Location     Type
                  1    wreg      void 
 Registers used:
		wreg, fsr1l, fsr1h, status,2, status,0
 Tracked objects:
		On entry : 
		On exit  : 
		Unchanged: 
 Data sizes:     COMMON   BANK0   BANK1   BANK2   BANK3   BANK4   BANK5   BANK6   BANK7   BANK8   BANK9  BANK10  BANK11  BANK12  BANK13  BANK14  BANK15  BANK16  BANK17  BANK18  BANK19  BANK20  BANK21  BANK22  BANK23  BANK24  BANK25
      Params:         0       0       0       0       0       0       0       0       0       0       0       0       0       0       0       0       0       0       0       0       0       0       0       0       0       0       0
      Locals:         1       0       0       0       0       0       0       0       0       0       0       0       0       0       0       0       0       0       0       0       0       0       0       0       0       0       0
      Temps:          1       0       0       0       0       0       0       0       0       0       0       0       0       0       0       0       0       0       0       0       0       0       0       0       0       0       0
      Totals:         2       0       0       0       0       0       0       0       0       0       0       0       0       0       0       0       0       0       0       0       0       0       0       0       0       0       0
Total ram usage:        2 bytes
 Hardware stack levels used:    1
 This function calls:
		Nothing
 This function is called by:
		_I2C1_ISR
 This function uses a non-reentrant model


 *************** function _I2C1_FunctionComplete *****************
 Defined at:
		line 565 in file "mcc_generated_files/i2c1.c"
 Parameters:    Size  Location     Type
		None
 Auto vars:     Size  Location     Type
		None
 Return value:  Size  Location     Type
                  1    wreg      void 
 Registers used:
		wreg, status,2, status,0
 Tracked objects:
		On entry : 
		On exit  : 
		Unchanged: 
 Data sizes:     COMMON   BANK0   BANK1   BANK2   BANK3   BANK4   BANK5   BANK6   BANK7   BANK8   BANK9  BANK10  BANK11  BANK12  BANK13  BANK14  BANK15  BANK16  BANK17  BANK18  BANK19  BANK20  BANK21  BANK22  BANK23  BANK24  BANK25
      Params:         0       0       0       0       0       0       0       0       0       0       0       0       0       0       0       0       0       0       0       0       0       0       0       0       0       0       0
      Locals:         0       0       0       0       0       0       0       0       0       0       0       0       0       0       0       0       0       0       0       0       0       0       0       0       0       0       0
      Temps:          1       0       0       0       0       0       0       0       0       0       0       0       0       0       0       0       0       0       0       0       0       0       0       0       0       0       0
      Totals:         1       0       0       0       0       0       0       0       0       0       0       0       0       0       0       0       0       0       0       0       0       0       0       0       0       0       0
Total ram usage:        1 bytes
 Hardware stack levels used:    1
 This function calls:
		Nothing
 This function is called by:
		_I2C1_ISR
 This function uses a non-reentrant model


 *************** function _I2C1_BusCollisionISR *****************
 Defined at:
		line 742 in file "mcc_generated_files/i2c1.c"
 Parameters:    Size  Location     Type
		None
 Auto vars:     Size  Location     Type
		None
 Return value:  Size  Location     Type
                  1    wreg      void 
 Registers used:
		None
 Tracked objects:
		On entry : 
		On exit  : 
		Unchanged: 
 Data sizes:     COMMON   BANK0   BANK1   BANK2   BANK3   BANK4   BANK5   BANK6   BANK7   BANK8   BANK9  BANK10  BANK11  BANK12  BANK13  BANK14  BANK15  BANK16  BANK17  BANK18  BANK19  BANK20  BANK21  BANK22  BANK23  BANK24  BANK25
      Params:         0       0       0       0       0       0       0       0       0       0       0       0       0       0       0       0       0       0       0       0       0       0       0       0       0       0       0
      Locals:         0       0       0       0       0       0       0       0       0       0       0       0       0       0       0       0       0       0       0       0       0       0       0       0       0       0       0
      Temps:          0       0       0       0       0       0       0       0       0       0       0       0       0       0       0       0       0       0       0       0       0       0       0       0       0       0       0
      Totals:         0       0       0       0       0       0       0       0       0       0       0       0       0       0       0       0       0       0       0       0       0       0       0       0       0       0       0
Total ram usage:        0 bytes
 Hardware stack levels used:    1
 This function calls:
		Nothing
 This function is called by:
		_INTERRUPT_InterruptManager
 This function uses a non-reentrant model



MODULE INFORMATION

Module		Function		Class		Link	Load	Size
C:\Program Files (x86)\Microchip\xc8\v2.05\pic\sources\c99\common\lwmod.c
		___lwmod       		CODE           	0A47	0000	46

C:\Program Files (x86)\Microchip\xc8\v2.05\pic\sources\c99\common\lwmod.c estimated size: 46

clock.c
		_CLOCK_getTime 		CODE           	0887	0000	10
		_CLOCK_init    		CODE           	08D6	0000	17

clock.c estimated size: 27

mcc_generated_files/interrupt_manager.c
		_INTERRUPT_InterruptManager		CODE           	0004	0000	79

mcc_generated_files/interrupt_manager.c estimated size: 79

mcc_generated_files/i2c1.c
		_I2C1_BusCollisionISR		CODE           	0877	0000	4
		_I2C1_FunctionComplete		CODE           	07EE	0000	18
		_I2C1_MasterWriteTRBBuild		CODE           	0995	0000	33
		_I2C1_ISR      		CODE           	0D50	0000	331
		_I2C1_MasterWrite		CODE           	0A1D	0000	43
		_I2C1_Initialize		CODE           	093D	0000	29
		_I2C1_Stop     		CODE           	0925	0000	25
		_I2C1_WaitForLastPacketToComplete		CODE           	087A	0000	6
		_I2C1_MasterTRBInsert		CODE           	0BA2	0000	83

mcc_generated_files/i2c1.c estimated size: 572

mcc_generated_files/pin_manager.c
		_PIN_MANAGER_Initialize		CODE           	0A74	0000	48

mcc_generated_files/pin_manager.c estimated size: 48

C:\Program Files (x86)\Microchip\xc8\v2.05\pic\sources\c99\common\xxtofl.c
		___xxtofl      		CODE           	0CBA	0000	151

C:\Program Files (x86)\Microchip\xc8\v2.05\pic\sources\c99\common\xxtofl.c estimated size: 151

buttons.c
		_BUTTONS_task  		CODE           	06F2	0000	253
		_BUTTONS_init  		CODE           	0B57	0000	76
		_init          		CODE           	0975	0000	33
		_BUTTONS_isClicked		CODE           	08E6	0000	21
		_BUTTONS_isHeld		CODE           	08C7	0000	16

buttons.c estimated size: 399

C:\Program Files (x86)\Microchip\xc8\v2.05\pic\sources\c99\common\lwdiv.c
		___lwdiv       		CODE           	0AA3	0000	54

C:\Program Files (x86)\Microchip\xc8\v2.05\pic\sources\c99\common\lwdiv.c estimated size: 54

C:\Program Files (x86)\Microchip\xc8\v2.05\pic\sources\c99\common\fltol.c
		___fltol       		CODE           	0C54	0000	103

C:\Program Files (x86)\Microchip\xc8\v2.05\pic\sources\c99\common\fltol.c estimated size: 103

C:\Program Files (x86)\Microchip\xc8\v2.05\pic\sources\c99\common\sprcmul.c
		___flmul       		CODE           	034C	0000	557

C:\Program Files (x86)\Microchip\xc8\v2.05\pic\sources\c99\common\sprcmul.c estimated size: 557

C:\Program Files (x86)\Microchip\xc8\v2.05\pic\sources\c99\common\sprcdiv.c
		___fldiv       		CODE           	0578	0000	379

C:\Program Files (x86)\Microchip\xc8\v2.05\pic\sources\c99\common\sprcdiv.c estimated size: 379

shared
		__initialization		CODE           	0054	0000	42
		TM1650_setDigit@charTable		STRCODE        	1000	0000	97

shared estimated size: 139

mcc_generated_files/mcc.c
		_PMD_Initialize		CODE           	0899	0000	11
		_OSCILLATOR_Initialize		CODE           	0890	0000	10
		_SYSTEM_Initialize		CODE           	08A3	0000	13

mcc_generated_files/mcc.c estimated size: 34

DMX_Source.c
		_UART_init     		CODE           	0959	0000	29
		_LED_init      		CODE           	0AD8	0000	55
		_LED_setColor  		CODE           	0E9A	0000	359

DMX_Source.c estimated size: 443

controller.c
		_CONTROLLER_task		CODE           	09F6	0000	40
		_CONTROLLER_init		CODE           	087F	0000	9
		_address_dec   		CODE           	08FA	0000	22
		_address_inc   		CODE           	090F	0000	23

controller.c estimated size: 94

tm1650.c
		_TM1650_init   		CODE           	08AF	0000	13
		_TM1650_fastPrintNum		CODE           	0081	0000	716
		_writeData     		CODE           	09D5	0000	34
		_TM1650_setDigit		CODE           	0B0E	0000	74

tm1650.c estimated size: 837

C:\Program Files (x86)\Microchip\xc8\v2.05\pic\sources\c99\common\Umul8_16.c
		__Umul8_16     		CODE           	09B5	0000	33

C:\Program Files (x86)\Microchip\xc8\v2.05\pic\sources\c99\common\Umul8_16.c estimated size: 33

main.c
		_main          		CODE           	0BF4	0000	97

main.c estimated size: 97

