Microchip MPLAB XC8 Compiler V2.05 ()

Linker command line:

-W-3 --edf=C:\Program Files (x86)\Microchip\xc8\v2.05\pic\dat\en_msgs.txt \
  -cs -h+dist/default/production\DMX3.X.production.sym \
  --cmf=dist/default/production\DMX3.X.production.cmf -z -Q16F18446 \
  -oC:\Users\apatc\AppData\Local\Temp\s3v8.2 --defsym=__MPLAB_BUILD=1 \
  -Mdist/default/production/DMX3.X.production.map -E1 -ver=XC8 --acfsm=1493 \
  -ASTACK=02110h-025EEh -pstack=STACK -ACODE=00h-07FFhx8 \
  -ASTRCODE=00h-03FFFh -ASTRING=00h-0FFhx64 -ACONST=00h-0FFhx64 \
  -AENTRY=00h-0FFhx64 -ACOMMON=070h-07Fh -ABANK0=020h-06Fh \
  -ABANK1=0A0h-0EFh -ABANK2=0120h-016Fh -ABANK3=01A0h-01EFh \
  -ABANK4=0220h-026Fh -ABANK5=02A0h-02EFh -ABANK6=0320h-036Fh \
  -ABANK7=03A0h-03EFh -ABANK8=0420h-046Fh -ABANK9=04A0h-04EFh \
  -ABANK10=0520h-056Fh -ABANK11=05A0h-05EFh -ABANK12=0620h-066Fh \
  -ABANK13=06A0h-06EFh -ABANK14=0720h-076Fh -ABANK15=07A0h-07EFh \
  -ABANK16=0820h-086Fh -ABANK17=08A0h-08EFh -ABANK18=0920h-096Fh \
  -ABANK19=09A0h-09EFh -ABANK20=0A20h-0A6Fh -ABANK21=0AA0h-0AEFh \
  -ABANK22=0B20h-0B6Fh -ABANK23=0BA0h-0BEFh -ABANK24=0C20h-0C6Fh \
  -ABANK25=0CA0h-0CBFh -ABIGRAM=02000h-027EFh \
  -ARAM=020h-06Fh,0A0h-0EFh,0120h-016Fh,01A0h-01EFh,0220h-026Fh,02A0h-02EFh,0320h-036Fh,03A0h-03EFh,0420h-046Fh,04A0h-04EFh,0520h-056Fh,05A0h-05EFh,0620h-066Fh,06A0h-06EFh,0720h-076Fh,07A0h-07EFh,0820h-086Fh,08A0h-08EFh,0920h-096Fh,09A0h-09EFh,0A20h-0A6Fh,0AA0h-0AEFh,0B20h-0B6Fh,0BA0h-0BEFh,0C20h-0C6Fh,0CA0h-0CBFh \
  -AABS1=020h-07Fh,0A0h-0EFh,0120h-016Fh,01A0h-01EFh,0220h-026Fh,02A0h-02EFh,0320h-036Fh,03A0h-03EFh,0420h-046Fh,04A0h-04EFh,0520h-056Fh,05A0h-05EFh,0620h-066Fh,06A0h-06EFh,0720h-076Fh,07A0h-07EFh,0820h-086Fh,08A0h-08EFh,0920h-096Fh,09A0h-09EFh,0A20h-0A6Fh,0AA0h-0AEFh,0B20h-0B6Fh,0BA0h-0BEFh,0C20h-0C6Fh,0CA0h-0CBFh \
  -ASFR0=00h-01Fh -ASFR1=080h-09Fh -ASFR2=0100h-011Fh -ASFR3=0180h-019Fh \
  -ASFR4=0200h-021Fh -ASFR5=0280h-029Fh -ASFR6=0300h-031Fh \
  -ASFR7=0380h-039Fh -ASFR8=0400h-041Fh -ASFR9=0480h-049Fh \
  -ASFR10=0500h-051Fh -ASFR11=0580h-059Fh -ASFR12=0600h-061Fh \
  -ASFR13=0680h-069Fh -ASFR14=0700h-071Fh -ASFR15=0780h-079Fh \
  -ASFR16=0800h-081Fh -ASFR17=0880h-089Fh -ASFR18=0900h-091Fh \
  -ASFR19=0980h-099Fh -ASFR20=0A00h-0A1Fh -ASFR21=0A80h-0A9Fh \
  -ASFR22=0B00h-0B1Fh -ASFR23=0B80h-0B9Fh -ASFR24=0C00h-0C1Fh \
  -ASFR25=0C80h-0C9Fh -ASFR26=0D00h-0D6Fh -ASFR27=0D80h-0DEFh \
  -ASFR28=0E00h-0E6Fh -ASFR29=0E80h-0EEFh -ASFR30=0F00h-0F6Fh \
  -ASFR31=0F80h-0FEFh -ASFR32=01000h-0106Fh -ASFR33=01080h-010EFh \
  -ASFR34=01100h-0116Fh -ASFR35=01180h-011EFh -ASFR36=01200h-0126Fh \
  -ASFR37=01280h-012EFh -ASFR38=01300h-0136Fh -ASFR39=01380h-013EFh \
  -ASFR40=01400h-0146Fh -ASFR41=01480h-014EFh -ASFR42=01500h-0156Fh \
  -ASFR43=01580h-015EFh -ASFR44=01600h-0166Fh -ASFR45=01680h-016EFh \
  -ASFR46=01700h-0176Fh -ASFR47=01780h-017EFh -ASFR48=01800h-0186Fh \
  -ASFR49=01880h-018EFh -ASFR50=01900h-0196Fh -ASFR51=01980h-019EFh \
  -ASFR52=01A00h-01A6Fh -ASFR53=01A80h-01AEFh -ASFR54=01B00h-01B6Fh \
  -ASFR55=01B80h-01BEFh -ASFR56=01C00h-01C6Fh -ASFR57=01C80h-01CEFh \
  -ASFR58=01D00h-01D6Fh -ASFR59=01D80h-01DEFh -ASFR60=01E00h-01E6Fh \
  -ASFR61=01E80h-01EEFh -ASFR62=01F00h-01F6Fh -ASFR63=01F80h-01FEFh \
  -preset_vec=00h,intentry=04h,init,end_init -ppowerup=CODE -pcinit=CODE \
  -pfunctab=ENTRY -ACONFIG=08007h-0800Bh -pconfig=CONFIG -DCONFIG=2 \
  -AIDLOC=08000h-08003h -pidloc=IDLOC -DIDLOC=2 -AEEDATA=00h-0FFh/0F000h \
  -peeprom_data=EEDATA -DEEDATA=2 -DCODE=2 -DSTRCODE=2 -DSTRING=2 -DCONST=2 \
  -DENTRY=2 -k C:\Users\apatc\AppData\Local\Temp\s3v8.o \
  dist/default/production\DMX3.X.production.o 

Object code version is 3.11

Machine type is 16F18446



                Name                               Link     Load   Length Selector   Space Scale
C:\Users\apatc\AppData\Local\Temp\s3v8.o
                end_init                             44       44        2        8       0
                reset_vec                             0        0        2        0       0
                config                             8007     8007        3    1000E       0
dist/default/production\DMX3.X.production.o
                cinit                                46       46       51        8       0
                intentry                              4        4       40        8       0
                text68                             13B2     13B2        4     2764       0
                text67                                2        2        1        0       0
                text66                             1470     1470        D     28E0       0
                text65                             14E5     14E5       18     29CA       0
                text64                             13A9     13A9        3     2752       0
                text63                                3        3        1        6       0
                text62                             13B6     13B6        4     276C       0
                text61                             157A     157A       1E     2AF4       0
                text60                             13AC     13AC        3     2758       0
                text59                             14AB     14AB       11     2956       0
                text58                             14FD     14FD       18     29FA       0
                text57                              BF5      BF5      14E     17EA       0
                text56                             16DC     16DC       35     2DB8       0
                text55                             16A8     16A8       34     2D50       0
                text54                             13BF     13BF        6     277E       0
                text52                             13E0     13E0        9     27C0       0
                text51                             13E9     13E9        9     27D2       0
                text50                             13F2     13F2        9     27E4       0
                text49                             14CE     14CE       17     299C       0
                text48                             13FB     13FB        9     27F6       0
                text47                             13AF     13AF        3     275E       0
                text46                             1711     1711       35     2E22       0
                text45                              708      708       D8        8       0
                text44                             1598     1598       20     2B30       0
                text43                              85F      85F       4B     10BE       0
                text42                              AF9      AF9       FC     15F2       0
                text41                             149B     149B       10     2936       0
                text40                             13BA     13BA        5     2774       0
                text39                              8AA      8AA       52     1154       0
                text38                             15D9     15D9       23     2BB2       0
                text37                             1622     1622       2A     2C44       0
                text36                             15B8     15B8       21     2B70       0
                text35                              816      816       49     102C       0
                text34                             164C     164C       2D     2C98       0
                text33                               97       97      2CB        8       0
                text32                             144D     144D        B     289A       0
                text31                              802      802       14     1004       0
                text30                             147D     147D        F     28FA       0
                text29                             1515     1515       18     2A2A       0
                text28                             152D     152D       18     2A5A       0
                text27                             1545     1545       19     2A8A       0
                text26                              8FC      8FC       65     11F8       0
                text25                             1404     1404        9     2808       0
                text24                             13D8     13D8        8     27B0       0
                text23                              58E      58E      17A        8       0
                text22                              7E0      7E0       20        8       0
                text21                              362      362      22C        8       0
                text20                              961      961       66     12C2       0
                text19                              9C7      9C7       96     138E       0
                text18                              E9A      E9A      166     1D34       0
                text17                              A5D      A5D       9C     14BA       0
                text16                              D43      D43      157     1A86       0
                text15                             140D     140D        9     281A       0
                text14                             148C     148C        F     2918       0
                text13                             1746     1746       36     2E8C       0
                text12                             15FC     15FC       26     2BF8       0
                text11                             1416     1416        9     282C       0
                text10                             141F     141F        9     283E       0
                text9                              1428     1428        9     2850       0
                text8                              1431     1431        9     2862       0
                text7                              17BB     17BB       45     2F76       0
                text6                              155E     155E       1C     2ABC       0
                text5                              143A     143A        9     2874       0
                text4                              1679     1679       2F     2CF2       0
                text3                              1443     1443        A     2886       0
                text2                              14BC     14BC       12     2978       0
                text1                              13C5     13C5        6     278A       0
                maintext                           177C     177C       3F     2EF8       0
                cstackBANK0                          20       20       50       20       1
                cstackCOMMON                         76       76        6       70       1
                cstackBANK1                          CD       CD       18       A0       1
                clrtext                            1458     1458        C     28B0       0
                inittext                           1464     1464        C     28C8       0
                bssBANK3                            1A0      1A0       20      1A0       1
                dataBANK2                           156      156        6      120       1
                bssBANK2                            120      120       2A      120       1
                dataBANK1                            E5       E5        7       A0       1
                bssBANK1                             A0       A0       2D       A0       1
                bssCOMMON                            70       70        6       70       1
                nvBANK2                             14A      14A        C      120       1
                nvBANK1                              EC       EC        1       A0       1
                stringtext1                        1000     1000       60     2000       0
                idataBANK2                         13CB     13CB        6     2796       0
                idataBANK1                         13D1     13D1        7     27A2       0

TOTAL           Name                               Link     Load   Length     Space
        CLASS   STACK          

        CLASS   CODE           
                end_init                             44       44        2         0
                cinit                                46       46       51         0
                intentry                              4        4       40         0
                reset_vec                             0        0        2         0
                text68                             13B2     13B2        4         0
                text67                                2        2        1         0
                text66                             1470     1470        D         0
                text65                             14E5     14E5       18         0
                text64                             13A9     13A9        3         0
                text63                                3        3        1         0
                text62                             13B6     13B6        4         0
                text61                             157A     157A       1E         0
                text60                             13AC     13AC        3         0
                text59                             14AB     14AB       11         0
                text58                             14FD     14FD       18         0
                text57                              BF5      BF5      14E         0
                text56                             16DC     16DC       35         0
                text55                             16A8     16A8       34         0
                text54                             13BF     13BF        6         0
                text52                             13E0     13E0        9         0
                text51                             13E9     13E9        9         0
                text50                             13F2     13F2        9         0
                text49                             14CE     14CE       17         0
                text48                             13FB     13FB        9         0
                text47                             13AF     13AF        3         0
                text46                             1711     1711       35         0
                text45                              708      708       D8         0
                text44                             1598     1598       20         0
                text43                              85F      85F       4B         0
                text42                              AF9      AF9       FC         0
                text41                             149B     149B       10         0
                text40                             13BA     13BA        5         0
                text39                              8AA      8AA       52         0
                text38                             15D9     15D9       23         0
                text37                             1622     1622       2A         0
                text36                             15B8     15B8       21         0
                text35                              816      816       49         0
                text34                             164C     164C       2D         0
                text33                               97       97      2CB         0
                text32                             144D     144D        B         0
                text31                              802      802       14         0
                text30                             147D     147D        F         0
                text29                             1515     1515       18         0
                text28                             152D     152D       18         0
                text27                             1545     1545       19         0
                text26                              8FC      8FC       65         0
                text25                             1404     1404        9         0
                text24                             13D8     13D8        8         0
                text23                              58E      58E      17A         0
                text22                              7E0      7E0       20         0
                text21                              362      362      22C         0
                text20                              961      961       66         0
                text19                              9C7      9C7       96         0
                text18                              E9A      E9A      166         0
                text17                              A5D      A5D       9C         0
                text16                              D43      D43      157         0
                text15                             140D     140D        9         0
                text14                             148C     148C        F         0
                text13                             1746     1746       36         0
                text12                             15FC     15FC       26         0
                text11                             1416     1416        9         0
                text10                             141F     141F        9         0
                text9                              1428     1428        9         0
                text8                              1431     1431        9         0
                text7                              17BB     17BB       45         0
                text6                              155E     155E       1C         0
                text5                              143A     143A        9         0
                text4                              1679     1679       2F         0
                text3                              1443     1443        A         0
                text2                              14BC     14BC       12         0
                text1                              13C5     13C5        6         0
                maintext                           177C     177C       3F         0
                clrtext                            1458     1458        C         0
                inittext                           1464     1464        C         0
                idataBANK2                         13CB     13CB        6         0
                idataBANK1                         13D1     13D1        7         0

        CLASS   STRCODE        
                stringtext1                        1000     1000       60         0

        CLASS   STRING         

        CLASS   CONST          

        CLASS   ENTRY          

        CLASS   COMMON         
                cstackCOMMON                         76       76        6         1
                bssCOMMON                            70       70        6         1

        CLASS   BANK0          
                cstackBANK0                          20       20       50         1

        CLASS   BANK1          
                cstackBANK1                          CD       CD       18         1
                dataBANK1                            E5       E5        7         1
                bssBANK1                             A0       A0       2D         1
                nvBANK1                              EC       EC        1         1

        CLASS   BANK2          
                dataBANK2                           156      156        6         1
                bssBANK2                            120      120       2A         1
                nvBANK2                             14A      14A        C         1

        CLASS   BANK3          
                bssBANK3                            1A0      1A0       20         1

        CLASS   BANK4          

        CLASS   BANK5          

        CLASS   BANK6          

        CLASS   BANK7          

        CLASS   BANK8          

        CLASS   BANK9          

        CLASS   BANK10         

        CLASS   BANK11         

        CLASS   BANK12         

        CLASS   BANK13         

        CLASS   BANK14         

        CLASS   BANK15         

        CLASS   BANK16         

        CLASS   BANK17         

        CLASS   BANK18         

        CLASS   BANK19         

        CLASS   BANK20         

        CLASS   BANK21         

        CLASS   BANK22         

        CLASS   BANK23         

        CLASS   BANK24         

        CLASS   BANK25         

        CLASS   BIGRAM         

        CLASS   RAM            

        CLASS   ABS1           
                abs_s1                               7E       7E        2         1
                abs_s1                              96F      96F        1         1
                abs_s1                              9A0      9A0       50         1
                abs_s1                              A20      A20       50         1
                abs_s1                              AA0      AA0       50         1
                abs_s1                              B20      B20       50         1
                abs_s1                              BA0      BA0       50         1
                abs_s1                              C20      C20       50         1
                abs_s1                              CA0      CA0       20         1
                abs_s1                             25EF     25EF        0         1

        CLASS   SFR0           

        CLASS   SFR1           

        CLASS   SFR2           

        CLASS   SFR3           

        CLASS   SFR4           

        CLASS   SFR5           

        CLASS   SFR6           

        CLASS   SFR7           

        CLASS   SFR8           

        CLASS   SFR9           

        CLASS   SFR10          

        CLASS   SFR11          

        CLASS   SFR12          

        CLASS   SFR13          

        CLASS   SFR14          

        CLASS   SFR15          

        CLASS   SFR16          

        CLASS   SFR17          

        CLASS   SFR18          

        CLASS   SFR19          

        CLASS   SFR20          

        CLASS   SFR21          

        CLASS   SFR22          

        CLASS   SFR23          

        CLASS   SFR24          

        CLASS   SFR25          

        CLASS   SFR26          

        CLASS   SFR27          

        CLASS   SFR28          

        CLASS   SFR29          

        CLASS   SFR30          

        CLASS   SFR31          

        CLASS   SFR32          

        CLASS   SFR33          

        CLASS   SFR34          

        CLASS   SFR35          

        CLASS   SFR36          

        CLASS   SFR37          

        CLASS   SFR38          

        CLASS   SFR39          

        CLASS   SFR40          

        CLASS   SFR41          

        CLASS   SFR42          

        CLASS   SFR43          

        CLASS   SFR44          

        CLASS   SFR45          

        CLASS   SFR46          

        CLASS   SFR47          

        CLASS   SFR48          

        CLASS   SFR49          

        CLASS   SFR50          

        CLASS   SFR51          

        CLASS   SFR52          

        CLASS   SFR53          

        CLASS   SFR54          

        CLASS   SFR55          

        CLASS   SFR56          

        CLASS   SFR57          

        CLASS   SFR58          

        CLASS   SFR59          

        CLASS   SFR60          

        CLASS   SFR61          

        CLASS   SFR62          

        CLASS   SFR63          

        CLASS   CONFIG         
                config                             8007     8007        3         0

        CLASS   IDLOC          

        CLASS   EEDATA         

        CLASS   BANK63         

        CLASS   BANK62         

        CLASS   BANK61         

        CLASS   BANK60         

        CLASS   BANK59         

        CLASS   BANK58         

        CLASS   BANK57         

        CLASS   BANK56         

        CLASS   BANK55         

        CLASS   BANK54         

        CLASS   BANK53         

        CLASS   BANK52         

        CLASS   BANK51         

        CLASS   BANK50         

        CLASS   BANK49         

        CLASS   BANK48         

        CLASS   BANK47         

        CLASS   BANK46         

        CLASS   BANK45         

        CLASS   BANK44         

        CLASS   BANK43         

        CLASS   BANK42         

        CLASS   BANK41         

        CLASS   BANK40         

        CLASS   BANK39         

        CLASS   BANK38         

        CLASS   BANK37         

        CLASS   BANK36         

        CLASS   BANK35         

        CLASS   BANK34         

        CLASS   BANK33         

        CLASS   BANK32         

        CLASS   BANK31         

        CLASS   BANK30         

        CLASS   BANK29         

        CLASS   BANK28         

        CLASS   BANK27         

        CLASS   BANK26         



SEGMENTS        Name                           Load    Length   Top    Selector   Space  Class     Delta

                reset_vec                      000000  000003  000003         0       0  CODE        2
                text63                         000003  000001  000004         6       0  CODE        2
                intentry                       000004  0007FC  000800         8       0  CODE        2
                cstackBANK0                    000020  000050  000070        20       1  BANK0       1
                bssCOMMON                      000070  00000C  00007C        70       1  COMMON      1
                bssBANK1                       0000A0  00004D  0000ED        A0       1  BANK1       1
                bssBANK2                       000120  00003C  00015C       120       1  BANK2       1
                bssBANK3                       0001A0  000020  0001C0       1A0       1  BANK3       1
                text31                         000802  000014  000816      1004       0  CODE        2
                text35                         000816  000049  00085F      102C       0  CODE        2
                text43                         00085F  00004B  0008AA      10BE       0  CODE        2
                text39                         0008AA  000052  0008FC      1154       0  CODE        2
                text26                         0008FC  000065  000961      11F8       0  CODE        2
                text20                         000961  000066  0009C7      12C2       0  CODE        2
                text19                         0009C7  000096  000A5D      138E       0  CODE        2
                text17                         000A5D  00009C  000AF9      14BA       0  CODE        2
                text42                         000AF9  0000FC  000BF5      15F2       0  CODE        2
                text57                         000BF5  00014E  000D43      17EA       0  CODE        2
                text16                         000D43  000157  000E9A      1A86       0  CODE        2
                text18                         000E9A  000166  001000      1D34       0  CODE        2
                stringtext1                    001000  000060  001060      2000       0  STRCODE     2
                text64                         0013A9  000003  0013AC      2752       0  CODE        2
                text60                         0013AC  000003  0013AF      2758       0  CODE        2
                text47                         0013AF  000003  0013B2      275E       0  CODE        2
                text68                         0013B2  000004  0013B6      2764       0  CODE        2
                text62                         0013B6  000004  0013BA      276C       0  CODE        2
                text40                         0013BA  000005  0013BF      2774       0  CODE        2
                text54                         0013BF  000006  0013C5      277E       0  CODE        2
                text1                          0013C5  000006  0013CB      278A       0  CODE        2
                idataBANK2                     0013CB  000006  0013D1      2796       0  CODE        2
                idataBANK1                     0013D1  000007  0013D8      27A2       0  CODE        2
                text24                         0013D8  000008  0013E0      27B0       0  CODE        2
                text52                         0013E0  000009  0013E9      27C0       0  CODE        2
                text51                         0013E9  000009  0013F2      27D2       0  CODE        2
                text50                         0013F2  000009  0013FB      27E4       0  CODE        2
                text48                         0013FB  000009  001404      27F6       0  CODE        2
                text25                         001404  000009  00140D      2808       0  CODE        2
                text15                         00140D  000009  001416      281A       0  CODE        2
                text11                         001416  000009  00141F      282C       0  CODE        2
                text10                         00141F  000009  001428      283E       0  CODE        2
                text9                          001428  000009  001431      2850       0  CODE        2
                text8                          001431  000009  00143A      2862       0  CODE        2
                text5                          00143A  000009  001443      2874       0  CODE        2
                text3                          001443  00000A  00144D      2886       0  CODE        2
                text32                         00144D  00000B  001458      289A       0  CODE        2
                clrtext                        001458  00000C  001464      28B0       0  CODE        2
                inittext                       001464  00000C  001470      28C8       0  CODE        2
                text66                         001470  00000D  00147D      28E0       0  CODE        2
                text30                         00147D  00000F  00148C      28FA       0  CODE        2
                text14                         00148C  00000F  00149B      2918       0  CODE        2
                text41                         00149B  000010  0014AB      2936       0  CODE        2
                text59                         0014AB  000011  0014BC      2956       0  CODE        2
                text2                          0014BC  000012  0014CE      2978       0  CODE        2
                text49                         0014CE  000017  0014E5      299C       0  CODE        2
                text65                         0014E5  000018  0014FD      29CA       0  CODE        2
                text58                         0014FD  000018  001515      29FA       0  CODE        2
                text29                         001515  000018  00152D      2A2A       0  CODE        2
                text28                         00152D  000018  001545      2A5A       0  CODE        2
                text27                         001545  000019  00155E      2A8A       0  CODE        2
                text6                          00155E  00001C  00157A      2ABC       0  CODE        2
                text61                         00157A  00001E  001598      2AF4       0  CODE        2
                text44                         001598  000020  0015B8      2B30       0  CODE        2
                text36                         0015B8  000021  0015D9      2B70       0  CODE        2
                text38                         0015D9  000023  0015FC      2BB2       0  CODE        2
                text12                         0015FC  000026  001622      2BF8       0  CODE        2
                text37                         001622  00002A  00164C      2C44       0  CODE        2
                text34                         00164C  00002D  001679      2C98       0  CODE        2
                text4                          001679  00002F  0016A8      2CF2       0  CODE        2
                text55                         0016A8  000034  0016DC      2D50       0  CODE        2
                text56                         0016DC  000035  001711      2DB8       0  CODE        2
                text46                         001711  000035  001746      2E22       0  CODE        2
                text13                         001746  000036  00177C      2E8C       0  CODE        2
                maintext                       00177C  00003F  0017BB      2EF8       0  CODE        2
                text7                          0017BB  000045  001800      2F76       0  CODE        2
                config                         008007  000003  00800A     1000E       0  CONFIG      2


UNUSED ADDRESS RANGES

        Name                Unused          Largest block    Delta
        BANK1            000ED-000EF               3           1
        BANK10           00520-0056F              50           1
        BANK11           005A0-005EF              50           1
        BANK12           00620-0066F              50           1
        BANK13           006A0-006EF              50           1
        BANK14           00720-0076F              50           1
        BANK15           007A0-007EF              50           1
        BANK16           00820-0086F              50           1
        BANK17           008A0-008EF              50           1
        BANK18           00920-0096E              4F           1
        BANK2            0015C-0016F              14           1
        BANK3            001C0-001EF              30           1
        BANK4            00220-0026F              50           1
        BANK5            002A0-002EF              50           1
        BANK6            00320-0036F              50           1
        BANK7            003A0-003EF              50           1
        BANK8            00420-0046F              50           1
        BANK9            004A0-004EF              50           1
        BIGRAM           02000-027EF             7F0           1
        CODE             00800-00801               2           2
                         01060-013A8             349
                         01800-03FFF             800
        COMMON           0007C-0007D               2           1
        CONFIG           0800A-0800B               2           2
        CONST            00800-00801               2           2
                         01060-013A8             100
                         01800-03FFF             100
        EEDATA           0F000-0F0FF             100           2
        ENTRY            00800-00801               2           2
                         01060-013A8             100
                         01800-03FFF             100
        IDLOC            08000-08003               4           2
        RAM              000ED-000EF               3           1
                         0015C-0016F              14
                         001C0-001EF              30
                         00220-0026F              50
                         002A0-002EF              50
                         00320-0036F              50
                         003A0-003EF              50
                         00420-0046F              50
                         004A0-004EF              50
                         00520-0056F              50
                         005A0-005EF              50
                         00620-0066F              50
                         006A0-006EF              50
                         00720-0076F              50
                         007A0-007EF              50
                         00820-0086F              50
                         008A0-008EF              50
                         00920-0096E              4F
        SFR0             00000-0001F              20           1
        SFR1             00080-0009F              20           1
        SFR10            00500-0051F              20           1
        SFR11            00580-0059F              20           1
        SFR12            00600-0061F              20           1
        SFR13            00680-0069F              20           1
        SFR14            00700-0071F              20           1
        SFR15            00780-0079F              20           1
        SFR16            00800-0081F              20           1
        SFR17            00880-0089F              20           1
        SFR18            00900-0091F              20           1
        SFR19            00980-0099F              20           1
        SFR2             00100-0011F              20           1
        SFR20            00A00-00A1F              20           1
        SFR21            00A80-00A9F              20           1
        SFR22            00B00-00B1F              20           1
        SFR23            00B80-00B9F              20           1
        SFR24            00C00-00C1F              20           1
        SFR25            00C80-00C9F              20           1
        SFR26            00D00-00D6F              70           1
        SFR27            00D80-00DEF              70           1
        SFR28            00E00-00E6F              70           1
        SFR29            00E80-00EEF              70           1
        SFR3             00180-0019F              20           1
        SFR30            00F00-00F6F              70           1
        SFR31            00F80-00FEF              70           1
        SFR32            01000-0106F              70           1
        SFR33            01080-010EF              70           1
        SFR34            01100-0116F              70           1
        SFR35            01180-011EF              70           1
        SFR36            01200-0126F              70           1
        SFR37            01280-012EF              70           1
        SFR38            01300-0136F              70           1
        SFR39            01380-013EF              70           1
        SFR4             00200-0021F              20           1
        SFR40            01400-0146F              70           1
        SFR41            01480-014EF              70           1
        SFR42            01500-0156F              70           1
        SFR43            01580-015EF              70           1
        SFR44            01600-0166F              70           1
        SFR45            01680-016EF              70           1
        SFR46            01700-0176F              70           1
        SFR47            01780-017EF              70           1
        SFR48            01800-0186F              70           1
        SFR49            01880-018EF              70           1
        SFR5             00280-0029F              20           1
        SFR50            01900-0196F              70           1
        SFR51            01980-019EF              70           1
        SFR52            01A00-01A6F              70           1
        SFR53            01A80-01AEF              70           1
        SFR54            01B00-01B6F              70           1
        SFR55            01B80-01BEF              70           1
        SFR56            01C00-01C6F              70           1
        SFR57            01C80-01CEF              70           1
        SFR58            01D00-01D6F              70           1
        SFR59            01D80-01DEF              70           1
        SFR6             00300-0031F              20           1
        SFR60            01E00-01E6F              70           1
        SFR61            01E80-01EEF              70           1
        SFR62            01F00-01F6F              70           1
        SFR63            01F80-01FEF              70           1
        SFR7             00380-0039F              20           1
        SFR8             00400-0041F              20           1
        SFR9             00480-0049F              20           1
        STACK            02110-025EE             4DF           1
        STRCODE          00800-00801               2           2
                         01060-013A8             349
                         01800-03FFF            2800
        STRING           00800-00801               2           2
                         01060-013A8             100
                         01800-03FFF             100

                                  Symbol Table

?_CLOCK_getTime                                 cstackBANK0  00020
?__Umul8_16                                     cstackBANK0  00020
?___fldiv                                       cstackBANK0  0002E
?___flmul                                       cstackBANK0  00048
?___fltol                                       cstackBANK0  00062
?___lwdiv                                       cstackBANK0  00026
?___lwmod                                       cstackBANK0  00020
?___xxtofl                                      cstackBANK0  00020
?i1_CLOCK_getTime                               cstackCOMMON 00076
ADCC_SetADTIInterruptHandler@InterruptHandler   cstackBANK0  00020
ADCC_SetUpperThreshold@upperThreshold           cstackBANK0  00020
ADCC_StartConversion@channel                    cstackBANK0  00020
BEAT_task@offset                                cstackBANK0  00030
BUTTONS_isClicked@button                        cstackBANK0  00020
BUTTONS_isHeld@button                           cstackBANK0  00020
BUTTONS_task@btn                                cstackBANK0  00028
BUTTONS_task@i                                  cstackBANK0  00025
BUTTONS_task@time                               cstackBANK0  00026
CONTROLLER_task@active                          cstackBANK0  0004A
DMX_Task@time                                   cstackBANK1  000E1
EUSART1_SetErrorHandler@interruptHandler        cstackBANK0  00020
EUSART1_SetFramingErrorHandler@interruptHandler cstackBANK0  00020
EUSART1_SetOverrunErrorHandler@interruptHandler cstackBANK0  00020
EUSART1_SetRxInterruptHandler@interruptHandler  cstackBANK0  00020
EUSART1_SetTxInterruptHandler@interruptHandler  cstackBANK0  00020
I2C1_ISR@i2c_10bit_address_restart              bssBANK1     000C1
I2C1_ISR@i2c_address                            bssCOMMON    00074
I2C1_ISR@i2c_bytes_left                         bssBANK1     000C2
I2C1_ISR@pi2c_buf_ptr                           bssBANK1     000C3
I2C1_MasterRead@trBlock                         bssBANK2     00142
I2C1_MasterTRBInsert@count                      cstackBANK0  00023
I2C1_MasterTRBInsert@pflag                      cstackBANK0  00021
I2C1_MasterTRBInsert@ptrb_list                  cstackBANK0  00020
I2C1_MasterWrite@address                        cstackBANK0  00028
I2C1_MasterWrite@length                         cstackBANK0  00027
I2C1_MasterWrite@pdata                          cstackBANK0  0002D
I2C1_MasterWrite@pflag                          cstackBANK0  0002A
I2C1_MasterWrite@trBlock                        bssBANK2     00146
I2C1_MasterWriteTRBBuild@address                cstackBANK0  00022
I2C1_MasterWriteTRBBuild@length                 cstackBANK0  00021
I2C1_MasterWriteTRBBuild@pdata                  cstackBANK0  00020
I2C1_MasterWriteTRBBuild@ptrb                   cstackBANK0  00026
I2C1_Stop@completion_code                       cstackCOMMON 00077
LED_setColor@B                                  cstackBANK0  0006E
LED_setColor@G                                  cstackBANK0  0006D
LED_setColor@R                                  cstackBANK1  000D2
LED_setColor@W                                  cstackBANK0  0006F
TM1650_enable@enable                            cstackBANK0  00035
TM1650_fastPrintNum@array                       cstackBANK0  00042
TM1650_fastPrintNum@num                         cstackBANK0  0003B
TM1650_setDigit@charTable                       stringtext1  01000
TM1650_setDigit@data                            cstackBANK0  0003A
TM1650_setDigit@digit                           cstackBANK0  00039
TM1650_setDigit@dp                              cstackBANK0  00036
TM1650_setDigit@num                             cstackBANK0  00035
_ADACCH                                         (abs)        00097
_ADACCL                                         (abs)        00096
_ADACCU                                         (abs)        00098
_ADACQH                                         (abs)        0010D
_ADACQL                                         (abs)        0010C
_ADACT                                          (abs)        00117
_ADCAP                                          (abs)        0010E
_ADCC_ADTI_InterruptHandler                     nvBANK2      0014A
_ADCC_DefaultInterruptHandler                   text67       00002
_ADCC_Initialize                                text12       015FC
_ADCC_SetADTIInterruptHandler                   text52       013E0
_ADCC_SetUpperThreshold                         text51       013E9
_ADCC_StartConversion                           text50       013F2
_ADCC_ThresholdISR                              text66       01470
_ADCLK                                          (abs)        00118
_ADCNT                                          (abs)        00099
_ADCON0                                         (abs)        00111
_ADCON0bits                                     (abs)        00111
_ADCON1                                         (abs)        00112
_ADCON1bits                                     (abs)        00112
_ADCON2                                         (abs)        00113
_ADCON2bits                                     (abs)        00113
_ADCON3                                         (abs)        00114
_ADCON3bits                                     (abs)        00114
_ADERRH                                         (abs)        00091
_ADERRL                                         (abs)        00090
_ADFLTRH                                        (abs)        00095
_ADFLTRL                                        (abs)        00094
_ADLTHH                                         (abs)        0008D
_ADLTHL                                         (abs)        0008C
_ADPCH                                          (abs)        0009F
_ADPREH                                         (abs)        00110
_ADPREL                                         (abs)        0010F
_ADPREVH                                        (abs)        0009C
_ADPREVL                                        (abs)        0009B
_ADREF                                          (abs)        00116
_ADRESH                                         (abs)        0009E
_ADRESL                                         (abs)        0009D
_ADRPT                                          (abs)        0009A
_ADSTAT                                         (abs)        00115
_ADSTATbits                                     (abs)        00115
_ADSTPTH                                        (abs)        00093
_ADSTPTL                                        (abs)        00092
_ADUTHH                                         (abs)        0008F
_ADUTHL                                         (abs)        0008E
_ANSELA                                         (abs)        01F38
_ANSELB                                         (abs)        01F43
_ANSELC                                         (abs)        01F4E
_B                                              bssBANK1     000A7
_BAUD1CON                                       (abs)        0011F
_BAUD1CONbits                                   (abs)        0011F
_BEAT_detected                                  text25       01404
_BEAT_init                                      text49       014CE
_BEAT_task                                      text45       00708
_BUTTONS_init                                   text43       0085F
_BUTTONS_isClicked                              text31       00802
_BUTTONS_isHeld                                 text30       0147D
_BUTTONS_task                                   text42       00AF9
_CCP1CONbits                                    (abs)        0030E
_CCP2CONbits                                    (abs)        00312
_CCP3CONbits                                    (abs)        00316
_CCP4CONbits                                    (abs)        0031A
_CCPR1H                                         (abs)        0030D
_CCPR1L                                         (abs)        0030C
_CCPR2H                                         (abs)        00311
_CCPR2L                                         (abs)        00310
_CCPR3H                                         (abs)        00315
_CCPR3L                                         (abs)        00314
_CCPR4H                                         (abs)        00319
_CCPR4L                                         (abs)        00318
_CLOCK_getTime                                  text48       013FB
_CLOCK_init                                     text41       0149B
_CONTROLLER_init                                text32       0144D
_CONTROLLER_task                                text26       008FC
_ClockCurrentTime                               bssBANK1     000B5
_DMX_Mode                                       text24       013D8
_DMX_Task                                       text16       00D43
_DMX_init                                       text14       0148C
_EUSART1_DefaultErrorHandler                    text64       013A9
_EUSART1_DefaultFramingErrorHandler             text63       00003
_EUSART1_DefaultOverrunErrorHandler             text62       013B6
_EUSART1_ErrorHandler                           nvBANK2      0014C
_EUSART1_FramingErrorHandler                    nvBANK2      00150
_EUSART1_Initialize                             text7        017BB
_EUSART1_OverrunErrorHandler                    nvBANK2      0014E
_EUSART1_Receive_ISR                            text55       016A8
_EUSART1_RxDataHandler                          text65       014E5
_EUSART1_RxDefaultInterruptHandler              nvBANK2      00152
_EUSART1_SetErrorHandler                        text11       01416
_EUSART1_SetFramingErrorHandler                 text10       0141F
_EUSART1_SetOverrunErrorHandler                 text9        01428
_EUSART1_SetRxInterruptHandler                  text15       0140D
_EUSART1_SetTxInterruptHandler                  text8        01431
_EUSART1_Transmit_ISR                           text61       0157A
_EUSART1_TxDefaultInterruptHandler              nvBANK2      00154
_G                                              bssBANK1     000A9
_I2C1_BusCollisionISR                           text60       013AC
_I2C1_FunctionComplete                          text59       014AB
_I2C1_ISR                                       text57       00BF5
_I2C1_Initialize                                text6        0155E
_I2C1_MasterTRBInsert                           text39       008AA
_I2C1_MasterWrite                               text37       01622
_I2C1_MasterWriteTRBBuild                       text38       015D9
_I2C1_Stop                                      text58       014FD
_I2C1_WaitForLastPacketToComplete               text40       013BA
_INTCONbits                                     (abs)        0000B
_INTERRUPT_InterruptManager                     intentry     00004
_LATA                                           (abs)        00018
_LATB                                           (abs)        00019
_LATC                                           (abs)        0001A
_LATC5                                          (abs)        000D5
_LED_init                                       text13       01746
_LED_setColor                                   text18       00E9A
_ODCONA                                         (abs)        01F3A
_ODCONB                                         (abs)        01F45
_ODCONC                                         (abs)        01F50
_OSCCON1                                        (abs)        0088D
_OSCCON3                                        (abs)        0088F
_OSCEN                                          (abs)        00891
_OSCFRQ                                         (abs)        00893
_OSCILLATOR_Initialize                          text5        0143A
_OSCTUNE                                        (abs)        00892
_PIE0bits                                       (abs)        00716
_PIE1bits                                       (abs)        00717
_PIE3bits                                       (abs)        00719
_PIN_MANAGER_Initialize                         text4        01679
_PIR0bits                                       (abs)        0070C
_PIR1bits                                       (abs)        0070D
_PIR3bits                                       (abs)        0070F
_PMD0                                           (abs)        00796
_PMD1                                           (abs)        00797
_PMD2                                           (abs)        00798
_PMD3                                           (abs)        00799
_PMD4                                           (abs)        0079A
_PMD5                                           (abs)        0079B
_PMD6                                           (abs)        0079C
_PMD7                                           (abs)        0079D
_PMD_Initialize                                 text3        01443
_PORTA                                          (abs)        0000C
_PORTC                                          (abs)        0000E
_R                                              dataBANK1    000E5
_RA4PPS                                         (abs)        01F14
_RA5PPS                                         (abs)        01F15
_RB6PPS                                         (abs)        01F1E
_RC1REG                                         (abs)        00119
_RC1STA                                         (abs)        0011D
_RC1STAbits                                     (abs)        0011D
_RC3PPS                                         (abs)        01F23
_RC4PPS                                         (abs)        01F24
_RC6PPS                                         (abs)        01F26
_RC7PPS                                         (abs)        01F27
_RX1DTPPS                                       (abs)        01ECB
_RX1PPS                                         (abs)        01ECB
_SLRCONA                                        (abs)        01F3B
_SLRCONB                                        (abs)        01F46
_SLRCONC                                        (abs)        01F51
_SP1BRG                                         (abs)        0011B
_SP1BRGH                                        (abs)        0011C
_SP1BRGL                                        (abs)        0011B
_SSP1ADD                                        (abs)        0018D
_SSP1BUF                                        (abs)        0018C
_SSP1CLKPPS                                     (abs)        01EC5
_SSP1CON1                                       (abs)        00190
_SSP1CON1bits                                   (abs)        00190
_SSP1CON2bits                                   (abs)        00191
_SSP1CON3                                       (abs)        00192
_SSP1DATPPS                                     (abs)        01EC6
_SSP1STAT                                       (abs)        0018F
_SYSTEM_Initialize                              text2        014BC
_T0CON0bits                                     (abs)        0059E
_T0CON1bits                                     (abs)        0059F
_T2CLKCON                                       (abs)        00290
_T2CONbits                                      (abs)        0028E
_TM1650_enable                                  text29       01515
_TM1650_fastPrintNum                            text33       00097
_TM1650_fastPrintNum$2885                       cstackBANK0  00046
_TM1650_fastPrintNum$2886                       cstackBANK0  00040
_TM1650_fastPrintNum$2887                       cstackBANK0  0003E
_TM1650_init                                    text1        013C5
_TM1650_isEnabled                               text47       013AF
_TM1650_setDigit                                text35       00816
_TMR0H                                          (abs)        0059D
_TRISA                                          (abs)        00012
_TRISB                                          (abs)        00013
_TRISB4                                         (abs)        0009C
_TRISC                                          (abs)        00014
_TRISC3                                         (abs)        000A3
_TRISC4                                         (abs)        000A4
_TRISC5                                         (abs)        000A5
_TRISC6                                         (abs)        000A6
_TRISC7                                         (abs)        000A7
_TX1REG                                         (abs)        0011A
_TX1STA                                         (abs)        0011E
_TX1STAbits                                     (abs)        0011E
_WPUA                                           (abs)        01F39
_WPUB                                           (abs)        01F44
_WPUC                                           (abs)        01F4F
__CFG_FEXTOSC$OFF                               (abs)        00000
__CFG_WDTE$OFF                                  (abs)        00000
__Habs1                                         abs1         00000
__Hbank0                                        bank0        00000
__Hbank1                                        bank1        00000
__Hbank10                                       bank10       00000
__Hbank11                                       bank11       00000
__Hbank12                                       bank12       00000
__Hbank13                                       bank13       00000
__Hbank14                                       bank14       00000
__Hbank15                                       bank15       00000
__Hbank16                                       bank16       00000
__Hbank17                                       bank17       00000
__Hbank18                                       bank18       00000
__Hbank19                                       bank19       00000
__Hbank2                                        bank2        00000
__Hbank20                                       bank20       00000
__Hbank21                                       bank21       00000
__Hbank22                                       bank22       00000
__Hbank23                                       bank23       00000
__Hbank24                                       bank24       00000
__Hbank25                                       bank25       00000
__Hbank26                                       bank26       00000
__Hbank27                                       bank27       00000
__Hbank28                                       bank28       00000
__Hbank29                                       bank29       00000
__Hbank3                                        bank3        00000
__Hbank30                                       bank30       00000
__Hbank31                                       bank31       00000
__Hbank32                                       bank32       00000
__Hbank33                                       bank33       00000
__Hbank34                                       bank34       00000
__Hbank35                                       bank35       00000
__Hbank36                                       bank36       00000
__Hbank37                                       bank37       00000
__Hbank38                                       bank38       00000
__Hbank39                                       bank39       00000
__Hbank4                                        bank4        00000
__Hbank40                                       bank40       00000
__Hbank41                                       bank41       00000
__Hbank42                                       bank42       00000
__Hbank43                                       bank43       00000
__Hbank44                                       bank44       00000
__Hbank45                                       bank45       00000
__Hbank46                                       bank46       00000
__Hbank47                                       bank47       00000
__Hbank48                                       bank48       00000
__Hbank49                                       bank49       00000
__Hbank5                                        bank5        00000
__Hbank50                                       bank50       00000
__Hbank51                                       bank51       00000
__Hbank52                                       bank52       00000
__Hbank53                                       bank53       00000
__Hbank54                                       bank54       00000
__Hbank55                                       bank55       00000
__Hbank56                                       bank56       00000
__Hbank57                                       bank57       00000
__Hbank58                                       bank58       00000
__Hbank59                                       bank59       00000
__Hbank6                                        bank6        00000
__Hbank60                                       bank60       00000
__Hbank61                                       bank61       00000
__Hbank62                                       bank62       00000
__Hbank63                                       bank63       00000
__Hbank7                                        bank7        00000
__Hbank8                                        bank8        00000
__Hbank9                                        bank9        00000
__Hbigram                                       bigram       00000
__HbssBANK1                                     bssBANK1     00000
__HbssBANK2                                     bssBANK2     00000
__HbssBANK3                                     bssBANK3     00000
__HbssCOMMON                                    bssCOMMON    00000
__Hcinit                                        cinit        00097
__Hclrtext                                      clrtext      00000
__Hcode                                         code         00000
__Hcommon                                       common       00000
__Hconfig                                       config       0800A
__HcstackBANK0                                  cstackBANK0  00000
__HcstackBANK1                                  cstackBANK1  00000
__HcstackCOMMON                                 cstackCOMMON 00000
__HdataBANK1                                    dataBANK1    00000
__HdataBANK2                                    dataBANK2    00000
__Heeprom_data                                  eeprom_data  00000
__Hend_init                                     end_init     00046
__Hfunctab                                      functab      00000
__HidataBANK1                                   idataBANK1   00000
__HidataBANK2                                   idataBANK2   00000
__Hidloc                                        idloc        00000
__Hinit                                         init         00044
__Hinittext                                     inittext     00000
__Hintentry                                     intentry     00044
__Hmaintext                                     maintext     00000
__HnvBANK1                                      nvBANK1      00000
__HnvBANK2                                      nvBANK2      00000
__Hpowerup                                      powerup      00000
__Hram                                          ram          00000
__Hreset_vec                                    reset_vec    00002
__Hsfr0                                         sfr0         00000
__Hsfr1                                         sfr1         00000
__Hsfr10                                        sfr10        00000
__Hsfr11                                        sfr11        00000
__Hsfr12                                        sfr12        00000
__Hsfr13                                        sfr13        00000
__Hsfr14                                        sfr14        00000
__Hsfr15                                        sfr15        00000
__Hsfr16                                        sfr16        00000
__Hsfr17                                        sfr17        00000
__Hsfr18                                        sfr18        00000
__Hsfr19                                        sfr19        00000
__Hsfr2                                         sfr2         00000
__Hsfr20                                        sfr20        00000
__Hsfr21                                        sfr21        00000
__Hsfr22                                        sfr22        00000
__Hsfr23                                        sfr23        00000
__Hsfr24                                        sfr24        00000
__Hsfr25                                        sfr25        00000
__Hsfr26                                        sfr26        00000
__Hsfr27                                        sfr27        00000
__Hsfr28                                        sfr28        00000
__Hsfr29                                        sfr29        00000
__Hsfr3                                         sfr3         00000
__Hsfr30                                        sfr30        00000
__Hsfr31                                        sfr31        00000
__Hsfr32                                        sfr32        00000
__Hsfr33                                        sfr33        00000
__Hsfr34                                        sfr34        00000
__Hsfr35                                        sfr35        00000
__Hsfr36                                        sfr36        00000
__Hsfr37                                        sfr37        00000
__Hsfr38                                        sfr38        00000
__Hsfr39                                        sfr39        00000
__Hsfr4                                         sfr4         00000
__Hsfr40                                        sfr40        00000
__Hsfr41                                        sfr41        00000
__Hsfr42                                        sfr42        00000
__Hsfr43                                        sfr43        00000
__Hsfr44                                        sfr44        00000
__Hsfr45                                        sfr45        00000
__Hsfr46                                        sfr46        00000
__Hsfr47                                        sfr47        00000
__Hsfr48                                        sfr48        00000
__Hsfr49                                        sfr49        00000
__Hsfr5                                         sfr5         00000
__Hsfr50                                        sfr50        00000
__Hsfr51                                        sfr51        00000
__Hsfr52                                        sfr52        00000
__Hsfr53                                        sfr53        00000
__Hsfr54                                        sfr54        00000
__Hsfr55                                        sfr55        00000
__Hsfr56                                        sfr56        00000
__Hsfr57                                        sfr57        00000
__Hsfr58                                        sfr58        00000
__Hsfr59                                        sfr59        00000
__Hsfr6                                         sfr6         00000
__Hsfr60                                        sfr60        00000
__Hsfr61                                        sfr61        00000
__Hsfr62                                        sfr62        00000
__Hsfr63                                        sfr63        00000
__Hsfr7                                         sfr7         00000
__Hsfr8                                         sfr8         00000
__Hsfr9                                         sfr9         00000
__Hspace_0                                      (abs)        0800A
__Hspace_1                                      (abs)        001C0
__Hspace_2                                      (abs)        00000
__Hspace_3                                      (abs)        00000
__Hstack                                        stack        00000
__Hstrings                                      strings      00000
__Hstringtext1                                  stringtext1  00000
__Htext                                         text         00000
__Labs1                                         abs1         00000
__Lbank0                                        bank0        00000
__Lbank1                                        bank1        00000
__Lbank10                                       bank10       00000
__Lbank11                                       bank11       00000
__Lbank12                                       bank12       00000
__Lbank13                                       bank13       00000
__Lbank14                                       bank14       00000
__Lbank15                                       bank15       00000
__Lbank16                                       bank16       00000
__Lbank17                                       bank17       00000
__Lbank18                                       bank18       00000
__Lbank19                                       bank19       00000
__Lbank2                                        bank2        00000
__Lbank20                                       bank20       00000
__Lbank21                                       bank21       00000
__Lbank22                                       bank22       00000
__Lbank23                                       bank23       00000
__Lbank24                                       bank24       00000
__Lbank25                                       bank25       00000
__Lbank26                                       bank26       00000
__Lbank27                                       bank27       00000
__Lbank28                                       bank28       00000
__Lbank29                                       bank29       00000
__Lbank3                                        bank3        00000
__Lbank30                                       bank30       00000
__Lbank31                                       bank31       00000
__Lbank32                                       bank32       00000
__Lbank33                                       bank33       00000
__Lbank34                                       bank34       00000
__Lbank35                                       bank35       00000
__Lbank36                                       bank36       00000
__Lbank37                                       bank37       00000
__Lbank38                                       bank38       00000
__Lbank39                                       bank39       00000
__Lbank4                                        bank4        00000
__Lbank40                                       bank40       00000
__Lbank41                                       bank41       00000
__Lbank42                                       bank42       00000
__Lbank43                                       bank43       00000
__Lbank44                                       bank44       00000
__Lbank45                                       bank45       00000
__Lbank46                                       bank46       00000
__Lbank47                                       bank47       00000
__Lbank48                                       bank48       00000
__Lbank49                                       bank49       00000
__Lbank5                                        bank5        00000
__Lbank50                                       bank50       00000
__Lbank51                                       bank51       00000
__Lbank52                                       bank52       00000
__Lbank53                                       bank53       00000
__Lbank54                                       bank54       00000
__Lbank55                                       bank55       00000
__Lbank56                                       bank56       00000
__Lbank57                                       bank57       00000
__Lbank58                                       bank58       00000
__Lbank59                                       bank59       00000
__Lbank6                                        bank6        00000
__Lbank60                                       bank60       00000
__Lbank61                                       bank61       00000
__Lbank62                                       bank62       00000
__Lbank63                                       bank63       00000
__Lbank7                                        bank7        00000
__Lbank8                                        bank8        00000
__Lbank9                                        bank9        00000
__Lbigram                                       bigram       00000
__LbssBANK1                                     bssBANK1     00000
__LbssBANK2                                     bssBANK2     00000
__LbssBANK3                                     bssBANK3     00000
__LbssCOMMON                                    bssCOMMON    00000
__Lcinit                                        cinit        00046
__Lclrtext                                      clrtext      00000
__Lcode                                         code         00000
__Lcommon                                       common       00000
__Lconfig                                       config       08007
__LcstackBANK0                                  cstackBANK0  00000
__LcstackBANK1                                  cstackBANK1  00000
__LcstackCOMMON                                 cstackCOMMON 00000
__LdataBANK1                                    dataBANK1    00000
__LdataBANK2                                    dataBANK2    00000
__Leeprom_data                                  eeprom_data  00000
__Lend_init                                     end_init     00044
__Lfunctab                                      functab      00000
__LidataBANK1                                   idataBANK1   00000
__LidataBANK2                                   idataBANK2   00000
__Lidloc                                        idloc        00000
__Linit                                         init         00044
__Linittext                                     inittext     00000
__Lintentry                                     intentry     00004
__Lmaintext                                     maintext     00000
__LnvBANK1                                      nvBANK1      00000
__LnvBANK2                                      nvBANK2      00000
__Lpowerup                                      powerup      00000
__Lram                                          ram          00000
__Lreset_vec                                    reset_vec    00000
__Lsfr0                                         sfr0         00000
__Lsfr1                                         sfr1         00000
__Lsfr10                                        sfr10        00000
__Lsfr11                                        sfr11        00000
__Lsfr12                                        sfr12        00000
__Lsfr13                                        sfr13        00000
__Lsfr14                                        sfr14        00000
__Lsfr15                                        sfr15        00000
__Lsfr16                                        sfr16        00000
__Lsfr17                                        sfr17        00000
__Lsfr18                                        sfr18        00000
__Lsfr19                                        sfr19        00000
__Lsfr2                                         sfr2         00000
__Lsfr20                                        sfr20        00000
__Lsfr21                                        sfr21        00000
__Lsfr22                                        sfr22        00000
__Lsfr23                                        sfr23        00000
__Lsfr24                                        sfr24        00000
__Lsfr25                                        sfr25        00000
__Lsfr26                                        sfr26        00000
__Lsfr27                                        sfr27        00000
__Lsfr28                                        sfr28        00000
__Lsfr29                                        sfr29        00000
__Lsfr3                                         sfr3         00000
__Lsfr30                                        sfr30        00000
__Lsfr31                                        sfr31        00000
__Lsfr32                                        sfr32        00000
__Lsfr33                                        sfr33        00000
__Lsfr34                                        sfr34        00000
__Lsfr35                                        sfr35        00000
__Lsfr36                                        sfr36        00000
__Lsfr37                                        sfr37        00000
__Lsfr38                                        sfr38        00000
__Lsfr39                                        sfr39        00000
__Lsfr4                                         sfr4         00000
__Lsfr40                                        sfr40        00000
__Lsfr41                                        sfr41        00000
__Lsfr42                                        sfr42        00000
__Lsfr43                                        sfr43        00000
__Lsfr44                                        sfr44        00000
__Lsfr45                                        sfr45        00000
__Lsfr46                                        sfr46        00000
__Lsfr47                                        sfr47        00000
__Lsfr48                                        sfr48        00000
__Lsfr49                                        sfr49        00000
__Lsfr5                                         sfr5         00000
__Lsfr50                                        sfr50        00000
__Lsfr51                                        sfr51        00000
__Lsfr52                                        sfr52        00000
__Lsfr53                                        sfr53        00000
__Lsfr54                                        sfr54        00000
__Lsfr55                                        sfr55        00000
__Lsfr56                                        sfr56        00000
[...]
      Params:         0       0       0       0       0       0       0       0       0       0       0       0       0       0       0       0       0       0       0       0       0       0       0       0       0       0       0
      Locals:         0       0       0       0       0       0       0       0       0       0       0       0       0       0       0       0       0       0       0       0       0       0       0       0       0       0       0
      Temps:          1       0       0       0       0       0       0       0       0       0       0       0       0       0       0       0       0       0       0       0       0       0       0       0       0       0       0
      Totals:         1       0       0       0       0       0       0       0       0       0       0       0       0       0       0       0       0       0       0       0       0       0       0       0       0       0       0
Total ram usage:        1 bytes
 Hardware stack levels used:    1
 This function calls:
		Nothing
 This function is called by:
		_EUSART1_Initialize
		_INTERRUPT_InterruptManager
 This function uses a non-reentrant model


 *************** function _EUSART1_DefaultOverrunErrorHandler *****************
 Defined at:
		line 249 in file "mcc_generated_files/eusart1.c"
 Parameters:    Size  Location     Type
		None
 Auto vars:     Size  Location     Type
		None
 Return value:  Size  Location     Type
                  1    wreg      void 
 Registers used:
		None
 Tracked objects:
		On entry : 
		On exit  : 
		Unchanged: 
 Data sizes:     COMMON   BANK0   BANK1   BANK2   BANK3   BANK4   BANK5   BANK6   BANK7   BANK8   BANK9  BANK10  BANK11  BANK12  BANK13  BANK14  BANK15  BANK16  BANK17  BANK18  BANK19  BANK20  BANK21  BANK22  BANK23  BANK24  BANK25
      Params:         0       0       0       0       0       0       0       0       0       0       0       0       0       0       0       0       0       0       0       0       0       0       0       0       0       0       0
      Locals:         0       0       0       0       0       0       0       0       0       0       0       0       0       0       0       0       0       0       0       0       0       0       0       0       0       0       0
      Temps:          0       0       0       0       0       0       0       0       0       0       0       0       0       0       0       0       0       0       0       0       0       0       0       0       0       0       0
      Totals:         0       0       0       0       0       0       0       0       0       0       0       0       0       0       0       0       0       0       0       0       0       0       0       0       0       0       0
Total ram usage:        0 bytes
 Hardware stack levels used:    1
 This function calls:
		Nothing
 This function is called by:
		_EUSART1_Initialize
		_EUSART1_Receive_ISR
 This function uses a non-reentrant model


 *************** function _EUSART1_DefaultFramingErrorHandler *****************
 Defined at:
		line 247 in file "mcc_generated_files/eusart1.c"
 Parameters:    Size  Location     Type
		None
 Auto vars:     Size  Location     Type
		None
 Return value:  Size  Location     Type
                  1    wreg      void 
 Registers used:
		None
 Tracked objects:
		On entry : 
		On exit  : 
		Unchanged: 
 Data sizes:     COMMON   BANK0   BANK1   BANK2   BANK3   BANK4   BANK5   BANK6   BANK7   BANK8   BANK9  BANK10  BANK11  BANK12  BANK13  BANK14  BANK15  BANK16  BANK17  BANK18  BANK19  BANK20  BANK21  BANK22  BANK23  BANK24  BANK25
      Params:         0       0       0       0       0       0       0       0       0       0       0       0       0       0       0       0       0       0       0       0       0       0       0       0       0       0       0
      Locals:         0       0       0       0       0       0       0       0       0       0       0       0       0       0       0       0       0       0       0       0       0       0       0       0       0       0       0
      Temps:          0       0       0       0       0       0       0       0       0       0       0       0       0       0       0       0       0       0       0       0       0       0       0       0       0       0       0
      Totals:         0       0       0       0       0       0       0       0       0       0       0       0       0       0       0       0       0       0       0       0       0       0       0       0       0       0       0
Total ram usage:        0 bytes
 Hardware stack levels used:    1
 This function calls:
		Nothing
 This function is called by:
		_EUSART1_Initialize
		_EUSART1_Receive_ISR
 This function uses a non-reentrant model


 *************** function _EUSART1_DefaultErrorHandler *****************
 Defined at:
		line 257 in file "mcc_generated_files/eusart1.c"
 Parameters:    Size  Location     Type
		None
 Auto vars:     Size  Location     Type
		None
 Return value:  Size  Location     Type
                  1    wreg      void 
 Registers used:
		wreg, fsr1l, fsr1h, status,2, status,0, pclath, cstack
 Tracked objects:
		On entry : 
		On exit  : 
		Unchanged: 
 Data sizes:     COMMON   BANK0   BANK1   BANK2   BANK3   BANK4   BANK5   BANK6   BANK7   BANK8   BANK9  BANK10  BANK11  BANK12  BANK13  BANK14  BANK15  BANK16  BANK17  BANK18  BANK19  BANK20  BANK21  BANK22  BANK23  BANK24  BANK25
      Params:         0       0       0       0       0       0       0       0       0       0       0       0       0       0       0       0       0       0       0       0       0       0       0       0       0       0       0
      Locals:         0       0       0       0       0       0       0       0       0       0       0       0       0       0       0       0       0       0       0       0       0       0       0       0       0       0       0
      Temps:          0       0       0       0       0       0       0       0       0       0       0       0       0       0       0       0       0       0       0       0       0       0       0       0       0       0       0
      Totals:         0       0       0       0       0       0       0       0       0       0       0       0       0       0       0       0       0       0       0       0       0       0       0       0       0       0       0
Total ram usage:        0 bytes
 Hardware stack levels used:    1
 Hardware stack levels required when called:    1
 This function calls:
		_EUSART1_RxDataHandler
 This function is called by:
		_EUSART1_Initialize
		_EUSART1_Receive_ISR
 This function uses a non-reentrant model


 *************** function _EUSART1_RxDataHandler *****************
 Defined at:
		line 237 in file "mcc_generated_files/eusart1.c"
 Parameters:    Size  Location     Type
		None
 Auto vars:     Size  Location     Type
		None
 Return value:  Size  Location     Type
                  1    wreg      void 
 Registers used:
		wreg, fsr1l, fsr1h, status,2, status,0
 Tracked objects:
		On entry : 
		On exit  : 
		Unchanged: 
 Data sizes:     COMMON   BANK0   BANK1   BANK2   BANK3   BANK4   BANK5   BANK6   BANK7   BANK8   BANK9  BANK10  BANK11  BANK12  BANK13  BANK14  BANK15  BANK16  BANK17  BANK18  BANK19  BANK20  BANK21  BANK22  BANK23  BANK24  BANK25
      Params:         0       0       0       0       0       0       0       0       0       0       0       0       0       0       0       0       0       0       0       0       0       0       0       0       0       0       0
      Locals:         0       0       0       0       0       0       0       0       0       0       0       0       0       0       0       0       0       0       0       0       0       0       0       0       0       0       0
      Temps:          1       0       0       0       0       0       0       0       0       0       0       0       0       0       0       0       0       0       0       0       0       0       0       0       0       0       0
      Totals:         1       0       0       0       0       0       0       0       0       0       0       0       0       0       0       0       0       0       0       0       0       0       0       0       0       0       0
Total ram usage:        1 bytes
 Hardware stack levels used:    1
 This function calls:
		Nothing
 This function is called by:
		_EUSART1_Receive_ISR
		_EUSART1_DefaultErrorHandler
 This function uses a non-reentrant model


 *************** function _ADCC_ThresholdISR *****************
 Defined at:
		line 308 in file "mcc_generated_files/adcc.c"
 Parameters:    Size  Location     Type
		None
 Auto vars:     Size  Location     Type
		None
 Return value:  Size  Location     Type
                  1    wreg      void 
 Registers used:
		wreg, status,2, status,0, pclath, cstack
 Tracked objects:
		On entry : 
		On exit  : 
		Unchanged: 
 Data sizes:     COMMON   BANK0   BANK1   BANK2   BANK3   BANK4   BANK5   BANK6   BANK7   BANK8   BANK9  BANK10  BANK11  BANK12  BANK13  BANK14  BANK15  BANK16  BANK17  BANK18  BANK19  BANK20  BANK21  BANK22  BANK23  BANK24  BANK25
      Params:         0       0       0       0       0       0       0       0       0       0       0       0       0       0       0       0       0       0       0       0       0       0       0       0       0       0       0
      Locals:         0       0       0       0       0       0       0       0       0       0       0       0       0       0       0       0       0       0       0       0       0       0       0       0       0       0       0
      Temps:          0       0       0       0       0       0       0       0       0       0       0       0       0       0       0       0       0       0       0       0       0       0       0       0       0       0       0
      Totals:         0       0       0       0       0       0       0       0       0       0       0       0       0       0       0       0       0       0       0       0       0       0       0       0       0       0       0
Total ram usage:        0 bytes
 Hardware stack levels used:    1
 Hardware stack levels required when called:    1
 This function calls:
		Absolute function
		_ADCC_DefaultInterruptHandler
		_adcThresholdHandler
 This function is called by:
		_INTERRUPT_InterruptManager
 This function uses a non-reentrant model


 *************** function _ADCC_DefaultInterruptHandler *****************
 Defined at:
		line 320 in file "mcc_generated_files/adcc.c"
 Parameters:    Size  Location     Type
		None
 Auto vars:     Size  Location     Type
		None
 Return value:  Size  Location     Type
                  1    wreg      void 
 Registers used:
		None
 Tracked objects:
		On entry : 
		On exit  : 
		Unchanged: 
 Data sizes:     COMMON   BANK0   BANK1   BANK2   BANK3   BANK4   BANK5   BANK6   BANK7   BANK8   BANK9  BANK10  BANK11  BANK12  BANK13  BANK14  BANK15  BANK16  BANK17  BANK18  BANK19  BANK20  BANK21  BANK22  BANK23  BANK24  BANK25
      Params:         0       0       0       0       0       0       0       0       0       0       0       0       0       0       0       0       0       0       0       0       0       0       0       0       0       0       0
      Locals:         0       0       0       0       0       0       0       0       0       0       0       0       0       0       0       0       0       0       0       0       0       0       0       0       0       0       0
      Temps:          0       0       0       0       0       0       0       0       0       0       0       0       0       0       0       0       0       0       0       0       0       0       0       0       0       0       0
      Totals:         0       0       0       0       0       0       0       0       0       0       0       0       0       0       0       0       0       0       0       0       0       0       0       0       0       0       0
Total ram usage:        0 bytes
 Hardware stack levels used:    1
 This function calls:
		Nothing
 This function is called by:
		_ADCC_Initialize
		_ADCC_ThresholdISR
 This function uses a non-reentrant model


 *************** function _adcThresholdHandler *****************
 Defined at:
		line 32 in file "beat.c"
 Parameters:    Size  Location     Type
		None
 Auto vars:     Size  Location     Type
		None
 Return value:  Size  Location     Type
                  1    wreg      void 
 Registers used:
		None
 Tracked objects:
		On entry : 
		On exit  : 
		Unchanged: 
 Data sizes:     COMMON   BANK0   BANK1   BANK2   BANK3   BANK4   BANK5   BANK6   BANK7   BANK8   BANK9  BANK10  BANK11  BANK12  BANK13  BANK14  BANK15  BANK16  BANK17  BANK18  BANK19  BANK20  BANK21  BANK22  BANK23  BANK24  BANK25
      Params:         0       0       0       0       0       0       0       0       0       0       0       0       0       0       0       0       0       0       0       0       0       0       0       0       0       0       0
      Locals:         0       0       0       0       0       0       0       0       0       0       0       0       0       0       0       0       0       0       0       0       0       0       0       0       0       0       0
      Temps:          0       0       0       0       0       0       0       0       0       0       0       0       0       0       0       0       0       0       0       0       0       0       0       0       0       0       0
      Totals:         0       0       0       0       0       0       0       0       0       0       0       0       0       0       0       0       0       0       0       0       0       0       0       0       0       0       0
Total ram usage:        0 bytes
 Hardware stack levels used:    1
 This function calls:
		Nothing
 This function is called by:
		_BEAT_init
		_ADCC_ThresholdISR
 This function uses a non-reentrant model



MODULE INFORMATION

Module		Function		Class		Link	Load	Size
C:\Program Files (x86)\Microchip\xc8\v2.05\pic\sources\c99\common\lwmod.c
		___lwmod       		CODE           	164C	0000	46

C:\Program Files (x86)\Microchip\xc8\v2.05\pic\sources\c99\common\lwmod.c estimated size: 46

clock.c
		_CLOCK_getTime 		CODE           	13FB	0000	10
		_CLOCK_init    		CODE           	149B	0000	17

clock.c estimated size: 27

mcc_generated_files/interrupt_manager.c
		_INTERRUPT_InterruptManager		CODE           	0004	0000	65

mcc_generated_files/interrupt_manager.c estimated size: 65

mcc_generated_files/i2c1.c
		_I2C1_BusCollisionISR		CODE           	13AC	0000	4
		_I2C1_FunctionComplete		CODE           	14AB	0000	18
		_I2C1_MasterWriteTRBBuild		CODE           	15D9	0000	36
		_I2C1_ISR      		CODE           	0BF5	0000	335
		_I2C1_MasterWrite		CODE           	1622	0000	43
		_I2C1_Initialize		CODE           	155E	0000	29
		_I2C1_Stop     		CODE           	14FD	0000	25
		_I2C1_WaitForLastPacketToComplete		CODE           	13BA	0000	6
		_I2C1_MasterTRBInsert		CODE           	08AA	0000	83

mcc_generated_files/i2c1.c estimated size: 579

mcc_generated_files/pin_manager.c
		_PIN_MANAGER_Initialize		CODE           	1679	0000	48

mcc_generated_files/pin_manager.c estimated size: 48

C:\Program Files (x86)\Microchip\xc8\v2.05\pic\sources\c99\common\xxtofl.c
		___xxtofl      		CODE           	09C7	0000	151

C:\Program Files (x86)\Microchip\xc8\v2.05\pic\sources\c99\common\xxtofl.c estimated size: 151

buttons.c
		_BUTTONS_task  		CODE           	0AF9	0000	253
		_BUTTONS_init  		CODE           	085F	0000	76
		_init          		CODE           	1598	0000	33
		_BUTTONS_isClicked		CODE           	0802	0000	21
		_BUTTONS_isHeld		CODE           	147D	0000	16

buttons.c estimated size: 399

C:\Program Files (x86)\Microchip\xc8\v2.05\pic\sources\c99\common\lwdiv.c
		___lwdiv       		CODE           	1711	0000	54

C:\Program Files (x86)\Microchip\xc8\v2.05\pic\sources\c99\common\lwdiv.c estimated size: 54

C:\Program Files (x86)\Microchip\xc8\v2.05\pic\sources\c99\common\fltol.c
		___fltol       		CODE           	0961	0000	103

C:\Program Files (x86)\Microchip\xc8\v2.05\pic\sources\c99\common\fltol.c estimated size: 103

C:\Program Files (x86)\Microchip\xc8\v2.05\pic\sources\c99\common\sprcmul.c
		___flmul       		CODE           	0362	0000	557

C:\Program Files (x86)\Microchip\xc8\v2.05\pic\sources\c99\common\sprcmul.c estimated size: 557

C:\Program Files (x86)\Microchip\xc8\v2.05\pic\sources\c99\common\sprcdiv.c
		___fldiv       		CODE           	058E	0000	379

C:\Program Files (x86)\Microchip\xc8\v2.05\pic\sources\c99\common\sprcdiv.c estimated size: 379

shared
		__initialization		CODE           	0046	0000	78
		TM1650_setDigit@charTable		STRCODE        	1000	0000	97
		i1_CLOCK_getTime		CODE           	13BF	0000	7

shared estimated size: 182

mcc_generated_files/eusart1.c
		_EUSART1_SetRxInterruptHandler		CODE           	140D	0000	10
		_EUSART1_SetTxInterruptHandler		CODE           	1431	0000	10
		_EUSART1_Initialize		CODE           	17BB	0000	70
		_EUSART1_DefaultErrorHandler		CODE           	13A9	0000	4
		_EUSART1_SetFramingErrorHandler		CODE           	141F	0000	10
		_EUSART1_SetOverrunErrorHandler		CODE           	1428	0000	10
		_EUSART1_SetErrorHandler		CODE           	1416	0000	10
		_EUSART1_Receive_ISR		CODE           	16A8	0000	53
		_EUSART1_RxDataHandler		CODE           	14E5	0000	25
		_EUSART1_DefaultOverrunErrorHandler		CODE           	13B6	0000	5
		_EUSART1_Transmit_ISR		CODE           	157A	0000	31
		_EUSART1_DefaultFramingErrorHandler		CODE           	0003	0000	2

mcc_generated_files/eusart1.c estimated size: 240

mcc_generated_files/mcc.c
		_PMD_Initialize		CODE           	1443	0000	11
		_OSCILLATOR_Initialize		CODE           	143A	0000	10
		_SYSTEM_Initialize		CODE           	14BC	0000	19

mcc_generated_files/mcc.c estimated size: 40

controller.c
		_CONTROLLER_task		CODE           	08FC	0000	102
		_CONTROLLER_init		CODE           	144D	0000	12
		_address_dec   		CODE           	152D	0000	25
		_address_inc   		CODE           	1545	0000	26

controller.c estimated size: 165

tm1650.c
		_TM1650_init   		CODE           	13C5	0000	7
		_TM1650_isEnabled		CODE           	13AF	0000	4
		_TM1650_enable 		CODE           	1515	0000	25
		_TM1650_fastPrintNum		CODE           	0097	0000	716
		_writeData     		CODE           	15B8	0000	34
		_TM1650_setDigit		CODE           	0816	0000	74

tm1650.c estimated size: 860

mcc_generated_files/adcc.c
		_ADCC_DefaultInterruptHandler		CODE           	0002	0000	2
		_ADCC_SetADTIInterruptHandler		CODE           	13E0	0000	10
		_ADCC_ThresholdISR		CODE           	1470	0000	14
		_ADCC_StartConversion		CODE           	13F2	0000	10
		_ADCC_Initialize		CODE           	15FC	0000	39
		_ADCC_SetUpperThreshold		CODE           	13E9	0000	10

mcc_generated_files/adcc.c estimated size: 85

dmx.c
		_animation1    		CODE           	0A5D	0000	157
		_DMX_Task      		CODE           	0D43	0000	344
		_handler       		CODE           	16DC	0000	54
		_DMX_init      		CODE           	148C	0000	16
		_LED_init      		CODE           	1746	0000	55
		_DMX_Mode      		CODE           	13D8	0000	9
		_LED_setColor  		CODE           	0E9A	0000	359

dmx.c estimated size: 994

C:\Program Files (x86)\Microchip\xc8\v2.05\pic\sources\c99\common\Umul8_16.c
		__Umul8_16     		CODE           	07E0	0000	33

C:\Program Files (x86)\Microchip\xc8\v2.05\pic\sources\c99\common\Umul8_16.c estimated size: 33

main.c
		_main          		CODE           	177C	0000	64

main.c estimated size: 64

beat.c
		_BEAT_task     		CODE           	0708	0000	217
		_BEAT_init     		CODE           	14CE	0000	24
		_BEAT_detected 		CODE           	1404	0000	10
		_adcThresholdHandler		CODE           	13B2	0000	5

beat.c estimated size: 256

